Starting Portfolio Value: 10000
2025-04-15, Candle 60 | Date: 2025-04-15 | Close: 37.725
2025-04-15, BUY EXECUTED, Price: 37.76, Cost: 377.60, Comm 0.38
2025-04-15, Candle 61 | Date: 2025-04-15 | Close: 37.7699
2025-04-15, Candle 62 | Date: 2025-04-15 | Close: 37.7451
2025-04-15, Candle 63 | Date: 2025-04-15 | Close: 37.7499
2025-04-15, Candle 64 | Date: 2025-04-15 | Close: 37.71
2025-04-15, Candle 65 | Date: 2025-04-15 | Close: 37.79
2025-04-15, Candle 66 | Date: 2025-04-15 | Close: 37.79
2025-04-15, Candle 67 | Date: 2025-04-15 | Close: 37.835
2025-04-15, Candle 68 | Date: 2025-04-15 | Close: 37.7698
2025-04-15, Candle 69 | Date: 2025-04-15 | Close: 37.72
2025-04-15, Candle 70 | Date: 2025-04-15 | Close: 37.67
2025-04-15, Candle 71 | Date: 2025-04-15 | Close: 37.62
2025-04-15, Candle 72 | Date: 2025-04-15 | Close: 37.58
2025-04-15, Candle 73 | Date: 2025-04-15 | Close: 37.5799
2025-04-15, Candle 74 | Date: 2025-04-15 | Close: 37.62
2025-04-15, Candle 75 | Date: 2025-04-15 | Close: 37.69
2025-04-15, Candle 76 | Date: 2025-04-15 | Close: 37.62
2025-04-15, Candle 77 | Date: 2025-04-15 | Close: 37.64
2025-04-15, Candle 78 | Date: 2025-04-15 | Close: 37.66
2025-04-15, Candle 79 | Date: 2025-04-15 | Close: 37.64
2025-04-15, Candle 80 | Date: 2025-04-15 | Close: 37.6699
2025-04-15, Candle 81 | Date: 2025-04-15 | Close: 37.6616
2025-04-15, Candle 82 | Date: 2025-04-15 | Close: 37.62
2025-04-15, Candle 83 | Date: 2025-04-15 | Close: 37.665
2025-04-15, Candle 84 | Date: 2025-04-15 | Close: 37.64
2025-04-15, Candle 85 | Date: 2025-04-15 | Close: 37.62
2025-04-15, Candle 86 | Date: 2025-04-15 | Close: 37.6
2025-04-15, Candle 87 | Date: 2025-04-15 | Close: 37.65
2025-04-15, Candle 88 | Date: 2025-04-15 | Close: 37.64
2025-04-15, Candle 89 | Date: 2025-04-15 | Close: 37.6751
2025-04-15, Candle 90 | Date: 2025-04-15 | Close: 37.64
2025-04-15, Candle 91 | Date: 2025-04-15 | Close: 37.575
2025-04-15, Candle 92 | Date: 2025-04-15 | Close: 37.55
2025-04-15, Candle 93 | Date: 2025-04-15 | Close: 37.56
2025-04-15, Candle 94 | Date: 2025-04-15 | Close: 37.59
2025-04-15, Candle 95 | Date: 2025-04-15 | Close: 37.5836
2025-04-15, Candle 96 | Date: 2025-04-15 | Close: 37.58
2025-04-15, Candle 97 | Date: 2025-04-15 | Close: 37.49
2025-04-15, Candle 98 | Date: 2025-04-15 | Close: 37.45
2025-04-15, Candle 99 | Date: 2025-04-15 | Close: 37.415
2025-04-15, Candle 100 | Date: 2025-04-15 | Close: 37.42
2025-04-15, Candle 101 | Date: 2025-04-15 | Close: 37.45
2025-04-15, Candle 102 | Date: 2025-04-15 | Close: 37.3151
2025-04-15, Candle 103 | Date: 2025-04-15 | Close: 37.3294
2025-04-15, Candle 104 | Date: 2025-04-15 | Close: 37.37
2025-04-15, Candle 105 | Date: 2025-04-15 | Close: 37.3851
2025-04-15, Candle 106 | Date: 2025-04-15 | Close: 37.3945
2025-04-15, Candle 107 | Date: 2025-04-15 | Close: 37.4
2025-04-15, Candle 108 | Date: 2025-04-15 | Close: 37.42
2025-04-15, Candle 109 | Date: 2025-04-15 | Close: 37.32
2025-04-15, Candle 110 | Date: 2025-04-15 | Close: 37.3001
2025-04-15, Candle 111 | Date: 2025-04-15 | Close: 37.2699
2025-04-15, Candle 112 | Date: 2025-04-15 | Close: 37.299
2025-04-15, Candle 113 | Date: 2025-04-15 | Close: 37.26
2025-04-15, Candle 114 | Date: 2025-04-15 | Close: 37.3
2025-04-15, Candle 115 | Date: 2025-04-15 | Close: 37.29
2025-04-15, Candle 116 | Date: 2025-04-15 | Close: 37.25
2025-04-15, Candle 117 | Date: 2025-04-15 | Close: 37.2501
2025-04-15, Candle 118 | Date: 2025-04-15 | Close: 37.245
2025-04-15, Candle 119 | Date: 2025-04-15 | Close: 37.235
2025-04-15, Candle 120 | Date: 2025-04-15 | Close: 37.19
2025-04-15, Candle 121 | Date: 2025-04-15 | Close: 37.26
2025-04-15, Candle 122 | Date: 2025-04-15 | Close: 37.23
2025-04-16, Candle 123 | Date: 2025-04-16 | Close: 37.14
2025-04-16, Candle 124 | Date: 2025-04-16 | Close: 37.22
2025-04-16, Candle 125 | Date: 2025-04-16 | Close: 37.24
2025-04-16, Candle 126 | Date: 2025-04-16 | Close: 37.24
2025-04-16, Candle 127 | Date: 2025-04-16 | Close: 37.080002
2025-04-16, Candle 128 | Date: 2025-04-16 | Close: 37.099998
2025-04-16, Candle 129 | Date: 2025-04-16 | Close: 37.19
2025-04-16, Candle 130 | Date: 2025-04-16 | Close: 37.25
2025-04-16, Candle 131 | Date: 2025-04-16 | Close: 37.2197
2025-04-16, Candle 132 | Date: 2025-04-16 | Close: 37.24
2025-04-16, Candle 133 | Date: 2025-04-16 | Close: 37.42
2025-04-16, Candle 134 | Date: 2025-04-16 | Close: 37.4
2025-04-16, Candle 135 | Date: 2025-04-16 | Close: 37.415
2025-04-16, Candle 136 | Date: 2025-04-16 | Close: 37.355
2025-04-16, Candle 137 | Date: 2025-04-16 | Close: 37.535
2025-04-16, Candle 138 | Date: 2025-04-16 | Close: 37.55
2025-04-16, Candle 139 | Date: 2025-04-16 | Close: 37.525
2025-04-16, Candle 140 | Date: 2025-04-16 | Close: 37.5
2025-04-16, Candle 141 | Date: 2025-04-16 | Close: 37.53
2025-04-16, Candle 142 | Date: 2025-04-16 | Close: 37.485
2025-04-16, Candle 143 | Date: 2025-04-16 | Close: 37.57
2025-04-16, Candle 144 | Date: 2025-04-16 | Close: 37.62
2025-04-16, Candle 145 | Date: 2025-04-16 | Close: 37.69
2025-04-16, the Volume is True | the RSI is 78.65853658536552 Trend is True Nearliquidity True
2025-04-16, Candle 146 | Date: 2025-04-16 | Close: 37.71
2025-04-16, Candle 147 | Date: 2025-04-16 | Close: 37.635
2025-04-16, Candle 148 | Date: 2025-04-16 | Close: 37.68
2025-04-16, Candle 149 | Date: 2025-04-16 | Close: 37.65
2025-04-16, Candle 150 | Date: 2025-04-16 | Close: 37.66
2025-04-16, Candle 151 | Date: 2025-04-16 | Close: 37.6
2025-04-16, Candle 152 | Date: 2025-04-16 | Close: 37.61
2025-04-16, Candle 153 | Date: 2025-04-16 | Close: 37.69
2025-04-16, Candle 154 | Date: 2025-04-16 | Close: 37.7
2025-04-16, Candle 155 | Date: 2025-04-16 | Close: 37.67
2025-04-16, Candle 156 | Date: 2025-04-16 | Close: 37.6301
2025-04-16, Candle 157 | Date: 2025-04-16 | Close: 37.5916
2025-04-16, Candle 158 | Date: 2025-04-16 | Close: 37.6193
2025-04-16, Candle 159 | Date: 2025-04-16 | Close: 37.65
2025-04-16, Candle 160 | Date: 2025-04-16 | Close: 37.56
2025-04-16, Candle 161 | Date: 2025-04-16 | Close: 37.64
2025-04-16, Candle 162 | Date: 2025-04-16 | Close: 37.6501
2025-04-16, Candle 163 | Date: 2025-04-16 | Close: 37.7099
2025-04-16, Candle 164 | Date: 2025-04-16 | Close: 37.69
2025-04-16, Candle 165 | Date: 2025-04-16 | Close: 37.77
2025-04-16, Candle 166 | Date: 2025-04-16 | Close: 37.755
2025-04-16, Candle 167 | Date: 2025-04-16 | Close: 37.76
2025-04-16, Candle 168 | Date: 2025-04-16 | Close: 37.8027
2025-04-16, Candle 169 | Date: 2025-04-16 | Close: 37.79
2025-04-16, Candle 170 | Date: 2025-04-16 | Close: 37.82
2025-04-16, Candle 171 | Date: 2025-04-16 | Close: 37.64
2025-04-16, Candle 172 | Date: 2025-04-16 | Close: 37.63
2025-04-16, Candle 173 | Date: 2025-04-16 | Close: 37.4
2025-04-16, Candle 174 | Date: 2025-04-16 | Close: 37.235
2025-04-16, Candle 175 | Date: 2025-04-16 | Close: 37.12
2025-04-16, Candle 176 | Date: 2025-04-16 | Close: 36.93
2025-04-16, Candle 177 | Date: 2025-04-16 | Close: 37.13
2025-04-16, Candle 178 | Date: 2025-04-16 | Close: 37.2
2025-04-16, Candle 179 | Date: 2025-04-16 | Close: 37.32
2025-04-16, Candle 180 | Date: 2025-04-16 | Close: 37.1901
2025-04-16, Candle 181 | Date: 2025-04-16 | Close: 37.34
2025-04-16, Candle 182 | Date: 2025-04-16 | Close: 37.42
2025-04-16, Candle 183 | Date: 2025-04-16 | Close: 37.35
2025-04-16, Candle 184 | Date: 2025-04-16 | Close: 37.19
2025-04-16, Candle 185 | Date: 2025-04-16 | Close: 37.1236
2025-04-16, Candle 186 | Date: 2025-04-16 | Close: 37.14
2025-04-16, Candle 187 | Date: 2025-04-16 | Close: 37.22
2025-04-16, Candle 188 | Date: 2025-04-16 | Close: 37.235
2025-04-16, Candle 189 | Date: 2025-04-16 | Close: 37.25
2025-04-16, Candle 190 | Date: 2025-04-16 | Close: 37.23
2025-04-16, Candle 191 | Date: 2025-04-16 | Close: 37.31
2025-04-16, Candle 192 | Date: 2025-04-16 | Close: 37.2
2025-04-16, Candle 193 | Date: 2025-04-16 | Close: 37.15
2025-04-16, Candle 194 | Date: 2025-04-16 | Close: 37.15
2025-04-16, Candle 195 | Date: 2025-04-16 | Close: 37.19
2025-04-16, Candle 196 | Date: 2025-04-16 | Close: 37.2203
2025-04-16, Candle 197 | Date: 2025-04-16 | Close: 37.3
2025-04-16, Candle 198 | Date: 2025-04-16 | Close: 37.34
2025-04-16, the Volume is True | the RSI is 72.5776965265077 Trend is True Nearliquidity True
2025-04-16, Candle 199 | Date: 2025-04-16 | Close: 37.42
2025-04-16, Candle 200 | Date: 2025-04-16 | Close: 37.38
2025-04-17, Candle 201 | Date: 2025-04-17 | Close: 37.45
2025-04-17, Candle 202 | Date: 2025-04-17 | Close: 37.39
2025-04-17, Candle 203 | Date: 2025-04-17 | Close: 37.487
2025-04-17, Candle 204 | Date: 2025-04-17 | Close: 37.43
2025-04-17, Candle 205 | Date: 2025-04-17 | Close: 37.485
2025-04-17, Candle 206 | Date: 2025-04-17 | Close: 37.42
2025-04-17, Candle 207 | Date: 2025-04-17 | Close: 37.35
2025-04-17, Candle 208 | Date: 2025-04-17 | Close: 37.3
2025-04-17, Candle 209 | Date: 2025-04-17 | Close: 37.34
2025-04-17, Candle 210 | Date: 2025-04-17 | Close: 37.2697
2025-04-17, Candle 211 | Date: 2025-04-17 | Close: 37.255
2025-04-17, Candle 212 | Date: 2025-04-17 | Close: 37.24
2025-04-17, Candle 213 | Date: 2025-04-17 | Close: 37.21
2025-04-17, Candle 214 | Date: 2025-04-17 | Close: 37.165
2025-04-17, Candle 215 | Date: 2025-04-17 | Close: 37.29
2025-04-17, Candle 216 | Date: 2025-04-17 | Close: 37.32
2025-04-17, Candle 217 | Date: 2025-04-17 | Close: 37.3
2025-04-17, Candle 218 | Date: 2025-04-17 | Close: 37.26
2025-04-17, Candle 219 | Date: 2025-04-17 | Close: 37.295
2025-04-17, Candle 220 | Date: 2025-04-17 | Close: 37.4197
2025-04-17, Candle 221 | Date: 2025-04-17 | Close: 37.5
2025-04-17, Candle 222 | Date: 2025-04-17 | Close: 37.51
2025-04-17, Candle 223 | Date: 2025-04-17 | Close: 37.4551
2025-04-17, Candle 224 | Date: 2025-04-17 | Close: 37.42
2025-04-17, Candle 225 | Date: 2025-04-17 | Close: 37.485
2025-04-17, Candle 226 | Date: 2025-04-17 | Close: 37.535
2025-04-17, Candle 227 | Date: 2025-04-17 | Close: 37.51
2025-04-17, Candle 228 | Date: 2025-04-17 | Close: 37.495
2025-04-17, Candle 229 | Date: 2025-04-17 | Close: 37.4863
2025-04-17, Candle 230 | Date: 2025-04-17 | Close: 37.4775
2025-04-17, Candle 231 | Date: 2025-04-17 | Close: 37.44
2025-04-17, Candle 232 | Date: 2025-04-17 | Close: 37.585
2025-04-17, Candle 233 | Date: 2025-04-17 | Close: 37.49
2025-04-17, Candle 234 | Date: 2025-04-17 | Close: 37.58
2025-04-17, Candle 235 | Date: 2025-04-17 | Close: 37.655
2025-04-17, Candle 236 | Date: 2025-04-17 | Close: 37.65
2025-04-17, Candle 237 | Date: 2025-04-17 | Close: 37.675
2025-04-17, Candle 238 | Date: 2025-04-17 | Close: 37.63
2025-04-17, Candle 239 | Date: 2025-04-17 | Close: 37.595
2025-04-17, Candle 240 | Date: 2025-04-17 | Close: 37.5901
2025-04-17, Candle 241 | Date: 2025-04-17 | Close: 37.63
2025-04-17, Candle 242 | Date: 2025-04-17 | Close: 37.67
2025-04-17, Candle 243 | Date: 2025-04-17 | Close: 37.68
2025-04-17, Candle 244 | Date: 2025-04-17 | Close: 37.71
2025-04-17, Candle 245 | Date: 2025-04-17 | Close: 37.6896
2025-04-17, Candle 246 | Date: 2025-04-17 | Close: 37.6401
2025-04-17, Candle 247 | Date: 2025-04-17 | Close: 37.67
2025-04-17, Candle 248 | Date: 2025-04-17 | Close: 37.7
2025-04-17, Candle 249 | Date: 2025-04-17 | Close: 37.75
2025-04-17, Candle 250 | Date: 2025-04-17 | Close: 37.76
2025-04-17, Candle 251 | Date: 2025-04-17 | Close: 37.72
2025-04-17, Candle 252 | Date: 2025-04-17 | Close: 37.755
2025-04-17, the Volume is True | the RSI is 71.97265624999972 Trend is True Nearliquidity True
2025-04-17, Candle 253 | Date: 2025-04-17 | Close: 37.775
2025-04-17, Candle 254 | Date: 2025-04-17 | Close: 37.75
2025-04-17, Candle 255 | Date: 2025-04-17 | Close: 37.755
2025-04-17, Candle 256 | Date: 2025-04-17 | Close: 37.8199
2025-04-17, Candle 257 | Date: 2025-04-17 | Close: 37.83
2025-04-17, Candle 258 | Date: 2025-04-17 | Close: 37.855
2025-04-17, Candle 259 | Date: 2025-04-17 | Close: 37.88
2025-04-17, Candle 260 | Date: 2025-04-17 | Close: 37.83
2025-04-17, the Volume is True | the RSI is 72.28915662650549 Trend is True Nearliquidity True
2025-04-17, Candle 261 | Date: 2025-04-17 | Close: 37.855
2025-04-17, Candle 262 | Date: 2025-04-17 | Close: 37.895
2025-04-17, Candle 263 | Date: 2025-04-17 | Close: 37.86
2025-04-17, Candle 264 | Date: 2025-04-17 | Close: 37.77
2025-04-17, Candle 265 | Date: 2025-04-17 | Close: 37.8
2025-04-17, Candle 266 | Date: 2025-04-17 | Close: 37.66
2025-04-17, Candle 267 | Date: 2025-04-17 | Close: 37.72
2025-04-17, Candle 268 | Date: 2025-04-17 | Close: 37.73
2025-04-17, Candle 269 | Date: 2025-04-17 | Close: 37.67
2025-04-17, Candle 270 | Date: 2025-04-17 | Close: 37.625
2025-04-17, Candle 271 | Date: 2025-04-17 | Close: 37.6
2025-04-17, Candle 272 | Date: 2025-04-17 | Close: 37.56
2025-04-17, Candle 273 | Date: 2025-04-17 | Close: 37.5
2025-04-17, Candle 274 | Date: 2025-04-17 | Close: 37.58
2025-04-17, Candle 275 | Date: 2025-04-17 | Close: 37.58
2025-04-17, Candle 276 | Date: 2025-04-17 | Close: 37.56
2025-04-17, Candle 277 | Date: 2025-04-17 | Close: 37.64
2025-04-17, Candle 278 | Date: 2025-04-17 | Close: 37.64
2025-04-21, Candle 279 | Date: 2025-04-21 | Close: 38.75
2025-04-21, SELL EXECUTED, Price: 38.74, Cost: 377.60, Comm 0.39
Trade closed. Gross PnL: 9.79600000000005, Net PnL (after commission): 9.03099600000005
2025-04-21, Candle 280 | Date: 2025-04-21 | Close: 38.81
2025-04-21, Candle 281 | Date: 2025-04-21 | Close: 38.79
2025-04-21, Candle 282 | Date: 2025-04-21 | Close: 38.82
2025-04-21, Candle 283 | Date: 2025-04-21 | Close: 38.72
2025-04-21, Candle 284 | Date: 2025-04-21 | Close: 38.6
2025-04-21, Candle 285 | Date: 2025-04-21 | Close: 38.695
2025-04-21, Candle 286 | Date: 2025-04-21 | Close: 38.765
2025-04-21, Candle 287 | Date: 2025-04-21 | Close: 38.89
2025-04-21, Candle 288 | Date: 2025-04-21 | Close: 38.94
2025-04-21, Candle 289 | Date: 2025-04-21 | Close: 39.060001
2025-04-21, Candle 290 | Date: 2025-04-21 | Close: 39.235
2025-04-21, Candle 291 | Date: 2025-04-21 | Close: 39.2
2025-04-21, BUY EXECUTED, Price: 39.21, Cost: 392.10, Comm 0.39
2025-04-21, Candle 292 | Date: 2025-04-21 | Close: 39.22
2025-04-21, Candle 293 | Date: 2025-04-21 | Close: 39.105
2025-04-21, Candle 294 | Date: 2025-04-21 | Close: 39.02
2025-04-21, Candle 295 | Date: 2025-04-21 | Close: 39.099998
2025-04-21, Candle 296 | Date: 2025-04-21 | Close: 39.165
2025-04-21, Candle 297 | Date: 2025-04-21 | Close: 39.15
2025-04-21, Candle 298 | Date: 2025-04-21 | Close: 39.09
2025-04-21, Candle 299 | Date: 2025-04-21 | Close: 39.02
2025-04-21, Candle 300 | Date: 2025-04-21 | Close: 39.19
2025-04-21, Candle 301 | Date: 2025-04-21 | Close: 39.14
2025-04-21, Candle 302 | Date: 2025-04-21 | Close: 39.18
2025-04-21, Candle 303 | Date: 2025-04-21 | Close: 39.2
2025-04-21, Candle 304 | Date: 2025-04-21 | Close: 39.175
2025-04-21, Candle 305 | Date: 2025-04-21 | Close: 39.1404
2025-04-21, Candle 306 | Date: 2025-04-21 | Close: 39.1081
2025-04-21, Candle 307 | Date: 2025-04-21 | Close: 39.07
2025-04-21, Candle 308 | Date: 2025-04-21 | Close: 39.080002
2025-04-21, Candle 309 | Date: 2025-04-21 | Close: 39.080002
2025-04-21, Candle 310 | Date: 2025-04-21 | Close: 39.135
2025-04-21, Candle 311 | Date: 2025-04-21 | Close: 39.1304
2025-04-21, Candle 312 | Date: 2025-04-21 | Close: 39.049999
2025-04-21, Candle 313 | Date: 2025-04-21 | Close: 39.044998
2025-04-21, Candle 314 | Date: 2025-04-21 | Close: 38.93
2025-04-21, Candle 315 | Date: 2025-04-21 | Close: 38.97
2025-04-21, Candle 316 | Date: 2025-04-21 | Close: 38.94
2025-04-21, Candle 317 | Date: 2025-04-21 | Close: 38.87
2025-04-21, Candle 318 | Date: 2025-04-21 | Close: 38.78
2025-04-21, Candle 319 | Date: 2025-04-21 | Close: 38.67
2025-04-21, Candle 320 | Date: 2025-04-21 | Close: 38.64
2025-04-21, Candle 321 | Date: 2025-04-21 | Close: 38.41
2025-04-21, Candle 322 | Date: 2025-04-21 | Close: 38.435
2025-04-21, Candle 323 | Date: 2025-04-21 | Close: 38.49
2025-04-21, Candle 324 | Date: 2025-04-21 | Close: 38.61
2025-04-21, Candle 325 | Date: 2025-04-21 | Close: 38.54
2025-04-21, Candle 326 | Date: 2025-04-21 | Close: 38.645
2025-04-21, Candle 327 | Date: 2025-04-21 | Close: 38.6
2025-04-21, Candle 328 | Date: 2025-04-21 | Close: 38.58
2025-04-21, Candle 329 | Date: 2025-04-21 | Close: 38.56
2025-04-21, Candle 330 | Date: 2025-04-21 | Close: 38.55
2025-04-21, Candle 331 | Date: 2025-04-21 | Close: 38.4856
2025-04-21, Candle 332 | Date: 2025-04-21 | Close: 38.48
2025-04-21, Candle 333 | Date: 2025-04-21 | Close: 38.4799
2025-04-21, Candle 334 | Date: 2025-04-21 | Close: 38.51
2025-04-21, Candle 335 | Date: 2025-04-21 | Close: 38.535
2025-04-21, Candle 336 | Date: 2025-04-21 | Close: 38.53
2025-04-21, Candle 337 | Date: 2025-04-21 | Close: 38.51
2025-04-21, Candle 338 | Date: 2025-04-21 | Close: 38.5
2025-04-21, Candle 339 | Date: 2025-04-21 | Close: 38.52
2025-04-21, Candle 340 | Date: 2025-04-21 | Close: 38.56
2025-04-21, Candle 341 | Date: 2025-04-21 | Close: 38.525
2025-04-21, Candle 342 | Date: 2025-04-21 | Close: 38.49
2025-04-21, Candle 343 | Date: 2025-04-21 | Close: 38.505
2025-04-21, Candle 344 | Date: 2025-04-21 | Close: 38.47
2025-04-21, Candle 345 | Date: 2025-04-21 | Close: 38.5
2025-04-21, Candle 346 | Date: 2025-04-21 | Close: 38.595
2025-04-21, Candle 347 | Date: 2025-04-21 | Close: 38.58
2025-04-21, Candle 348 | Date: 2025-04-21 | Close: 38.62
2025-04-21, Candle 349 | Date: 2025-04-21 | Close: 38.6604
2025-04-21, Candle 350 | Date: 2025-04-21 | Close: 38.675
2025-04-21, Candle 351 | Date: 2025-04-21 | Close: 38.6896
2025-04-21, Candle 352 | Date: 2025-04-21 | Close: 38.725
2025-04-21, Candle 353 | Date: 2025-04-21 | Close: 38.66
2025-04-21, Candle 354 | Date: 2025-04-21 | Close: 38.67
2025-04-21, Candle 355 | Date: 2025-04-21 | Close: 38.695
2025-04-21, Candle 356 | Date: 2025-04-21 | Close: 38.73
2025-04-22, Candle 357 | Date: 2025-04-22 | Close: 39.86
2025-04-22, SELL EXECUTED, Price: 39.85, Cost: 392.10, Comm 0.40
Trade closed. Gross PnL: 6.400000000000006, Net PnL (after commission): 5.609400000000006
2025-04-22, Candle 358 | Date: 2025-04-22 | Close: 39.865
2025-04-22, Candle 359 | Date: 2025-04-22 | Close: 40.010201
2025-04-22, Candle 360 | Date: 2025-04-22 | Close: 40.040001
2025-04-22, Candle 361 | Date: 2025-04-22 | Close: 40.040001
2025-04-22, BUY EXECUTED, Price: 40.01, Cost: 400.10, Comm 0.40
2025-04-22, Candle 362 | Date: 2025-04-22 | Close: 40.060001
2025-04-22, Candle 363 | Date: 2025-04-22 | Close: 40.037701
2025-04-22, Candle 364 | Date: 2025-04-22 | Close: 40.025002
2025-04-22, Candle 365 | Date: 2025-04-22 | Close: 40.1399
2025-04-22, Candle 366 | Date: 2025-04-22 | Close: 40.080002
2025-04-22, Candle 367 | Date: 2025-04-22 | Close: 40.11
2025-04-22, Candle 368 | Date: 2025-04-22 | Close: 40.075199
2025-04-22, Candle 369 | Date: 2025-04-22 | Close: 40.135
2025-04-22, Candle 370 | Date: 2025-04-22 | Close: 40.2948
2025-04-22, SELL EXECUTED, Price: 40.30, Cost: 400.10, Comm 0.40
Trade closed. Gross PnL: 2.900016999999977, Net PnL (after commission): 2.096917016999977
2025-04-22, Candle 371 | Date: 2025-04-22 | Close: 40.27
2025-04-22, BUY EXECUTED, Price: 40.27, Cost: 402.75, Comm 0.40
2025-04-22, Candle 372 | Date: 2025-04-22 | Close: 40.28
2025-04-22, the Volume is True | the RSI is 72.67910824861457 Trend is True Nearliquidity True
2025-04-22, Candle 373 | Date: 2025-04-22 | Close: 40.275
2025-04-22, the Volume is True | the RSI is 73.59282775519698 Trend is True Nearliquidity True
2025-04-22, Candle 374 | Date: 2025-04-22 | Close: 40.325
2025-04-22, the Volume is True | the RSI is 79.25890285372486 Trend is True Nearliquidity True
2025-04-22, Candle 375 | Date: 2025-04-22 | Close: 40.49
2025-04-22, SELL EXECUTED, Price: 40.49, Cost: 402.75, Comm 0.40
Trade closed. Gross PnL: 2.150000000000034, Net PnL (after commission): 1.3423500000000341
2025-04-22, Candle 376 | Date: 2025-04-22 | Close: 40.52
2025-04-22, Candle 377 | Date: 2025-04-22 | Close: 40.61
2025-04-22, Candle 378 | Date: 2025-04-22 | Close: 40.54
2025-04-22, Candle 379 | Date: 2025-04-22 | Close: 40.52
2025-04-22, Candle 380 | Date: 2025-04-22 | Close: 40.43
2025-04-22, Candle 381 | Date: 2025-04-22 | Close: 40.28
2025-04-22, Candle 382 | Date: 2025-04-22 | Close: 40.32
2025-04-22, Candle 383 | Date: 2025-04-22 | Close: 40.16
2025-04-22, Candle 384 | Date: 2025-04-22 | Close: 40.285
2025-04-22, Candle 385 | Date: 2025-04-22 | Close: 40.25
2025-04-22, Candle 386 | Date: 2025-04-22 | Close: 40.37
2025-04-22, Candle 387 | Date: 2025-04-22 | Close: 40.34
2025-04-22, Candle 388 | Date: 2025-04-22 | Close: 40.36
2025-04-22, Candle 389 | Date: 2025-04-22 | Close: 40.35
2025-04-22, Candle 390 | Date: 2025-04-22 | Close: 40.305
2025-04-22, Candle 391 | Date: 2025-04-22 | Close: 40.32
2025-04-22, Candle 392 | Date: 2025-04-22 | Close: 40.27
2025-04-22, Candle 393 | Date: 2025-04-22 | Close: 40.28
2025-04-22, Candle 394 | Date: 2025-04-22 | Close: 40.31
2025-04-22, Candle 395 | Date: 2025-04-22 | Close: 40.33
2025-04-22, Candle 396 | Date: 2025-04-22 | Close: 40.31
2025-04-22, Candle 397 | Date: 2025-04-22 | Close: 40.31
2025-04-22, Candle 398 | Date: 2025-04-22 | Close: 40.275
2025-04-22, Candle 399 | Date: 2025-04-22 | Close: 40.38
2025-04-22, Candle 400 | Date: 2025-04-22 | Close: 40.4
2025-04-22, Candle 401 | Date: 2025-04-22 | Close: 40.32
2025-04-22, Candle 402 | Date: 2025-04-22 | Close: 40.34
2025-04-22, Candle 403 | Date: 2025-04-22 | Close: 40.315
2025-04-22, Candle 404 | Date: 2025-04-22 | Close: 40.35
2025-04-22, Candle 405 | Date: 2025-04-22 | Close: 40.47
2025-04-22, Candle 406 | Date: 2025-04-22 | Close: 40.545
2025-04-22, Candle 407 | Date: 2025-04-22 | Close: 40.55
2025-04-22, Candle 408 | Date: 2025-04-22 | Close: 40.555
2025-04-22, Candle 409 | Date: 2025-04-22 | Close: 40.58
2025-04-22, Candle 410 | Date: 2025-04-22 | Close: 40.61
2025-04-22, Candle 411 | Date: 2025-04-22 | Close: 40.63
2025-04-22, Candle 412 | Date: 2025-04-22 | Close: 40.655
2025-04-22, Candle 413 | Date: 2025-04-22 | Close: 40.5235
2025-04-22, Candle 414 | Date: 2025-04-22 | Close: 40.515
2025-04-22, Candle 415 | Date: 2025-04-22 | Close: 40.53
2025-04-22, Candle 416 | Date: 2025-04-22 | Close: 40.51
2025-04-22, Candle 417 | Date: 2025-04-22 | Close: 40.53
2025-04-22, Candle 418 | Date: 2025-04-22 | Close: 40.51
2025-04-22, Candle 419 | Date: 2025-04-22 | Close: 40.59
2025-04-22, Candle 420 | Date: 2025-04-22 | Close: 40.545
2025-04-22, Candle 421 | Date: 2025-04-22 | Close: 40.645
2025-04-22, Candle 422 | Date: 2025-04-22 | Close: 40.635
2025-04-22, Candle 423 | Date: 2025-04-22 | Close: 40.69882
2025-04-22, Candle 424 | Date: 2025-04-22 | Close: 40.68
2025-04-22, Candle 425 | Date: 2025-04-22 | Close: 40.64
2025-04-22, Candle 426 | Date: 2025-04-22 | Close: 40.63
2025-04-22, Candle 427 | Date: 2025-04-22 | Close: 40.675
2025-04-22, Candle 428 | Date: 2025-04-22 | Close: 40.6699
2025-04-22, Candle 429 | Date: 2025-04-22 | Close: 40.63
2025-04-22, Candle 430 | Date: 2025-04-22 | Close: 40.4199
2025-04-22, Candle 431 | Date: 2025-04-22 | Close: 40.47
2025-04-22, Candle 432 | Date: 2025-04-22 | Close: 40.535
2025-04-22, Candle 433 | Date: 2025-04-22 | Close: 40.55
2025-04-22, Candle 434 | Date: 2025-04-22 | Close: 40.59
2025-04-23, Candle 435 | Date: 2025-04-23 | Close: 41.695
2025-04-23, Candle 436 | Date: 2025-04-23 | Close: 41.47
2025-04-23, Candle 437 | Date: 2025-04-23 | Close: 41.53
2025-04-23, Candle 438 | Date: 2025-04-23 | Close: 41.65
2025-04-23, Candle 439 | Date: 2025-04-23 | Close: 41.46
2025-04-23, Candle 440 | Date: 2025-04-23 | Close: 41.26
2025-04-23, Candle 441 | Date: 2025-04-23 | Close: 41.5488
2025-04-23, Candle 442 | Date: 2025-04-23 | Close: 41.45
2025-04-23, Candle 443 | Date: 2025-04-23 | Close: 41.41
2025-04-23, Candle 444 | Date: 2025-04-23 | Close: 41.13
2025-04-23, Candle 445 | Date: 2025-04-23 | Close: 41.31
2025-04-23, Candle 446 | Date: 2025-04-23 | Close: 41.33
2025-04-23, Candle 447 | Date: 2025-04-23 | Close: 41.25
2025-04-23, Candle 448 | Date: 2025-04-23 | Close: 41.2
2025-04-23, Candle 449 | Date: 2025-04-23 | Close: 41.275
2025-04-23, Candle 450 | Date: 2025-04-23 | Close: 41.29
2025-04-23, Candle 451 | Date: 2025-04-23 | Close: 41.24
2025-04-23, Candle 452 | Date: 2025-04-23 | Close: 41.21
2025-04-23, Candle 453 | Date: 2025-04-23 | Close: 41.125
2025-04-23, Candle 454 | Date: 2025-04-23 | Close: 41.105
2025-04-23, Candle 455 | Date: 2025-04-23 | Close: 41.049999
2025-04-23, Candle 456 | Date: 2025-04-23 | Close: 40.86
2025-04-23, Candle 457 | Date: 2025-04-23 | Close: 40.86
2025-04-23, Candle 458 | Date: 2025-04-23 | Close: 40.79
2025-04-23, Candle 459 | Date: 2025-04-23 | Close: 40.925
2025-04-23, BUY EXECUTED, Price: 40.93, Cost: 409.30, Comm 0.41
2025-04-23, Candle 460 | Date: 2025-04-23 | Close: 41.099998
2025-04-23, Candle 461 | Date: 2025-04-23 | Close: 41.029999
2025-04-23, Candle 462 | Date: 2025-04-23 | Close: 41.065102
2025-04-23, Candle 463 | Date: 2025-04-23 | Close: 41.15
2025-04-23, SELL EXECUTED, Price: 41.15, Cost: 409.30, Comm 0.41
Trade closed. Gross PnL: 2.150000000000034, Net PnL (after commission): 1.329250000000034
2025-04-23, Candle 464 | Date: 2025-04-23 | Close: 41.3155
2025-04-23, Candle 465 | Date: 2025-04-23 | Close: 41.33
2025-04-23, Candle 466 | Date: 2025-04-23 | Close: 41.265
2025-04-23, Candle 467 | Date: 2025-04-23 | Close: 41.31
2025-04-23, Candle 468 | Date: 2025-04-23 | Close: 41.2813
2025-04-23, BUY EXECUTED, Price: 41.25, Cost: 412.50, Comm 0.41
2025-04-23, Candle 469 | Date: 2025-04-23 | Close: 41.1997
2025-04-23, Candle 470 | Date: 2025-04-23 | Close: 41.395
2025-04-23, Candle 471 | Date: 2025-04-23 | Close: 41.39
2025-04-23, Candle 472 | Date: 2025-04-23 | Close: 41.525
2025-04-23, SELL EXECUTED, Price: 41.50, Cost: 412.50, Comm 0.42
Trade closed. Gross PnL: 2.5, Net PnL (after commission): 1.6724999999999999
2025-04-23, Candle 473 | Date: 2025-04-23 | Close: 41.495
2025-04-23, BUY EXECUTED, Price: 41.49, Cost: 414.95, Comm 0.41
2025-04-23, Candle 474 | Date: 2025-04-23 | Close: 41.525
2025-04-23, Candle 475 | Date: 2025-04-23 | Close: 41.56
2025-04-23, Candle 476 | Date: 2025-04-23 | Close: 41.52
2025-04-23, Candle 477 | Date: 2025-04-23 | Close: 41.595
2025-04-23, Candle 478 | Date: 2025-04-23 | Close: 41.655
2025-04-23, Candle 479 | Date: 2025-04-23 | Close: 41.62
2025-04-23, Candle 480 | Date: 2025-04-23 | Close: 41.63
2025-04-23, Candle 481 | Date: 2025-04-23 | Close: 41.5956
2025-04-23, Candle 482 | Date: 2025-04-23 | Close: 41.585
2025-04-23, Candle 483 | Date: 2025-04-23 | Close: 41.52
2025-04-23, Candle 484 | Date: 2025-04-23 | Close: 41.55
2025-04-23, Candle 485 | Date: 2025-04-23 | Close: 41.605
2025-04-23, Candle 486 | Date: 2025-04-23 | Close: 41.57
2025-04-23, Candle 487 | Date: 2025-04-23 | Close: 41.61
2025-04-23, Candle 488 | Date: 2025-04-23 | Close: 41.65
2025-04-23, Candle 489 | Date: 2025-04-23 | Close: 41.645
2025-04-23, Candle 490 | Date: 2025-04-23 | Close: 41.68
2025-04-23, Candle 491 | Date: 2025-04-23 | Close: 41.705
2025-04-23, SELL EXECUTED, Price: 41.71, Cost: 414.95, Comm 0.42
Trade closed. Gross PnL: 2.1010000000000417, Net PnL (after commission): 1.2689990000000417
2025-04-23, Candle 492 | Date: 2025-04-23 | Close: 41.735
2025-04-23, Candle 493 | Date: 2025-04-23 | Close: 41.69
2025-04-23, Candle 494 | Date: 2025-04-23 | Close: 41.655
2025-04-23, Candle 495 | Date: 2025-04-23 | Close: 41.65
2025-04-23, BUY EXECUTED, Price: 41.61, Cost: 416.10, Comm 0.42
2025-04-23, Candle 496 | Date: 2025-04-23 | Close: 41.62
2025-04-23, Candle 497 | Date: 2025-04-23 | Close: 41.57
2025-04-23, Candle 498 | Date: 2025-04-23 | Close: 41.56
2025-04-23, Candle 499 | Date: 2025-04-23 | Close: 41.52
2025-04-23, Candle 500 | Date: 2025-04-23 | Close: 41.51
2025-04-23, Candle 501 | Date: 2025-04-23 | Close: 41.42
2025-04-23, Candle 502 | Date: 2025-04-23 | Close: 41.41
2025-04-23, Candle 503 | Date: 2025-04-23 | Close: 41.36
2025-04-23, Candle 504 | Date: 2025-04-23 | Close: 41.33
2025-04-23, Candle 505 | Date: 2025-04-23 | Close: 41.31
2025-04-23, Candle 506 | Date: 2025-04-23 | Close: 41.23
2025-04-23, Candle 507 | Date: 2025-04-23 | Close: 41.345
2025-04-23, Candle 508 | Date: 2025-04-23 | Close: 41.34
2025-04-23, Candle 509 | Date: 2025-04-23 | Close: 41.4
2025-04-23, Candle 510 | Date: 2025-04-23 | Close: 41.4399
2025-04-23, Candle 511 | Date: 2025-04-23 | Close: 41.475
2025-04-23, Candle 512 | Date: 2025-04-23 | Close: 41.45
2025-04-24, Candle 513 | Date: 2025-04-24 | Close: 41.2
2025-04-24, Candle 514 | Date: 2025-04-24 | Close: 41.2
2025-04-24, Candle 515 | Date: 2025-04-24 | Close: 41.1475
2025-04-24, Candle 516 | Date: 2025-04-24 | Close: 41.080002
2025-04-24, Candle 517 | Date: 2025-04-24 | Close: 41.080002
2025-04-24, Candle 518 | Date: 2025-04-24 | Close: 41.1601
2025-04-24, Candle 519 | Date: 2025-04-24 | Close: 41.3
2025-04-24, Candle 520 | Date: 2025-04-24 | Close: 41.31
2025-04-24, Candle 521 | Date: 2025-04-24 | Close: 41.18
2025-04-24, Candle 522 | Date: 2025-04-24 | Close: 41.15
2025-04-24, Candle 523 | Date: 2025-04-24 | Close: 41.125
2025-04-24, Candle 524 | Date: 2025-04-24 | Close: 41.155
2025-04-24, Candle 525 | Date: 2025-04-24 | Close: 41.19
2025-04-24, Candle 526 | Date: 2025-04-24 | Close: 41.24
2025-04-24, Candle 527 | Date: 2025-04-24 | Close: 41.28
2025-04-24, Candle 528 | Date: 2025-04-24 | Close: 41.33
2025-04-24, Candle 529 | Date: 2025-04-24 | Close: 41.37
2025-04-24, Candle 530 | Date: 2025-04-24 | Close: 41.27
2025-04-24, Candle 531 | Date: 2025-04-24 | Close: 41.3106
2025-04-24, Candle 532 | Date: 2025-04-24 | Close: 41.395
2025-04-24, Candle 533 | Date: 2025-04-24 | Close: 41.37
2025-04-24, Candle 534 | Date: 2025-04-24 | Close: 41.355
2025-04-24, Candle 535 | Date: 2025-04-24 | Close: 41.34
2025-04-24, Candle 536 | Date: 2025-04-24 | Close: 41.305
2025-04-24, Candle 537 | Date: 2025-04-24 | Close: 41.36
2025-04-24, Candle 538 | Date: 2025-04-24 | Close: 41.37
2025-04-24, Candle 539 | Date: 2025-04-24 | Close: 41.35
2025-04-24, Candle 540 | Date: 2025-04-24 | Close: 41.335
2025-04-24, Candle 541 | Date: 2025-04-24 | Close: 41.375
2025-04-24, Candle 542 | Date: 2025-04-24 | Close: 41.34
2025-04-24, Candle 543 | Date: 2025-04-24 | Close: 41.39
2025-04-24, Candle 544 | Date: 2025-04-24 | Close: 41.38
2025-04-24, Candle 545 | Date: 2025-04-24 | Close: 41.45
2025-04-24, Candle 546 | Date: 2025-04-24 | Close: 41.475
2025-04-24, Candle 547 | Date: 2025-04-24 | Close: 41.45
2025-04-24, Candle 548 | Date: 2025-04-24 | Close: 41.46
2025-04-24, Candle 549 | Date: 2025-04-24 | Close: 41.49
2025-04-24, Candle 550 | Date: 2025-04-24 | Close: 41.475
2025-04-24, Candle 551 | Date: 2025-04-24 | Close: 41.47
2025-04-24, Candle 552 | Date: 2025-04-24 | Close: 41.455
2025-04-24, Candle 553 | Date: 2025-04-24 | Close: 41.4651
2025-04-24, Candle 554 | Date: 2025-04-24 | Close: 41.41
2025-04-24, Candle 555 | Date: 2025-04-24 | Close: 41.405
2025-04-24, Candle 556 | Date: 2025-04-24 | Close: 41.36
2025-04-24, Candle 557 | Date: 2025-04-24 | Close: 41.25
2025-04-24, Candle 558 | Date: 2025-04-24 | Close: 41.2
2025-04-24, Candle 559 | Date: 2025-04-24 | Close: 41.14
2025-04-24, Candle 560 | Date: 2025-04-24 | Close: 41.24
2025-04-24, Candle 561 | Date: 2025-04-24 | Close: 41.2
2025-04-24, Candle 562 | Date: 2025-04-24 | Close: 41.21
2025-04-24, Candle 563 | Date: 2025-04-24 | Close: 41.125
2025-04-24, Candle 564 | Date: 2025-04-24 | Close: 41.12
2025-04-24, Candle 565 | Date: 2025-04-24 | Close: 41.18
2025-04-24, Candle 566 | Date: 2025-04-24 | Close: 41.23
2025-04-24, Candle 567 | Date: 2025-04-24 | Close: 41.26
2025-04-24, Candle 568 | Date: 2025-04-24 | Close: 41.3
2025-04-24, Candle 569 | Date: 2025-04-24 | Close: 41.34
2025-04-24, Candle 570 | Date: 2025-04-24 | Close: 41.4
2025-04-24, Candle 571 | Date: 2025-04-24 | Close: 41.36
2025-04-24, Candle 572 | Date: 2025-04-24 | Close: 41.3345
2025-04-24, Candle 573 | Date: 2025-04-24 | Close: 41.33
2025-04-24, Candle 574 | Date: 2025-04-24 | Close: 41.34
2025-04-24, Candle 575 | Date: 2025-04-24 | Close: 41.365
2025-04-24, Candle 576 | Date: 2025-04-24 | Close: 41.3787
2025-04-24, the Volume is True | the RSI is 82.954545454545 Trend is True Nearliquidity True
2025-04-24, Candle 577 | Date: 2025-04-24 | Close: 41.415
2025-04-24, Candle 578 | Date: 2025-04-24 | Close: 41.3998
2025-04-24, Candle 579 | Date: 2025-04-24 | Close: 41.385
2025-04-24, Candle 580 | Date: 2025-04-24 | Close: 41.38
2025-04-24, Candle 581 | Date: 2025-04-24 | Close: 41.335
2025-04-24, Candle 582 | Date: 2025-04-24 | Close: 41.36
2025-04-24, Candle 583 | Date: 2025-04-24 | Close: 41.4201
2025-04-24, Candle 584 | Date: 2025-04-24 | Close: 41.4401
2025-04-24, Candle 585 | Date: 2025-04-24 | Close: 41.475
2025-04-24, the Volume is True | the RSI is 73.55242566510202 Trend is True Nearliquidity True
2025-04-24, Candle 586 | Date: 2025-04-24 | Close: 41.485
2025-04-24, the Volume is True | the RSI is 75.75757575757615 Trend is True Nearliquidity True
2025-04-24, Candle 587 | Date: 2025-04-24 | Close: 41.5
2025-04-24, the Volume is True | the RSI is 75.38461538461559 Trend is True Nearliquidity True
2025-04-24, Candle 588 | Date: 2025-04-24 | Close: 41.505
2025-04-24, the Volume is True | the RSI is 74.60317460317496 Trend is True Nearliquidity True
2025-04-24, Candle 589 | Date: 2025-04-24 | Close: 41.52
2025-04-24, Candle 590 | Date: 2025-04-24 | Close: 41.495
2025-04-25, the Volume is True | the RSI is 83.33333333333296 Trend is True Nearliquidity True
2025-04-25, Candle 591 | Date: 2025-04-25 | Close: 41.835
2025-04-25, SELL EXECUTED, Price: 41.83, Cost: 416.10, Comm 0.42
Trade closed. Gross PnL: 2.1999999999999886, Net PnL (after commission): 1.3655999999999886
2025-04-25, Candle 592 | Date: 2025-04-25 | Close: 41.89
2025-04-25, Candle 593 | Date: 2025-04-25 | Close: 41.905
2025-04-25, Candle 594 | Date: 2025-04-25 | Close: 41.9898
2025-04-25, Candle 595 | Date: 2025-04-25 | Close: 41.88
2025-04-25, Candle 596 | Date: 2025-04-25 | Close: 41.88
2025-04-25, Candle 597 | Date: 2025-04-25 | Close: 41.9587
2025-04-25, Candle 598 | Date: 2025-04-25 | Close: 42.07
2025-04-25, Candle 599 | Date: 2025-04-25 | Close: 42.29
2025-04-25, Candle 600 | Date: 2025-04-25 | Close: 42.25
2025-04-25, Candle 601 | Date: 2025-04-25 | Close: 42.1263
2025-04-25, Candle 602 | Date: 2025-04-25 | Close: 42.040001
2025-04-25, Candle 603 | Date: 2025-04-25 | Close: 42.16
2025-04-25, Candle 604 | Date: 2025-04-25 | Close: 42.145
2025-04-25, Candle 605 | Date: 2025-04-25 | Close: 42.3
2025-04-25, Candle 606 | Date: 2025-04-25 | Close: 42.385
2025-04-25, Candle 607 | Date: 2025-04-25 | Close: 42.435
2025-04-25, Candle 608 | Date: 2025-04-25 | Close: 42.355
2025-04-25, Candle 609 | Date: 2025-04-25 | Close: 42.44
2025-04-25, Candle 610 | Date: 2025-04-25 | Close: 42.3451
2025-04-25, Candle 611 | Date: 2025-04-25 | Close: 42.4055
2025-04-25, Candle 612 | Date: 2025-04-25 | Close: 42.35
2025-04-25, Candle 613 | Date: 2025-04-25 | Close: 42.39
2025-04-25, Candle 614 | Date: 2025-04-25 | Close: 42.3399
2025-04-25, Candle 615 | Date: 2025-04-25 | Close: 42.285
2025-04-25, Candle 616 | Date: 2025-04-25 | Close: 42.12
2025-04-25, Candle 617 | Date: 2025-04-25 | Close: 42.1665
2025-04-25, Candle 618 | Date: 2025-04-25 | Close: 42.18
2025-04-25, Candle 619 | Date: 2025-04-25 | Close: 42.22
2025-04-25, Candle 620 | Date: 2025-04-25 | Close: 42.2
2025-04-25, Candle 621 | Date: 2025-04-25 | Close: 42.19
2025-04-25, Candle 622 | Date: 2025-04-25 | Close: 42.1701
2025-04-25, Candle 623 | Date: 2025-04-25 | Close: 42.14
2025-04-25, Candle 624 | Date: 2025-04-25 | Close: 42.0947
2025-04-25, Candle 625 | Date: 2025-04-25 | Close: 42.165
2025-04-25, Candle 626 | Date: 2025-04-25 | Close: 42.21
2025-04-25, Candle 627 | Date: 2025-04-25 | Close: 42.185
2025-04-25, Candle 628 | Date: 2025-04-25 | Close: 42.285
2025-04-25, Candle 629 | Date: 2025-04-25 | Close: 42.315
2025-04-25, Candle 630 | Date: 2025-04-25 | Close: 42.295
2025-04-25, Candle 631 | Date: 2025-04-25 | Close: 42.28
2025-04-25, Candle 632 | Date: 2025-04-25 | Close: 42.2665
2025-04-25, Candle 633 | Date: 2025-04-25 | Close: 42.315
2025-04-25, Candle 634 | Date: 2025-04-25 | Close: 42.3288
2025-04-25, Candle 635 | Date: 2025-04-25 | Close: 42.36
2025-04-25, Candle 636 | Date: 2025-04-25 | Close: 42.3945
2025-04-25, Candle 637 | Date: 2025-04-25 | Close: 42.38
2025-04-25, Candle 638 | Date: 2025-04-25 | Close: 42.34
2025-04-25, Candle 639 | Date: 2025-04-25 | Close: 42.28
2025-04-25, Candle 640 | Date: 2025-04-25 | Close: 42.09
2025-04-25, Candle 641 | Date: 2025-04-25 | Close: 42.080002
2025-04-25, Candle 642 | Date: 2025-04-25 | Close: 41.915
2025-04-25, Candle 643 | Date: 2025-04-25 | Close: 41.9
2025-04-25, Candle 644 | Date: 2025-04-25 | Close: 41.93
2025-04-25, Candle 645 | Date: 2025-04-25 | Close: 41.99
2025-04-25, Candle 646 | Date: 2025-04-25 | Close: 42.014999
2025-04-25, Candle 647 | Date: 2025-04-25 | Close: 42.0
2025-04-25, Candle 648 | Date: 2025-04-25 | Close: 42.055
2025-04-25, BUY EXECUTED, Price: 42.06, Cost: 420.60, Comm 0.42
2025-04-25, Candle 649 | Date: 2025-04-25 | Close: 42.080002
2025-04-25, Candle 650 | Date: 2025-04-25 | Close: 42.064999
2025-04-25, Candle 651 | Date: 2025-04-25 | Close: 42.13
2025-04-25, Candle 652 | Date: 2025-04-25 | Close: 42.2
2025-04-25, Candle 653 | Date: 2025-04-25 | Close: 42.2563
2025-04-25, Candle 654 | Date: 2025-04-25 | Close: 42.235
2025-04-25, Candle 655 | Date: 2025-04-25 | Close: 42.175
2025-04-25, Candle 656 | Date: 2025-04-25 | Close: 42.145
2025-04-25, Candle 657 | Date: 2025-04-25 | Close: 42.25
2025-04-25, Candle 658 | Date: 2025-04-25 | Close: 42.245
2025-04-25, Candle 659 | Date: 2025-04-25 | Close: 42.1703
2025-04-25, Candle 660 | Date: 2025-04-25 | Close: 42.18
2025-04-25, Candle 661 | Date: 2025-04-25 | Close: 42.125
2025-04-25, Candle 662 | Date: 2025-04-25 | Close: 42.185
2025-04-25, Candle 663 | Date: 2025-04-25 | Close: 42.18
2025-04-25, Candle 664 | Date: 2025-04-25 | Close: 42.23
2025-04-25, Candle 665 | Date: 2025-04-25 | Close: 42.21
2025-04-25, Candle 666 | Date: 2025-04-25 | Close: 42.16
2025-04-25, Candle 667 | Date: 2025-04-25 | Close: 42.25
2025-04-25, Candle 668 | Date: 2025-04-25 | Close: 42.29
2025-04-28, SELL EXECUTED, Price: 42.18, Cost: 420.60, Comm 0.42
Trade closed. Gross PnL: 1.1999899999999997, Net PnL (after commission): 0.3575899899999997
2025-04-28, Candle 669 | Date: 2025-04-28 | Close: 42.04
2025-04-28, Candle 670 | Date: 2025-04-28 | Close: 41.94
2025-04-28, Candle 671 | Date: 2025-04-28 | Close: 42.02
2025-04-28, Candle 672 | Date: 2025-04-28 | Close: 41.85
2025-04-28, Candle 673 | Date: 2025-04-28 | Close: 41.78
2025-04-28, Candle 674 | Date: 2025-04-28 | Close: 41.64
2025-04-28, BUY EXECUTED, Price: 41.60, Cost: 416.05, Comm 0.42
2025-04-28, Candle 675 | Date: 2025-04-28 | Close: 41.8
2025-04-28, Candle 676 | Date: 2025-04-28 | Close: 41.87
2025-04-28, SELL EXECUTED, Price: 41.86, Cost: 416.05, Comm 0.42
Trade closed. Gross PnL: 2.5500000000000256, Net PnL (after commission): 1.7153500000000257
2025-04-28, Candle 677 | Date: 2025-04-28 | Close: 41.9097
2025-04-28, Candle 678 | Date: 2025-04-28 | Close: 41.96
2025-04-28, Candle 679 | Date: 2025-04-28 | Close: 41.98
2025-04-28, BUY EXECUTED, Price: 42.02, Cost: 420.15, Comm 0.42
2025-04-28, Candle 680 | Date: 2025-04-28 | Close: 41.99
2025-04-28, Candle 681 | Date: 2025-04-28 | Close: 41.85
2025-04-28, Candle 682 | Date: 2025-04-28 | Close: 41.97
2025-04-28, Candle 683 | Date: 2025-04-28 | Close: 41.98
2025-04-28, Candle 684 | Date: 2025-04-28 | Close: 41.99
2025-04-28, Candle 685 | Date: 2025-04-28 | Close: 41.865
2025-04-28, Candle 686 | Date: 2025-04-28 | Close: 41.845
2025-04-28, Candle 687 | Date: 2025-04-28 | Close: 41.88
2025-04-28, Candle 688 | Date: 2025-04-28 | Close: 41.72
2025-04-28, Candle 689 | Date: 2025-04-28 | Close: 41.725
2025-04-28, Candle 690 | Date: 2025-04-28 | Close: 41.66
2025-04-28, Candle 691 | Date: 2025-04-28 | Close: 41.595
2025-04-28, Candle 692 | Date: 2025-04-28 | Close: 41.55
2025-04-28, Candle 693 | Date: 2025-04-28 | Close: 41.55
2025-04-28, Candle 694 | Date: 2025-04-28 | Close: 41.55
2025-04-28, Candle 695 | Date: 2025-04-28 | Close: 41.55
2025-04-28, Candle 696 | Date: 2025-04-28 | Close: 41.51
2025-04-28, Candle 697 | Date: 2025-04-28 | Close: 41.5
2025-04-28, Candle 698 | Date: 2025-04-28 | Close: 41.595
2025-04-28, Candle 699 | Date: 2025-04-28 | Close: 41.53
2025-04-28, Candle 700 | Date: 2025-04-28 | Close: 41.51
2025-04-28, Candle 701 | Date: 2025-04-28 | Close: 41.46
2025-04-28, Candle 702 | Date: 2025-04-28 | Close: 41.44
2025-04-28, Candle 703 | Date: 2025-04-28 | Close: 41.41
2025-04-28, Candle 704 | Date: 2025-04-28 | Close: 41.52
2025-04-28, Candle 705 | Date: 2025-04-28 | Close: 41.61
2025-04-28, Candle 706 | Date: 2025-04-28 | Close: 41.62
2025-04-28, Candle 707 | Date: 2025-04-28 | Close: 41.68
2025-04-28, Candle 708 | Date: 2025-04-28 | Close: 41.605
2025-04-28, Candle 709 | Date: 2025-04-28 | Close: 41.53
2025-04-28, Candle 710 | Date: 2025-04-28 | Close: 41.505
2025-04-28, Candle 711 | Date: 2025-04-28 | Close: 41.545
2025-04-28, Candle 712 | Date: 2025-04-28 | Close: 41.5652
2025-04-28, Candle 713 | Date: 2025-04-28 | Close: 41.505
2025-04-28, Candle 714 | Date: 2025-04-28 | Close: 41.53
2025-04-28, Candle 715 | Date: 2025-04-28 | Close: 41.5
2025-04-28, Candle 716 | Date: 2025-04-28 | Close: 41.46
2025-04-28, Candle 717 | Date: 2025-04-28 | Close: 41.47
2025-04-28, Candle 718 | Date: 2025-04-28 | Close: 41.575
2025-04-28, Candle 719 | Date: 2025-04-28 | Close: 41.6
2025-04-28, Candle 720 | Date: 2025-04-28 | Close: 41.64
2025-04-28, Candle 721 | Date: 2025-04-28 | Close: 41.64
2025-04-28, Candle 722 | Date: 2025-04-28 | Close: 41.69
2025-04-28, Candle 723 | Date: 2025-04-28 | Close: 41.67
2025-04-28, Candle 724 | Date: 2025-04-28 | Close: 41.65
2025-04-28, Candle 725 | Date: 2025-04-28 | Close: 41.5642
2025-04-28, Candle 726 | Date: 2025-04-28 | Close: 41.5756
2025-04-28, Candle 727 | Date: 2025-04-28 | Close: 41.605
2025-04-28, Candle 728 | Date: 2025-04-28 | Close: 41.61
2025-04-28, Candle 729 | Date: 2025-04-28 | Close: 41.59
2025-04-28, Candle 730 | Date: 2025-04-28 | Close: 41.69
2025-04-28, Candle 731 | Date: 2025-04-28 | Close: 41.66
2025-04-28, Candle 732 | Date: 2025-04-28 | Close: 41.71
2025-04-28, Candle 733 | Date: 2025-04-28 | Close: 41.74
2025-04-28, Candle 734 | Date: 2025-04-28 | Close: 41.755
2025-04-28, Candle 735 | Date: 2025-04-28 | Close: 41.87
2025-04-28, Candle 736 | Date: 2025-04-28 | Close: 41.86
2025-04-28, Candle 737 | Date: 2025-04-28 | Close: 41.85
2025-04-28, Candle 738 | Date: 2025-04-28 | Close: 41.93
2025-04-28, Candle 739 | Date: 2025-04-28 | Close: 41.97
2025-04-28, Candle 740 | Date: 2025-04-28 | Close: 41.97
2025-04-28, Candle 741 | Date: 2025-04-28 | Close: 42.0018997
2025-04-28, Candle 742 | Date: 2025-04-28 | Close: 42.0256
2025-04-28, Candle 743 | Date: 2025-04-28 | Close: 42.05
2025-04-28, Candle 744 | Date: 2025-04-28 | Close: 42.01
2025-04-28, Candle 745 | Date: 2025-04-28 | Close: 42.03
2025-04-28, Candle 746 | Date: 2025-04-28 | Close: 42.0
2025-04-29, Candle 747 | Date: 2025-04-29 | Close: 42.046799
2025-04-29, Candle 748 | Date: 2025-04-29 | Close: 41.995
2025-04-29, Candle 749 | Date: 2025-04-29 | Close: 42.025398
2025-04-29, Candle 750 | Date: 2025-04-29 | Close: 41.965
2025-04-29, Candle 751 | Date: 2025-04-29 | Close: 42.064999
2025-04-29, Candle 752 | Date: 2025-04-29 | Close: 42.02
2025-04-29, Candle 753 | Date: 2025-04-29 | Close: 42.07
2025-04-29, Candle 754 | Date: 2025-04-29 | Close: 42.11
2025-04-29, Candle 755 | Date: 2025-04-29 | Close: 42.055
2025-04-29, Candle 756 | Date: 2025-04-29 | Close: 42.0
2025-04-29, Candle 757 | Date: 2025-04-29 | Close: 41.98
2025-04-29, Candle 758 | Date: 2025-04-29 | Close: 41.99
2025-04-29, Candle 759 | Date: 2025-04-29 | Close: 42.049999
2025-04-29, Candle 760 | Date: 2025-04-29 | Close: 42.17
2025-04-29, Candle 761 | Date: 2025-04-29 | Close: 42.19
2025-04-29, Candle 762 | Date: 2025-04-29 | Close: 42.13
2025-04-29, Candle 763 | Date: 2025-04-29 | Close: 42.09
2025-04-29, Candle 764 | Date: 2025-04-29 | Close: 42.1144
2025-04-29, Candle 765 | Date: 2025-04-29 | Close: 42.080002
2025-04-29, Candle 766 | Date: 2025-04-29 | Close: 42.15
2025-04-29, Candle 767 | Date: 2025-04-29 | Close: 42.0844
2025-04-29, Candle 768 | Date: 2025-04-29 | Close: 42.026299
2025-04-29, Candle 769 | Date: 2025-04-29 | Close: 42.0
2025-04-29, Candle 770 | Date: 2025-04-29 | Close: 42.044998
2025-04-29, Candle 771 | Date: 2025-04-29 | Close: 42.0099983
2025-04-29, Candle 772 | Date: 2025-04-29 | Close: 42.049999
2025-04-29, Candle 773 | Date: 2025-04-29 | Close: 42.094601
2025-04-29, Candle 774 | Date: 2025-04-29 | Close: 42.07
2025-04-29, Candle 775 | Date: 2025-04-29 | Close: 42.044998
2025-04-29, Candle 776 | Date: 2025-04-29 | Close: 42.029999
2025-04-29, Candle 777 | Date: 2025-04-29 | Close: 42.07
2025-04-29, Candle 778 | Date: 2025-04-29 | Close: 42.07
2025-04-29, Candle 779 | Date: 2025-04-29 | Close: 42.080002
2025-04-29, Candle 780 | Date: 2025-04-29 | Close: 42.07
2025-04-29, Candle 781 | Date: 2025-04-29 | Close: 42.1235
2025-04-29, Candle 782 | Date: 2025-04-29 | Close: 42.17
2025-04-29, Candle 783 | Date: 2025-04-29 | Close: 42.255
2025-04-29, SELL EXECUTED, Price: 42.29, Cost: 420.15, Comm 0.42
Trade closed. Gross PnL: 2.749999999999986, Net PnL (after commission): 1.9069499999999857
2025-04-29, Candle 784 | Date: 2025-04-29 | Close: 42.235
2025-04-29, Candle 785 | Date: 2025-04-29 | Close: 42.305
2025-04-29, Candle 786 | Date: 2025-04-29 | Close: 42.22
2025-04-29, Candle 787 | Date: 2025-04-29 | Close: 42.235
2025-04-29, Candle 788 | Date: 2025-04-29 | Close: 42.089901
2025-04-29, Candle 789 | Date: 2025-04-29 | Close: 42.029999
2025-04-29, Candle 790 | Date: 2025-04-29 | Close: 42.059898
2025-04-29, Candle 791 | Date: 2025-04-29 | Close: 42.1201
2025-04-29, Candle 792 | Date: 2025-04-29 | Close: 42.16
2025-04-29, Candle 793 | Date: 2025-04-29 | Close: 42.1891
2025-04-29, Candle 794 | Date: 2025-04-29 | Close: 42.21
2025-04-29, Candle 795 | Date: 2025-04-29 | Close: 42.15
2025-04-29, Candle 796 | Date: 2025-04-29 | Close: 42.17
2025-04-29, Candle 797 | Date: 2025-04-29 | Close: 42.19
2025-04-29, Candle 798 | Date: 2025-04-29 | Close: 42.235
2025-04-29, Candle 799 | Date: 2025-04-29 | Close: 42.21
2025-04-29, Candle 800 | Date: 2025-04-29 | Close: 42.2
2025-04-29, Candle 801 | Date: 2025-04-29 | Close: 42.27
2025-04-29, Candle 802 | Date: 2025-04-29 | Close: 42.145
2025-04-29, Candle 803 | Date: 2025-04-29 | Close: 42.185
2025-04-29, Candle 804 | Date: 2025-04-29 | Close: 42.265
2025-04-29, Candle 805 | Date: 2025-04-29 | Close: 42.2635
2025-04-29, Candle 806 | Date: 2025-04-29 | Close: 42.285
2025-04-29, Candle 807 | Date: 2025-04-29 | Close: 42.2763
2025-04-29, Candle 808 | Date: 2025-04-29 | Close: 42.28
2025-04-29, Candle 809 | Date: 2025-04-29 | Close: 42.29
2025-04-29, Candle 810 | Date: 2025-04-29 | Close: 42.3
2025-04-29, Candle 811 | Date: 2025-04-29 | Close: 42.29
2025-04-29, Candle 812 | Date: 2025-04-29 | Close: 42.28
2025-04-29, Candle 813 | Date: 2025-04-29 | Close: 42.255
2025-04-29, Candle 814 | Date: 2025-04-29 | Close: 42.29
2025-04-29, Candle 815 | Date: 2025-04-29 | Close: 42.26
2025-04-29, Candle 816 | Date: 2025-04-29 | Close: 42.275
2025-04-29, Candle 817 | Date: 2025-04-29 | Close: 42.295
2025-04-29, Candle 818 | Date: 2025-04-29 | Close: 42.2501
2025-04-29, Candle 819 | Date: 2025-04-29 | Close: 42.21
2025-04-29, Candle 820 | Date: 2025-04-29 | Close: 42.23
2025-04-29, Candle 821 | Date: 2025-04-29 | Close: 42.24
2025-04-29, Candle 822 | Date: 2025-04-29 | Close: 42.2588
2025-04-29, Candle 823 | Date: 2025-04-29 | Close: 42.245
2025-04-29, Candle 824 | Date: 2025-04-29 | Close: 42.245
2025-04-30, Candle 825 | Date: 2025-04-30 | Close: 41.88
2025-04-30, Candle 826 | Date: 2025-04-30 | Close: 41.67
2025-04-30, Candle 827 | Date: 2025-04-30 | Close: 41.5955
2025-04-30, Candle 828 | Date: 2025-04-30 | Close: 41.54
2025-04-30, Candle 829 | Date: 2025-04-30 | Close: 41.36
2025-04-30, Candle 830 | Date: 2025-04-30 | Close: 41.21
2025-04-30, Candle 831 | Date: 2025-04-30 | Close: 41.35
2025-04-30, Candle 832 | Date: 2025-04-30 | Close: 41.345
2025-04-30, Candle 833 | Date: 2025-04-30 | Close: 41.39
2025-04-30, BUY EXECUTED, Price: 41.38, Cost: 413.80, Comm 0.41
2025-04-30, Candle 834 | Date: 2025-04-30 | Close: 41.365
2025-04-30, Candle 835 | Date: 2025-04-30 | Close: 41.59
2025-04-30, SELL EXECUTED, Price: 41.56, Cost: 413.80, Comm 0.42
Trade closed. Gross PnL: 1.7969999999999686, Net PnL (after commission): 0.9676029999999686
2025-04-30, Candle 836 | Date: 2025-04-30 | Close: 41.68
2025-04-30, Candle 837 | Date: 2025-04-30 | Close: 41.79
2025-04-30, Candle 838 | Date: 2025-04-30 | Close: 41.63
2025-04-30, Candle 839 | Date: 2025-04-30 | Close: 41.675
2025-04-30, Candle 840 | Date: 2025-04-30 | Close: 41.58
2025-04-30, Candle 841 | Date: 2025-04-30 | Close: 41.57
2025-04-30, Candle 842 | Date: 2025-04-30 | Close: 41.49
2025-04-30, Candle 843 | Date: 2025-04-30 | Close: 41.575
2025-04-30, Candle 844 | Date: 2025-04-30 | Close: 41.634
2025-04-30, Candle 845 | Date: 2025-04-30 | Close: 41.63
2025-04-30, Candle 846 | Date: 2025-04-30 | Close: 41.61
2025-04-30, Candle 847 | Date: 2025-04-30 | Close: 41.5563
2025-04-30, BUY EXECUTED, Price: 41.52, Cost: 415.20, Comm 0.42
2025-04-30, Candle 848 | Date: 2025-04-30 | Close: 41.5599
2025-04-30, Candle 849 | Date: 2025-04-30 | Close: 41.67
2025-04-30, Candle 850 | Date: 2025-04-30 | Close: 41.66
2025-04-30, Candle 851 | Date: 2025-04-30 | Close: 41.675
2025-04-30, Candle 852 | Date: 2025-04-30 | Close: 41.685
2025-04-30, Candle 853 | Date: 2025-04-30 | Close: 41.62
2025-04-30, Candle 854 | Date: 2025-04-30 | Close: 41.645
2025-04-30, Candle 855 | Date: 2025-04-30 | Close: 41.6
2025-04-30, Candle 856 | Date: 2025-04-30 | Close: 41.5701
2025-04-30, Candle 857 | Date: 2025-04-30 | Close: 41.535
2025-04-30, Candle 858 | Date: 2025-04-30 | Close: 41.495
2025-04-30, Candle 859 | Date: 2025-04-30 | Close: 41.5
2025-04-30, Candle 860 | Date: 2025-04-30 | Close: 41.51
2025-04-30, Candle 861 | Date: 2025-04-30 | Close: 41.55
2025-04-30, Candle 862 | Date: 2025-04-30 | Close: 41.65
2025-04-30, Candle 863 | Date: 2025-04-30 | Close: 41.685
2025-04-30, Candle 864 | Date: 2025-04-30 | Close: 41.69
2025-04-30, Candle 865 | Date: 2025-04-30 | Close: 41.6
2025-04-30, Candle 866 | Date: 2025-04-30 | Close: 41.615
2025-04-30, Candle 867 | Date: 2025-04-30 | Close: 41.65
2025-04-30, Candle 868 | Date: 2025-04-30 | Close: 41.585
2025-04-30, Candle 869 | Date: 2025-04-30 | Close: 41.565
2025-04-30, Candle 870 | Date: 2025-04-30 | Close: 41.59
2025-04-30, Candle 871 | Date: 2025-04-30 | Close: 41.59
2025-04-30, Candle 872 | Date: 2025-04-30 | Close: 41.66
2025-04-30, Candle 873 | Date: 2025-04-30 | Close: 41.6705
2025-04-30, Candle 874 | Date: 2025-04-30 | Close: 41.74
2025-04-30, SELL EXECUTED, Price: 41.72, Cost: 415.20, Comm 0.42
Trade closed. Gross PnL: 1.9999999999999574, Net PnL (after commission): 1.1675999999999573
2025-04-30, Candle 875 | Date: 2025-04-30 | Close: 41.7701
2025-04-30, Candle 876 | Date: 2025-04-30 | Close: 41.7396
2025-04-30, Candle 877 | Date: 2025-04-30 | Close: 41.72
2025-04-30, BUY EXECUTED, Price: 41.73, Cost: 417.28, Comm 0.42
2025-04-30, Candle 878 | Date: 2025-04-30 | Close: 41.69
2025-04-30, Candle 879 | Date: 2025-04-30 | Close: 41.68
2025-04-30, Candle 880 | Date: 2025-04-30 | Close: 41.77
2025-04-30, Candle 881 | Date: 2025-04-30 | Close: 41.8
2025-04-30, Candle 882 | Date: 2025-04-30 | Close: 41.8451
2025-04-30, Candle 883 | Date: 2025-04-30 | Close: 41.77
2025-04-30, Candle 884 | Date: 2025-04-30 | Close: 41.71
2025-04-30, Candle 885 | Date: 2025-04-30 | Close: 41.7
2025-04-30, Candle 886 | Date: 2025-04-30 | Close: 41.67
2025-04-30, Candle 887 | Date: 2025-04-30 | Close: 41.68
2025-04-30, Candle 888 | Date: 2025-04-30 | Close: 41.72
2025-04-30, Candle 889 | Date: 2025-04-30 | Close: 41.71
2025-04-30, Candle 890 | Date: 2025-04-30 | Close: 41.68
2025-04-30, Candle 891 | Date: 2025-04-30 | Close: 41.7
2025-04-30, Candle 892 | Date: 2025-04-30 | Close: 41.685
2025-04-30, Candle 893 | Date: 2025-04-30 | Close: 41.6987
2025-04-30, Candle 894 | Date: 2025-04-30 | Close: 41.625
2025-04-30, Candle 895 | Date: 2025-04-30 | Close: 41.58
2025-04-30, Candle 896 | Date: 2025-04-30 | Close: 41.5499
2025-04-30, Candle 897 | Date: 2025-04-30 | Close: 41.5552
2025-04-30, Candle 898 | Date: 2025-04-30 | Close: 41.58
2025-04-30, Candle 899 | Date: 2025-04-30 | Close: 41.605
2025-04-30, Candle 900 | Date: 2025-04-30 | Close: 41.65
2025-04-30, Candle 901 | Date: 2025-04-30 | Close: 41.67
2025-04-30, Candle 902 | Date: 2025-04-30 | Close: 41.7
2025-05-01, Candle 903 | Date: 2025-05-01 | Close: 42.7
2025-05-01, SELL EXECUTED, Price: 42.69, Cost: 417.28, Comm 0.43
Trade closed. Gross PnL: 9.568000000000012, Net PnL (after commission): 8.723868000000012
2025-05-01, Candle 904 | Date: 2025-05-01 | Close: 42.6584
2025-05-01, Candle 905 | Date: 2025-05-01 | Close: 42.669
2025-05-01, Candle 906 | Date: 2025-05-01 | Close: 42.64
2025-05-01, Candle 907 | Date: 2025-05-01 | Close: 42.56
2025-05-01, Candle 908 | Date: 2025-05-01 | Close: 42.5
2025-05-01, Candle 909 | Date: 2025-05-01 | Close: 42.6
2025-05-01, Candle 910 | Date: 2025-05-01 | Close: 42.66
2025-05-01, Candle 911 | Date: 2025-05-01 | Close: 42.7
2025-05-01, Candle 912 | Date: 2025-05-01 | Close: 42.74
2025-05-01, Candle 913 | Date: 2025-05-01 | Close: 42.76
2025-05-01, Candle 914 | Date: 2025-05-01 | Close: 42.7795
2025-05-01, Candle 915 | Date: 2025-05-01 | Close: 42.77
2025-05-01, Candle 916 | Date: 2025-05-01 | Close: 42.855
2025-05-01, Candle 917 | Date: 2025-05-01 | Close: 42.77
2025-05-01, Candle 918 | Date: 2025-05-01 | Close: 42.82
2025-05-01, Candle 919 | Date: 2025-05-01 | Close: 42.87
2025-05-01, Candle 920 | Date: 2025-05-01 | Close: 42.975
2025-05-01, Candle 921 | Date: 2025-05-01 | Close: 43.02
2025-05-01, Candle 922 | Date: 2025-05-01 | Close: 43.060001
2025-05-01, Candle 923 | Date: 2025-05-01 | Close: 43.2244
2025-05-01, Candle 924 | Date: 2025-05-01 | Close: 43.115
2025-05-01, Candle 925 | Date: 2025-05-01 | Close: 43.040001
2025-05-01, Candle 926 | Date: 2025-05-01 | Close: 43.099899
2025-05-01, Candle 927 | Date: 2025-05-01 | Close: 43.0087013
2025-05-01, Candle 928 | Date: 2025-05-01 | Close: 43.079899
2025-05-01, Candle 929 | Date: 2025-05-01 | Close: 43.03
2025-05-01, Candle 930 | Date: 2025-05-01 | Close: 43.0
2025-05-01, Candle 931 | Date: 2025-05-01 | Close: 43.0
2025-05-01, Candle 932 | Date: 2025-05-01 | Close: 42.97
2025-05-01, Candle 933 | Date: 2025-05-01 | Close: 43.029999
2025-05-01, Candle 934 | Date: 2025-05-01 | Close: 43.07
2025-05-01, Candle 935 | Date: 2025-05-01 | Close: 43.080002
2025-05-01, Candle 936 | Date: 2025-05-01 | Close: 43.029999
2025-05-01, Candle 937 | Date: 2025-05-01 | Close: 43.055
2025-05-01, Candle 938 | Date: 2025-05-01 | Close: 43.12
2025-05-01, Candle 939 | Date: 2025-05-01 | Close: 43.17
2025-05-01, Candle 940 | Date: 2025-05-01 | Close: 43.18
2025-05-01, Candle 941 | Date: 2025-05-01 | Close: 43.18
2025-05-01, Candle 942 | Date: 2025-05-01 | Close: 43.1398
2025-05-01, Candle 943 | Date: 2025-05-01 | Close: 43.083599
2025-05-01, Candle 944 | Date: 2025-05-01 | Close: 43.035099
2025-05-01, Candle 945 | Date: 2025-05-01 | Close: 43.115
2025-05-01, Candle 946 | Date: 2025-05-01 | Close: 43.095001
2025-05-01, Candle 947 | Date: 2025-05-01 | Close: 43.075001
2025-05-01, Candle 948 | Date: 2025-05-01 | Close: 43.095001
2025-05-01, Candle 949 | Date: 2025-05-01 | Close: 43.060001
2025-05-01, Candle 950 | Date: 2025-05-01 | Close: 42.965
2025-05-01, Candle 951 | Date: 2025-05-01 | Close: 43.0
2025-05-01, Candle 952 | Date: 2025-05-01 | Close: 42.92
2025-05-01, Candle 953 | Date: 2025-05-01 | Close: 42.81
2025-05-01, Candle 954 | Date: 2025-05-01 | Close: 42.82
2025-05-01, Candle 955 | Date: 2025-05-01 | Close: 42.8851
2025-05-01, Candle 956 | Date: 2025-05-01 | Close: 42.91
2025-05-01, Candle 957 | Date: 2025-05-01 | Close: 42.895
2025-05-01, Candle 958 | Date: 2025-05-01 | Close: 42.9
2025-05-01, Candle 959 | Date: 2025-05-01 | Close: 42.84
2025-05-01, Candle 960 | Date: 2025-05-01 | Close: 42.85
2025-05-01, Candle 961 | Date: 2025-05-01 | Close: 42.83
2025-05-01, Candle 962 | Date: 2025-05-01 | Close: 42.8
2025-05-01, Candle 963 | Date: 2025-05-01 | Close: 42.835
2025-05-01, Candle 964 | Date: 2025-05-01 | Close: 42.87
2025-05-01, Candle 965 | Date: 2025-05-01 | Close: 42.9
2025-05-01, Candle 966 | Date: 2025-05-01 | Close: 42.99
2025-05-01, Candle 967 | Date: 2025-05-01 | Close: 42.955
2025-05-01, Candle 968 | Date: 2025-05-01 | Close: 42.96
2025-05-01, Candle 969 | Date: 2025-05-01 | Close: 42.9
2025-05-01, Candle 970 | Date: 2025-05-01 | Close: 42.828
2025-05-01, Candle 971 | Date: 2025-05-01 | Close: 42.78
2025-05-01, Candle 972 | Date: 2025-05-01 | Close: 42.83
2025-05-01, Candle 973 | Date: 2025-05-01 | Close: 42.76
2025-05-01, Candle 974 | Date: 2025-05-01 | Close: 42.78
2025-05-01, Candle 975 | Date: 2025-05-01 | Close: 42.835
2025-05-01, Candle 976 | Date: 2025-05-01 | Close: 42.835
2025-05-01, Candle 977 | Date: 2025-05-01 | Close: 42.775
2025-05-01, Candle 978 | Date: 2025-05-01 | Close: 42.83
2025-05-01, Candle 979 | Date: 2025-05-01 | Close: 42.84
2025-05-01, Candle 980 | Date: 2025-05-01 | Close: 42.78
2025-05-02, Candle 981 | Date: 2025-05-02 | Close: 42.955
2025-05-02, BUY EXECUTED, Price: 42.94, Cost: 429.40, Comm 0.43
2025-05-02, Candle 982 | Date: 2025-05-02 | Close: 42.92
2025-05-02, Candle 983 | Date: 2025-05-02 | Close: 42.99
2025-05-02, Candle 984 | Date: 2025-05-02 | Close: 42.95
2025-05-02, Candle 985 | Date: 2025-05-02 | Close: 42.96
2025-05-02, Candle 986 | Date: 2025-05-02 | Close: 42.905
2025-05-02, Candle 987 | Date: 2025-05-02 | Close: 42.99
2025-05-02, Candle 988 | Date: 2025-05-02 | Close: 42.99
2025-05-02, Candle 989 | Date: 2025-05-02 | Close: 42.92
2025-05-02, Candle 990 | Date: 2025-05-02 | Close: 43.0
2025-05-02, Candle 991 | Date: 2025-05-02 | Close: 43.029999
2025-05-02, Candle 992 | Date: 2025-05-02 | Close: 43.080002
2025-05-02, Candle 993 | Date: 2025-05-02 | Close: 43.135
2025-05-02, the Volume is True | the RSI is 78.02197802197824 Trend is True Nearliquidity True
2025-05-02, Candle 994 | Date: 2025-05-02 | Close: 43.29
2025-05-02, SELL EXECUTED, Price: 43.29, Cost: 429.40, Comm 0.43
Trade closed. Gross PnL: 3.500000000000014, Net PnL (after commission): 2.637700000000014
2025-05-02, Candle 995 | Date: 2025-05-02 | Close: 43.19
2025-05-02, Candle 996 | Date: 2025-05-02 | Close: 43.255
2025-05-02, Candle 997 | Date: 2025-05-02 | Close: 43.34
2025-05-02, Candle 998 | Date: 2025-05-02 | Close: 43.375
2025-05-02, Candle 999 | Date: 2025-05-02 | Close: 43.36
2025-05-02, Candle 1000 | Date: 2025-05-02 | Close: 43.315
2025-05-02, Candle 1001 | Date: 2025-05-02 | Close: 43.27
2025-05-02, Candle 1002 | Date: 2025-05-02 | Close: 43.29
2025-05-02, Candle 1003 | Date: 2025-05-02 | Close: 43.23
2025-05-02, Candle 1004 | Date: 2025-05-02 | Close: 43.11
2025-05-02, Candle 1005 | Date: 2025-05-02 | Close: 43.18
2025-05-02, Candle 1006 | Date: 2025-05-02 | Close: 43.1901
2025-05-02, Candle 1007 | Date: 2025-05-02 | Close: 43.23
2025-05-02, Candle 1008 | Date: 2025-05-02 | Close: 43.2301
2025-05-02, Candle 1009 | Date: 2025-05-02 | Close: 43.16
2025-05-02, Candle 1010 | Date: 2025-05-02 | Close: 43.18
2025-05-02, Candle 1011 | Date: 2025-05-02 | Close: 43.32
2025-05-02, Candle 1012 | Date: 2025-05-02 | Close: 43.305
2025-05-02, Candle 1013 | Date: 2025-05-02 | Close: 43.28
2025-05-02, Candle 1014 | Date: 2025-05-02 | Close: 43.335
2025-05-02, Candle 1015 | Date: 2025-05-02 | Close: 43.34
2025-05-02, Candle 1016 | Date: 2025-05-02 | Close: 43.32
2025-05-02, Candle 1017 | Date: 2025-05-02 | Close: 43.3
2025-05-02, Candle 1018 | Date: 2025-05-02 | Close: 43.295
2025-05-02, Candle 1019 | Date: 2025-05-02 | Close: 43.305
2025-05-02, Candle 1020 | Date: 2025-05-02 | Close: 43.2599
2025-05-02, Candle 1021 | Date: 2025-05-02 | Close: 43.21
2025-05-02, Candle 1022 | Date: 2025-05-02 | Close: 43.1751
2025-05-02, Candle 1023 | Date: 2025-05-02 | Close: 43.14
2025-05-02, Candle 1024 | Date: 2025-05-02 | Close: 43.07
2025-05-02, Candle 1025 | Date: 2025-05-02 | Close: 43.070202
2025-05-02, BUY EXECUTED, Price: 43.08, Cost: 430.80, Comm 0.43
2025-05-02, Candle 1026 | Date: 2025-05-02 | Close: 43.11
2025-05-02, Candle 1027 | Date: 2025-05-02 | Close: 43.12
2025-05-02, Candle 1028 | Date: 2025-05-02 | Close: 43.16
2025-05-02, Candle 1029 | Date: 2025-05-02 | Close: 43.1947
2025-05-02, Candle 1030 | Date: 2025-05-02 | Close: 43.2051
2025-05-02, Candle 1031 | Date: 2025-05-02 | Close: 43.13
2025-05-02, Candle 1032 | Date: 2025-05-02 | Close: 43.1107
2025-05-02, Candle 1033 | Date: 2025-05-02 | Close: 43.165
2025-05-02, Candle 1034 | Date: 2025-05-02 | Close: 43.1901
2025-05-02, Candle 1035 | Date: 2025-05-02 | Close: 43.225
2025-05-02, Candle 1036 | Date: 2025-05-02 | Close: 43.2
2025-05-02, Candle 1037 | Date: 2025-05-02 | Close: 43.2582
2025-05-02, Candle 1038 | Date: 2025-05-02 | Close: 43.235
2025-05-02, Candle 1039 | Date: 2025-05-02 | Close: 43.22
2025-05-02, Candle 1040 | Date: 2025-05-02 | Close: 43.22
2025-05-02, Candle 1041 | Date: 2025-05-02 | Close: 43.27
2025-05-02, Candle 1042 | Date: 2025-05-02 | Close: 43.27
2025-05-02, Candle 1043 | Date: 2025-05-02 | Close: 43.26
2025-05-02, Candle 1044 | Date: 2025-05-02 | Close: 43.21
2025-05-02, Candle 1045 | Date: 2025-05-02 | Close: 43.13
2025-05-02, Candle 1046 | Date: 2025-05-02 | Close: 43.080002
2025-05-02, Candle 1047 | Date: 2025-05-02 | Close: 43.040001
2025-05-02, Candle 1048 | Date: 2025-05-02 | Close: 43.029999
2025-05-02, Candle 1049 | Date: 2025-05-02 | Close: 43.0080986
2025-05-02, Candle 1050 | Date: 2025-05-02 | Close: 43.02
2025-05-02, Candle 1051 | Date: 2025-05-02 | Close: 43.069
2025-05-02, Candle 1052 | Date: 2025-05-02 | Close: 43.074501
2025-05-02, Candle 1053 | Date: 2025-05-02 | Close: 42.99
2025-05-02, Candle 1054 | Date: 2025-05-02 | Close: 42.965
2025-05-02, Candle 1055 | Date: 2025-05-02 | Close: 42.94
2025-05-02, Candle 1056 | Date: 2025-05-02 | Close: 42.89
2025-05-02, Candle 1057 | Date: 2025-05-02 | Close: 42.95
2025-05-02, Candle 1058 | Date: 2025-05-02 | Close: 42.97
2025-05-05, Candle 1059 | Date: 2025-05-05 | Close: 41.67
2025-05-05, Candle 1060 | Date: 2025-05-05 | Close: 41.56
2025-05-05, Candle 1061 | Date: 2025-05-05 | Close: 41.58
2025-05-05, Candle 1062 | Date: 2025-05-05 | Close: 41.53
2025-05-05, Candle 1063 | Date: 2025-05-05 | Close: 41.51
2025-05-05, Candle 1064 | Date: 2025-05-05 | Close: 41.71
2025-05-05, Candle 1065 | Date: 2025-05-05 | Close: 41.81
2025-05-05, Candle 1066 | Date: 2025-05-05 | Close: 41.79
2025-05-05, Candle 1067 | Date: 2025-05-05 | Close: 41.65
2025-05-05, Candle 1068 | Date: 2025-05-05 | Close: 41.69
2025-05-05, Candle 1069 | Date: 2025-05-05 | Close: 41.56
2025-05-05, Candle 1070 | Date: 2025-05-05 | Close: 41.59
2025-05-05, Candle 1071 | Date: 2025-05-05 | Close: 41.555
2025-05-05, Candle 1072 | Date: 2025-05-05 | Close: 41.65
2025-05-05, Candle 1073 | Date: 2025-05-05 | Close: 41.67
2025-05-05, Candle 1074 | Date: 2025-05-05 | Close: 41.7082
2025-05-05, Candle 1075 | Date: 2025-05-05 | Close: 41.58
2025-05-05, Candle 1076 | Date: 2025-05-05 | Close: 41.59
2025-05-05, Candle 1077 | Date: 2025-05-05 | Close: 41.53
2025-05-05, Candle 1078 | Date: 2025-05-05 | Close: 41.5
2025-05-05, Candle 1079 | Date: 2025-05-05 | Close: 41.53
2025-05-05, Candle 1080 | Date: 2025-05-05 | Close: 41.58
2025-05-05, Candle 1081 | Date: 2025-05-05 | Close: 41.59
2025-05-05, Candle 1082 | Date: 2025-05-05 | Close: 41.56
2025-05-05, Candle 1083 | Date: 2025-05-05 | Close: 41.56
2025-05-05, Candle 1084 | Date: 2025-05-05 | Close: 41.55
2025-05-05, Candle 1085 | Date: 2025-05-05 | Close: 41.51
2025-05-05, Candle 1086 | Date: 2025-05-05 | Close: 41.47
2025-05-05, Candle 1087 | Date: 2025-05-05 | Close: 41.53
2025-05-05, Candle 1088 | Date: 2025-05-05 | Close: 41.54
2025-05-05, Candle 1089 | Date: 2025-05-05 | Close: 41.58
2025-05-05, Candle 1090 | Date: 2025-05-05 | Close: 41.59
2025-05-05, Candle 1091 | Date: 2025-05-05 | Close: 41.63
2025-05-05, Candle 1092 | Date: 2025-05-05 | Close: 41.72
2025-05-05, Candle 1093 | Date: 2025-05-05 | Close: 41.7
2025-05-05, Candle 1094 | Date: 2025-05-05 | Close: 41.71
2025-05-05, Candle 1095 | Date: 2025-05-05 | Close: 41.75
2025-05-05, Candle 1096 | Date: 2025-05-05 | Close: 41.72
2025-05-05, Candle 1097 | Date: 2025-05-05 | Close: 41.74
2025-05-05, Candle 1098 | Date: 2025-05-05 | Close: 41.755
2025-05-05, Candle 1099 | Date: 2025-05-05 | Close: 41.72
2025-05-05, Candle 1100 | Date: 2025-05-05 | Close: 41.74
2025-05-05, Candle 1101 | Date: 2025-05-05 | Close: 41.76
2025-05-05, Candle 1102 | Date: 2025-05-05 | Close: 41.71
2025-05-05, Candle 1103 | Date: 2025-05-05 | Close: 41.675
2025-05-05, Candle 1104 | Date: 2025-05-05 | Close: 41.71
2025-05-05, Candle 1105 | Date: 2025-05-05 | Close: 41.77
2025-05-05, Candle 1106 | Date: 2025-05-05 | Close: 41.8
2025-05-05, Candle 1107 | Date: 2025-05-05 | Close: 41.84
2025-05-05, Candle 1108 | Date: 2025-05-05 | Close: 41.9
2025-05-05, Candle 1109 | Date: 2025-05-05 | Close: 41.8601
2025-05-05, Candle 1110 | Date: 2025-05-05 | Close: 41.84
2025-05-05, Candle 1111 | Date: 2025-05-05 | Close: 41.84
2025-05-05, Candle 1112 | Date: 2025-05-05 | Close: 41.86
2025-05-05, Candle 1113 | Date: 2025-05-05 | Close: 41.8845
2025-05-05, Candle 1114 | Date: 2025-05-05 | Close: 41.9201
2025-05-05, Candle 1115 | Date: 2025-05-05 | Close: 41.94
2025-05-05, Candle 1116 | Date: 2025-05-05 | Close: 41.9345
2025-05-05, Candle 1117 | Date: 2025-05-05 | Close: 41.93
2025-05-05, Candle 1118 | Date: 2025-05-05 | Close: 41.8945
2025-05-05, Candle 1119 | Date: 2025-05-05 | Close: 41.9601
2025-05-05, Candle 1120 | Date: 2025-05-05 | Close: 42.02
2025-05-05, Candle 1121 | Date: 2025-05-05 | Close: 42.035
2025-05-05, Candle 1122 | Date: 2025-05-05 | Close: 42.035
2025-05-05, Candle 1123 | Date: 2025-05-05 | Close: 41.96
2025-05-05, Candle 1124 | Date: 2025-05-05 | Close: 41.9514
2025-05-05, Candle 1125 | Date: 2025-05-05 | Close: 42.0
2025-05-05, Candle 1126 | Date: 2025-05-05 | Close: 41.99
2025-05-05, Candle 1127 | Date: 2025-05-05 | Close: 42.0099983
2025-05-05, Candle 1128 | Date: 2025-05-05 | Close: 41.9897
2025-05-05, Candle 1129 | Date: 2025-05-05 | Close: 41.968
2025-05-05, Candle 1130 | Date: 2025-05-05 | Close: 41.9152
2025-05-05, Candle 1131 | Date: 2025-05-05 | Close: 41.8819
2025-05-05, Candle 1132 | Date: 2025-05-05 | Close: 41.875
2025-05-05, Candle 1133 | Date: 2025-05-05 | Close: 41.8445
2025-05-05, Candle 1134 | Date: 2025-05-05 | Close: 41.815
2025-05-05, Candle 1135 | Date: 2025-05-05 | Close: 41.7911
2025-05-05, Candle 1136 | Date: 2025-05-05 | Close: 41.775
2025-05-06, Candle 1137 | Date: 2025-05-06 | Close: 41.49
2025-05-06, Candle 1138 | Date: 2025-05-06 | Close: 41.535
2025-05-06, Candle 1139 | Date: 2025-05-06 | Close: 41.61
2025-05-06, Candle 1140 | Date: 2025-05-06 | Close: 41.52
2025-05-06, Candle 1141 | Date: 2025-05-06 | Close: 41.365
2025-05-06, Candle 1142 | Date: 2025-05-06 | Close: 41.447
2025-05-06, Candle 1143 | Date: 2025-05-06 | Close: 41.59
2025-05-06, Candle 1144 | Date: 2025-05-06 | Close: 41.61
2025-05-06, Candle 1145 | Date: 2025-05-06 | Close: 41.665
2025-05-06, Candle 1146 | Date: 2025-05-06 | Close: 41.82
2025-05-06, Candle 1147 | Date: 2025-05-06 | Close: 41.8898
2025-05-06, Candle 1148 | Date: 2025-05-06 | Close: 41.76
2025-05-06, Candle 1149 | Date: 2025-05-06 | Close: 41.805
2025-05-06, Candle 1150 | Date: 2025-05-06 | Close: 41.765
2025-05-06, Candle 1151 | Date: 2025-05-06 | Close: 41.7345
2025-05-06, Candle 1152 | Date: 2025-05-06 | Close: 41.78
2025-05-06, Candle 1153 | Date: 2025-05-06 | Close: 41.7
2025-05-06, Candle 1154 | Date: 2025-05-06 | Close: 41.7
2025-05-06, Candle 1155 | Date: 2025-05-06 | Close: 41.74
2025-05-06, Candle 1156 | Date: 2025-05-06 | Close: 41.65
2025-05-06, Candle 1157 | Date: 2025-05-06 | Close: 41.76
2025-05-06, Candle 1158 | Date: 2025-05-06 | Close: 41.8091
2025-05-06, Candle 1159 | Date: 2025-05-06 | Close: 41.84
2025-05-06, Candle 1160 | Date: 2025-05-06 | Close: 41.87
2025-05-06, Candle 1161 | Date: 2025-05-06 | Close: 41.92
2025-05-06, Candle 1162 | Date: 2025-05-06 | Close: 41.945
2025-05-06, Candle 1163 | Date: 2025-05-06 | Close: 41.9001
2025-05-06, Candle 1164 | Date: 2025-05-06 | Close: 41.915
2025-05-06, Candle 1165 | Date: 2025-05-06 | Close: 41.865
2025-05-06, Candle 1166 | Date: 2025-05-06 | Close: 41.875
2025-05-06, Candle 1167 | Date: 2025-05-06 | Close: 41.88
2025-05-06, Candle 1168 | Date: 2025-05-06 | Close: 41.81
2025-05-06, Candle 1169 | Date: 2025-05-06 | Close: 42.0
2025-05-06, the Volume is True | the RSI is 70.55357632228063 Trend is True Nearliquidity True
2025-05-06, Candle 1170 | Date: 2025-05-06 | Close: 41.95
2025-05-06, Candle 1171 | Date: 2025-05-06 | Close: 41.8306
2025-05-06, Candle 1172 | Date: 2025-05-06 | Close: 41.88
2025-05-06, Candle 1173 | Date: 2025-05-06 | Close: 41.9
2025-05-06, Candle 1174 | Date: 2025-05-06 | Close: 41.91
2025-05-06, Candle 1175 | Date: 2025-05-06 | Close: 41.845
2025-05-06, Candle 1176 | Date: 2025-05-06 | Close: 41.84
2025-05-06, Candle 1177 | Date: 2025-05-06 | Close: 41.7997
2025-05-06, Candle 1178 | Date: 2025-05-06 | Close: 41.7449
2025-05-06, Candle 1179 | Date: 2025-05-06 | Close: 41.8235
2025-05-06, Candle 1180 | Date: 2025-05-06 | Close: 41.8399
2025-05-06, Candle 1181 | Date: 2025-05-06 | Close: 41.8345
2025-05-06, Candle 1182 | Date: 2025-05-06 | Close: 41.91
2025-05-06, Candle 1183 | Date: 2025-05-06 | Close: 41.9
2025-05-06, Candle 1184 | Date: 2025-05-06 | Close: 41.94
2025-05-06, Candle 1185 | Date: 2025-05-06 | Close: 41.995
2025-05-06, Candle 1186 | Date: 2025-05-06 | Close: 41.975
2025-05-06, Candle 1187 | Date: 2025-05-06 | Close: 41.9
2025-05-06, Candle 1188 | Date: 2025-05-06 | Close: 41.86
2025-05-06, Candle 1189 | Date: 2025-05-06 | Close: 41.875
2025-05-06, Candle 1190 | Date: 2025-05-06 | Close: 41.8703
2025-05-06, Candle 1191 | Date: 2025-05-06 | Close: 41.9
2025-05-06, Candle 1192 | Date: 2025-05-06 | Close: 41.92
2025-05-06, Candle 1193 | Date: 2025-05-06 | Close: 41.9
2025-05-06, Candle 1194 | Date: 2025-05-06 | Close: 41.99
2025-05-06, Candle 1195 | Date: 2025-05-06 | Close: 41.995
2025-05-06, Candle 1196 | Date: 2025-05-06 | Close: 42.049999
2025-05-06, Candle 1197 | Date: 2025-05-06 | Close: 42.040001
2025-05-06, Candle 1198 | Date: 2025-05-06 | Close: 42.040001
2025-05-06, Candle 1199 | Date: 2025-05-06 | Close: 42.0099983
2025-05-06, Candle 1200 | Date: 2025-05-06 | Close: 42.055
2025-05-06, the Volume is True | the RSI is 72.03509932147495 Trend is True Nearliquidity True
2025-05-06, Candle 1201 | Date: 2025-05-06 | Close: 42.064999
2025-05-06, the Volume is True | the RSI is 83.16845360084494 Trend is True Nearliquidity True
2025-05-06, Candle 1202 | Date: 2025-05-06 | Close: 42.115
2025-05-06, the Volume is True | the RSI is 79.2454611466658 Trend is True Nearliquidity True
2025-05-06, Candle 1203 | Date: 2025-05-06 | Close: 42.099899
2025-05-06, Candle 1204 | Date: 2025-05-06 | Close: 42.105
2025-05-06, the Volume is True | the RSI is 79.40745822495688 Trend is True Nearliquidity True
2025-05-06, Candle 1205 | Date: 2025-05-06 | Close: 42.1145
2025-05-06, Candle 1206 | Date: 2025-05-06 | Close: 42.115
2025-05-06, the Volume is True | the RSI is 84.26580096024173 Trend is True Nearliquidity True
2025-05-06, Candle 1207 | Date: 2025-05-06 | Close: 42.14
2025-05-06, Candle 1208 | Date: 2025-05-06 | Close: 42.14
2025-05-06, Candle 1209 | Date: 2025-05-06 | Close: 42.1351
2025-05-06, Candle 1210 | Date: 2025-05-06 | Close: 42.115
2025-05-06, Candle 1211 | Date: 2025-05-06 | Close: 42.14
2025-05-06, Candle 1212 | Date: 2025-05-06 | Close: 42.1236
2025-05-06, Candle 1213 | Date: 2025-05-06 | Close: 42.0555
2025-05-06, Candle 1214 | Date: 2025-05-06 | Close: 42.07
2025-05-07, Candle 1215 | Date: 2025-05-07 | Close: 42.9567
2025-05-07, Candle 1216 | Date: 2025-05-07 | Close: 42.9794
2025-05-07, the Volume is True | the RSI is 91.01649764829158 Trend is True Nearliquidity True
2025-05-07, Candle 1217 | Date: 2025-05-07 | Close: 43.0998
2025-05-07, the Volume is True | the RSI is 82.18963977374221 Trend is True Nearliquidity True
2025-05-07, Candle 1218 | Date: 2025-05-07 | Close: 42.97
2025-05-07, Candle 1219 | Date: 2025-05-07 | Close: 42.965
2025-05-07, Candle 1220 | Date: 2025-05-07 | Close: 43.0
2025-05-07, Candle 1221 | Date: 2025-05-07 | Close: 43.02
2025-05-07, the Volume is True | the RSI is 82.89813293533999 Trend is True Nearliquidity True
2025-05-07, Candle 1222 | Date: 2025-05-07 | Close: 43.079899
2025-05-07, Candle 1223 | Date: 2025-05-07 | Close: 43.09
2025-05-07, the Volume is True | the RSI is 83.89889982360357 Trend is True Nearliquidity True
2025-05-07, Candle 1224 | Date: 2025-05-07 | Close: 43.080101
2025-05-07, Candle 1225 | Date: 2025-05-07 | Close: 43.080002
2025-05-07, Candle 1226 | Date: 2025-05-07 | Close: 43.19
2025-05-07, the Volume is True | the RSI is 87.97892298720286 Trend is True Nearliquidity True
2025-05-07, Candle 1227 | Date: 2025-05-07 | Close: 43.16
2025-05-07, Candle 1228 | Date: 2025-05-07 | Close: 43.15
2025-05-07, Candle 1229 | Date: 2025-05-07 | Close: 43.1391
2025-05-07, Candle 1230 | Date: 2025-05-07 | Close: 43.07
2025-05-07, Candle 1231 | Date: 2025-05-07 | Close: 42.915
2025-05-07, Candle 1232 | Date: 2025-05-07 | Close: 42.9602
2025-05-07, Candle 1233 | Date: 2025-05-07 | Close: 42.9207
2025-05-07, Candle 1234 | Date: 2025-05-07 | Close: 42.9022
2025-05-07, Candle 1235 | Date: 2025-05-07 | Close: 42.9201
2025-05-07, Candle 1236 | Date: 2025-05-07 | Close: 42.9634
2025-05-07, Candle 1237 | Date: 2025-05-07 | Close: 43.0050011
2025-05-07, Candle 1238 | Date: 2025-05-07 | Close: 43.0
2025-05-07, Candle 1239 | Date: 2025-05-07 | Close: 43.029999
2025-05-07, Candle 1240 | Date: 2025-05-07 | Close: 43.035
2025-05-07, Candle 1241 | Date: 2025-05-07 | Close: 43.036098
2025-05-07, Candle 1242 | Date: 2025-05-07 | Close: 42.9549
2025-05-07, Candle 1243 | Date: 2025-05-07 | Close: 42.95
2025-05-07, Candle 1244 | Date: 2025-05-07 | Close: 42.96
2025-05-07, Candle 1245 | Date: 2025-05-07 | Close: 42.89
2025-05-07, Candle 1246 | Date: 2025-05-07 | Close: 42.88
2025-05-07, Candle 1247 | Date: 2025-05-07 | Close: 42.9099
2025-05-07, Candle 1248 | Date: 2025-05-07 | Close: 42.87
2025-05-07, Candle 1249 | Date: 2025-05-07 | Close: 42.8
2025-05-07, Candle 1250 | Date: 2025-05-07 | Close: 42.775
2025-05-07, Candle 1251 | Date: 2025-05-07 | Close: 42.79
2025-05-07, Candle 1252 | Date: 2025-05-07 | Close: 42.818
2025-05-07, Candle 1253 | Date: 2025-05-07 | Close: 42.85
2025-05-07, Candle 1254 | Date: 2025-05-07 | Close: 42.885
2025-05-07, Candle 1255 | Date: 2025-05-07 | Close: 42.96
2025-05-07, Candle 1256 | Date: 2025-05-07 | Close: 42.92
2025-05-07, Candle 1257 | Date: 2025-05-07 | Close: 42.9
2025-05-07, Candle 1258 | Date: 2025-05-07 | Close: 42.87
2025-05-07, Candle 1259 | Date: 2025-05-07 | Close: 42.885
2025-05-07, Candle 1260 | Date: 2025-05-07 | Close: 42.86
2025-05-07, Candle 1261 | Date: 2025-05-07 | Close: 42.84
2025-05-07, Candle 1262 | Date: 2025-05-07 | Close: 42.83
2025-05-07, Candle 1263 | Date: 2025-05-07 | Close: 42.8286
2025-05-07, Candle 1264 | Date: 2025-05-07 | Close: 42.8152
2025-05-07, Candle 1265 | Date: 2025-05-07 | Close: 42.7966
2025-05-07, Candle 1266 | Date: 2025-05-07 | Close: 42.8452
2025-05-07, Candle 1267 | Date: 2025-05-07 | Close: 42.7
2025-05-07, Candle 1268 | Date: 2025-05-07 | Close: 42.66
2025-05-07, Candle 1269 | Date: 2025-05-07 | Close: 42.805
2025-05-07, Candle 1270 | Date: 2025-05-07 | Close: 42.52
2025-05-07, Candle 1271 | Date: 2025-05-07 | Close: 42.605
2025-05-07, Candle 1272 | Date: 2025-05-07 | Close: 42.67
2025-05-07, Candle 1273 | Date: 2025-05-07 | Close: 42.72
2025-05-07, Candle 1274 | Date: 2025-05-07 | Close: 42.7334
2025-05-07, Candle 1275 | Date: 2025-05-07 | Close: 42.905
2025-05-07, Candle 1276 | Date: 2025-05-07 | Close: 42.81
2025-05-07, Candle 1277 | Date: 2025-05-07 | Close: 42.72
2025-05-07, Candle 1278 | Date: 2025-05-07 | Close: 42.59
2025-05-07, Candle 1279 | Date: 2025-05-07 | Close: 42.622
2025-05-07, Candle 1280 | Date: 2025-05-07 | Close: 42.79
2025-05-07, Candle 1281 | Date: 2025-05-07 | Close: 42.76
2025-05-07, Candle 1282 | Date: 2025-05-07 | Close: 42.7598
2025-05-07, Candle 1283 | Date: 2025-05-07 | Close: 42.71
2025-05-07, Candle 1284 | Date: 2025-05-07 | Close: 42.72
2025-05-07, Candle 1285 | Date: 2025-05-07 | Close: 42.6402
2025-05-07, Candle 1286 | Date: 2025-05-07 | Close: 42.55
2025-05-07, Candle 1287 | Date: 2025-05-07 | Close: 42.48
2025-05-07, Candle 1288 | Date: 2025-05-07 | Close: 42.525
2025-05-07, Candle 1289 | Date: 2025-05-07 | Close: 42.76
2025-05-07, Candle 1290 | Date: 2025-05-07 | Close: 42.65
2025-05-07, Candle 1291 | Date: 2025-05-07 | Close: 42.605
2025-05-07, Candle 1292 | Date: 2025-05-07 | Close: 42.63
2025-05-08, Candle 1293 | Date: 2025-05-08 | Close: 44.09
2025-05-08, SELL EXECUTED, Price: 44.10, Cost: 430.80, Comm 0.44
Trade closed. Gross PnL: 10.149990000000031, Net PnL (after commission): 9.278239970000032
2025-05-08, Candle 1294 | Date: 2025-05-08 | Close: 44.014999
2025-05-08, Candle 1295 | Date: 2025-05-08 | Close: 44.0
2025-05-08, Candle 1296 | Date: 2025-05-08 | Close: 43.905
2025-05-08, Candle 1297 | Date: 2025-05-08 | Close: 43.99
2025-05-08, Candle 1298 | Date: 2025-05-08 | Close: 43.9892
2025-05-08, Candle 1299 | Date: 2025-05-08 | Close: 44.049999
2025-05-08, Candle 1300 | Date: 2025-05-08 | Close: 44.0154
2025-05-08, BUY EXECUTED, Price: 44.03, Cost: 440.25, Comm 0.44
2025-05-08, Candle 1301 | Date: 2025-05-08 | Close: 43.955
2025-05-08, Candle 1302 | Date: 2025-05-08 | Close: 44.040001
2025-05-08, Candle 1303 | Date: 2025-05-08 | Close: 44.060001
2025-05-08, Candle 1304 | Date: 2025-05-08 | Close: 44.064999
2025-05-08, Candle 1305 | Date: 2025-05-08 | Close: 44.21
2025-05-08, Candle 1306 | Date: 2025-05-08 | Close: 44.14
2025-05-08, Candle 1307 | Date: 2025-05-08 | Close: 44.16
2025-05-08, Candle 1308 | Date: 2025-05-08 | Close: 44.1708
2025-05-08, Candle 1309 | Date: 2025-05-08 | Close: 44.15
2025-05-08, Candle 1310 | Date: 2025-05-08 | Close: 44.055
2025-05-08, Candle 1311 | Date: 2025-05-08 | Close: 44.049999
2025-05-08, Candle 1312 | Date: 2025-05-08 | Close: 44.16
2025-05-08, Candle 1313 | Date: 2025-05-08 | Close: 44.22
2025-05-08, Candle 1314 | Date: 2025-05-08 | Close: 44.23
2025-05-08, Candle 1315 | Date: 2025-05-08 | Close: 44.5
2025-05-08, SELL EXECUTED, Price: 44.52, Cost: 440.25, Comm 0.45
Trade closed. Gross PnL: 4.899979999999999, Net PnL (after commission): 4.014579979999999
2025-05-08, Candle 1316 | Date: 2025-05-08 | Close: 44.59
2025-05-08, BUY EXECUTED, Price: 44.59, Cost: 445.85, Comm 0.45
2025-05-08, Candle 1317 | Date: 2025-05-08 | Close: 44.595
2025-05-08, Candle 1318 | Date: 2025-05-08 | Close: 44.73
2025-05-08, Candle 1319 | Date: 2025-05-08 | Close: 44.88
2025-05-08, SELL EXECUTED, Price: 44.88, Cost: 445.85, Comm 0.45
Trade closed. Gross PnL: 2.9999999999999716, Net PnL (after commission): 2.1052999999999713
2025-05-08, Candle 1320 | Date: 2025-05-08 | Close: 44.92
2025-05-08, Candle 1321 | Date: 2025-05-08 | Close: 44.7
2025-05-08, Candle 1322 | Date: 2025-05-08 | Close: 44.65
2025-05-08, Candle 1323 | Date: 2025-05-08 | Close: 44.59
2025-05-08, Candle 1324 | Date: 2025-05-08 | Close: 44.75
2025-05-08, Candle 1325 | Date: 2025-05-08 | Close: 44.759
2025-05-08, Candle 1326 | Date: 2025-05-08 | Close: 44.8
2025-05-08, Candle 1327 | Date: 2025-05-08 | Close: 44.73
2025-05-08, Candle 1328 | Date: 2025-05-08 | Close: 44.7
2025-05-08, Candle 1329 | Date: 2025-05-08 | Close: 44.755
2025-05-08, Candle 1330 | Date: 2025-05-08 | Close: 44.83
2025-05-08, Candle 1331 | Date: 2025-05-08 | Close: 44.84
2025-05-08, Candle 1332 | Date: 2025-05-08 | Close: 44.865
2025-05-08, Candle 1333 | Date: 2025-05-08 | Close: 44.9201
2025-05-08, Candle 1334 | Date: 2025-05-08 | Close: 44.9
2025-05-08, Candle 1335 | Date: 2025-05-08 | Close: 44.855
2025-05-08, Candle 1336 | Date: 2025-05-08 | Close: 44.855
2025-05-08, Candle 1337 | Date: 2025-05-08 | Close: 44.8954
2025-05-08, Candle 1338 | Date: 2025-05-08 | Close: 44.97
2025-05-08, Candle 1339 | Date: 2025-05-08 | Close: 44.9766
2025-05-08, Candle 1340 | Date: 2025-05-08 | Close: 45.0050011
2025-05-08, Candle 1341 | Date: 2025-05-08 | Close: 44.972
2025-05-08, Candle 1342 | Date: 2025-05-08 | Close: 44.9099
2025-05-08, Candle 1343 | Date: 2025-05-08 | Close: 44.81
2025-05-08, Candle 1344 | Date: 2025-05-08 | Close: 44.72
2025-05-08, Candle 1345 | Date: 2025-05-08 | Close: 44.79
2025-05-08, Candle 1346 | Date: 2025-05-08 | Close: 44.7781
2025-05-08, Candle 1347 | Date: 2025-05-08 | Close: 44.82
2025-05-08, Candle 1348 | Date: 2025-05-08 | Close: 44.86
2025-05-08, Candle 1349 | Date: 2025-05-08 | Close: 44.91
2025-05-08, Candle 1350 | Date: 2025-05-08 | Close: 44.94
2025-05-08, Candle 1351 | Date: 2025-05-08 | Close: 44.935
2025-05-08, Candle 1352 | Date: 2025-05-08 | Close: 44.92
2025-05-08, Candle 1353 | Date: 2025-05-08 | Close: 44.9651
2025-05-08, Candle 1354 | Date: 2025-05-08 | Close: 44.96
2025-05-08, Candle 1355 | Date: 2025-05-08 | Close: 44.95
2025-05-08, Candle 1356 | Date: 2025-05-08 | Close: 44.955
2025-05-08, Candle 1357 | Date: 2025-05-08 | Close: 44.93
2025-05-08, Candle 1358 | Date: 2025-05-08 | Close: 44.9302
2025-05-08, Candle 1359 | Date: 2025-05-08 | Close: 44.89
2025-05-08, Candle 1360 | Date: 2025-05-08 | Close: 44.83
2025-05-08, Candle 1361 | Date: 2025-05-08 | Close: 44.7953
2025-05-08, Candle 1362 | Date: 2025-05-08 | Close: 44.77
2025-05-08, Candle 1363 | Date: 2025-05-08 | Close: 44.81
2025-05-08, Candle 1364 | Date: 2025-05-08 | Close: 44.8585
2025-05-08, Candle 1365 | Date: 2025-05-08 | Close: 44.88
2025-05-08, Candle 1366 | Date: 2025-05-08 | Close: 44.91
2025-05-08, Candle 1367 | Date: 2025-05-08 | Close: 44.88
2025-05-08, Candle 1368 | Date: 2025-05-08 | Close: 44.91
2025-05-08, Candle 1369 | Date: 2025-05-08 | Close: 44.83
2025-05-08, Candle 1370 | Date: 2025-05-08 | Close: 44.89
2025-05-09, Candle 1371 | Date: 2025-05-09 | Close: 45.721
2025-05-09, Candle 1372 | Date: 2025-05-09 | Close: 45.7703
2025-05-09, Candle 1373 | Date: 2025-05-09 | Close: 45.75
2025-05-09, Candle 1374 | Date: 2025-05-09 | Close: 45.965
2025-05-09, Candle 1375 | Date: 2025-05-09 | Close: 45.9546
2025-05-09, Candle 1376 | Date: 2025-05-09 | Close: 45.94
2025-05-09, Candle 1377 | Date: 2025-05-09 | Close: 45.8299
2025-05-09, Candle 1378 | Date: 2025-05-09 | Close: 45.86
2025-05-09, Candle 1379 | Date: 2025-05-09 | Close: 45.875
2025-05-09, Candle 1380 | Date: 2025-05-09 | Close: 45.8
2025-05-09, Candle 1381 | Date: 2025-05-09 | Close: 45.64
2025-05-09, Candle 1382 | Date: 2025-05-09 | Close: 45.4899
2025-05-09, Candle 1383 | Date: 2025-05-09 | Close: 45.63
2025-05-09, Candle 1384 | Date: 2025-05-09 | Close: 45.4102
2025-05-09, Candle 1385 | Date: 2025-05-09 | Close: 45.6101
2025-05-09, Candle 1386 | Date: 2025-05-09 | Close: 45.6002
2025-05-09, Candle 1387 | Date: 2025-05-09 | Close: 45.58
2025-05-09, Candle 1388 | Date: 2025-05-09 | Close: 45.71
2025-05-09, Candle 1389 | Date: 2025-05-09 | Close: 45.74
2025-05-09, Candle 1390 | Date: 2025-05-09 | Close: 45.72
2025-05-09, Candle 1391 | Date: 2025-05-09 | Close: 45.69
2025-05-09, Candle 1392 | Date: 2025-05-09 | Close: 45.6696
2025-05-09, BUY EXECUTED, Price: 45.66, Cost: 456.60, Comm 0.46
2025-05-09, Candle 1393 | Date: 2025-05-09 | Close: 45.55
2025-05-09, Candle 1394 | Date: 2025-05-09 | Close: 45.6
2025-05-09, Candle 1395 | Date: 2025-05-09 | Close: 45.58
2025-05-09, Candle 1396 | Date: 2025-05-09 | Close: 45.55
2025-05-09, Candle 1397 | Date: 2025-05-09 | Close: 45.56
2025-05-09, Candle 1398 | Date: 2025-05-09 | Close: 45.532
2025-05-09, Candle 1399 | Date: 2025-05-09 | Close: 45.62
2025-05-09, Candle 1400 | Date: 2025-05-09 | Close: 45.6
2025-05-09, Candle 1401 | Date: 2025-05-09 | Close: 45.47
2025-05-09, Candle 1402 | Date: 2025-05-09 | Close: 45.43
2025-05-09, Candle 1403 | Date: 2025-05-09 | Close: 45.5592
2025-05-09, Candle 1404 | Date: 2025-05-09 | Close: 45.57
2025-05-09, Candle 1405 | Date: 2025-05-09 | Close: 45.585
2025-05-09, Candle 1406 | Date: 2025-05-09 | Close: 45.53
2025-05-09, Candle 1407 | Date: 2025-05-09 | Close: 45.55
2025-05-09, Candle 1408 | Date: 2025-05-09 | Close: 45.56
2025-05-09, Candle 1409 | Date: 2025-05-09 | Close: 45.52
2025-05-09, Candle 1410 | Date: 2025-05-09 | Close: 45.44
2025-05-09, Candle 1411 | Date: 2025-05-09 | Close: 45.445
2025-05-09, Candle 1412 | Date: 2025-05-09 | Close: 45.4054
2025-05-09, Candle 1413 | Date: 2025-05-09 | Close: 45.425
2025-05-09, Candle 1414 | Date: 2025-05-09 | Close: 45.54
2025-05-09, Candle 1415 | Date: 2025-05-09 | Close: 45.55
2025-05-09, Candle 1416 | Date: 2025-05-09 | Close: 45.64
2025-05-09, Candle 1417 | Date: 2025-05-09 | Close: 45.6254
2025-05-09, Candle 1418 | Date: 2025-05-09 | Close: 45.6699
2025-05-09, Candle 1419 | Date: 2025-05-09 | Close: 45.69
2025-05-09, Candle 1420 | Date: 2025-05-09 | Close: 45.7
2025-05-09, Candle 1421 | Date: 2025-05-09 | Close: 45.705
2025-05-09, Candle 1422 | Date: 2025-05-09 | Close: 45.74
2025-05-09, Candle 1423 | Date: 2025-05-09 | Close: 45.73
2025-05-09, the Volume is True | the RSI is 85.18689432394906 Trend is True Nearliquidity True
2025-05-09, Candle 1424 | Date: 2025-05-09 | Close: 45.745
2025-05-09, the Volume is True | the RSI is 72.34803337306303 Trend is True Nearliquidity True
2025-05-09, Candle 1425 | Date: 2025-05-09 | Close: 45.67
2025-05-09, Candle 1426 | Date: 2025-05-09 | Close: 45.67
2025-05-09, Candle 1427 | Date: 2025-05-09 | Close: 45.6965
2025-05-09, Candle 1428 | Date: 2025-05-09 | Close: 45.725
2025-05-09, the Volume is True | the RSI is 70.55498458376154 Trend is True Nearliquidity True
2025-05-09, Candle 1429 | Date: 2025-05-09 | Close: 45.71
2025-05-09, Candle 1430 | Date: 2025-05-09 | Close: 45.73
2025-05-09, Candle 1431 | Date: 2025-05-09 | Close: 45.78
2025-05-09, Candle 1432 | Date: 2025-05-09 | Close: 45.77
2025-05-09, Candle 1433 | Date: 2025-05-09 | Close: 45.79
2025-05-09, Candle 1434 | Date: 2025-05-09 | Close: 45.81
2025-05-09, Candle 1435 | Date: 2025-05-09 | Close: 45.7799
2025-05-09, Candle 1436 | Date: 2025-05-09 | Close: 45.73
2025-05-09, Candle 1437 | Date: 2025-05-09 | Close: 45.7401
2025-05-09, Candle 1438 | Date: 2025-05-09 | Close: 45.745
2025-05-09, Candle 1439 | Date: 2025-05-09 | Close: 45.71
2025-05-09, Candle 1440 | Date: 2025-05-09 | Close: 45.65
2025-05-09, Candle 1441 | Date: 2025-05-09 | Close: 45.64
2025-05-09, Candle 1442 | Date: 2025-05-09 | Close: 45.6346
2025-05-09, Candle 1443 | Date: 2025-05-09 | Close: 45.655
2025-05-09, Candle 1444 | Date: 2025-05-09 | Close: 45.67
2025-05-09, Candle 1445 | Date: 2025-05-09 | Close: 45.67
2025-05-09, Candle 1446 | Date: 2025-05-09 | Close: 45.66
2025-05-09, Candle 1447 | Date: 2025-05-09 | Close: 45.72
2025-05-09, Candle 1448 | Date: 2025-05-09 | Close: 45.73
2025-05-12, the Volume is True | the RSI is 76.69358149719426 Trend is True Nearliquidity True
2025-05-12, Candle 1449 | Date: 2025-05-12 | Close: 46.17
2025-05-12, SELL EXECUTED, Price: 46.16, Cost: 456.60, Comm 0.46
Trade closed. Gross PnL: 5.0, Net PnL (after commission): 4.0818
2025-05-12, Candle 1450 | Date: 2025-05-12 | Close: 46.029999
2025-05-12, Candle 1451 | Date: 2025-05-12 | Close: 45.97
2025-05-12, Candle 1452 | Date: 2025-05-12 | Close: 46.0509
2025-05-12, Candle 1453 | Date: 2025-05-12 | Close: 46.243
2025-05-12, Candle 1454 | Date: 2025-05-12 | Close: 46.1932
2025-05-12, Candle 1455 | Date: 2025-05-12 | Close: 46.16
2025-05-12, Candle 1456 | Date: 2025-05-12 | Close: 46.19
2025-05-12, Candle 1457 | Date: 2025-05-12 | Close: 46.1054
2025-05-12, Candle 1458 | Date: 2025-05-12 | Close: 46.099998
2025-05-12, Candle 1459 | Date: 2025-05-12 | Close: 45.9802
2025-05-12, Candle 1460 | Date: 2025-05-12 | Close: 45.5965
2025-05-12, Candle 1461 | Date: 2025-05-12 | Close: 45.735
2025-05-12, Candle 1462 | Date: 2025-05-12 | Close: 45.8016
2025-05-12, Candle 1463 | Date: 2025-05-12 | Close: 45.825
2025-05-12, Candle 1464 | Date: 2025-05-12 | Close: 45.6628
2025-05-12, Candle 1465 | Date: 2025-05-12 | Close: 45.53
2025-05-12, Candle 1466 | Date: 2025-05-12 | Close: 45.53
2025-05-12, Candle 1467 | Date: 2025-05-12 | Close: 45.41
2025-05-12, Candle 1468 | Date: 2025-05-12 | Close: 45.53
2025-05-12, Candle 1469 | Date: 2025-05-12 | Close: 45.6
2025-05-12, Candle 1470 | Date: 2025-05-12 | Close: 45.6501
2025-05-12, Candle 1471 | Date: 2025-05-12 | Close: 45.6015
2025-05-12, Candle 1472 | Date: 2025-05-12 | Close: 45.6
2025-05-12, Candle 1473 | Date: 2025-05-12 | Close: 45.6
2025-05-12, Candle 1474 | Date: 2025-05-12 | Close: 45.5
2025-05-12, Candle 1475 | Date: 2025-05-12 | Close: 45.45
2025-05-12, BUY EXECUTED, Price: 45.45, Cost: 454.50, Comm 0.45
2025-05-12, Candle 1476 | Date: 2025-05-12 | Close: 45.34
2025-05-12, Candle 1477 | Date: 2025-05-12 | Close: 45.445
2025-05-12, Candle 1478 | Date: 2025-05-12 | Close: 45.405
2025-05-12, Candle 1479 | Date: 2025-05-12 | Close: 45.4493
2025-05-12, Candle 1480 | Date: 2025-05-12 | Close: 45.4
2025-05-12, Candle 1481 | Date: 2025-05-12 | Close: 45.515
2025-05-12, Candle 1482 | Date: 2025-05-12 | Close: 45.55
2025-05-12, Candle 1483 | Date: 2025-05-12 | Close: 45.5801
2025-05-12, Candle 1484 | Date: 2025-05-12 | Close: 45.615
2025-05-12, Candle 1485 | Date: 2025-05-12 | Close: 45.57
2025-05-12, Candle 1486 | Date: 2025-05-12 | Close: 45.5309
2025-05-12, Candle 1487 | Date: 2025-05-12 | Close: 45.5909
2025-05-12, Candle 1488 | Date: 2025-05-12 | Close: 45.64
2025-05-12, Candle 1489 | Date: 2025-05-12 | Close: 45.62
2025-05-12, Candle 1490 | Date: 2025-05-12 | Close: 45.5554
2025-05-12, Candle 1491 | Date: 2025-05-12 | Close: 45.6009
2025-05-12, Candle 1492 | Date: 2025-05-12 | Close: 45.665
2025-05-12, Candle 1493 | Date: 2025-05-12 | Close: 45.6292
2025-05-12, Candle 1494 | Date: 2025-05-12 | Close: 45.6
2025-05-12, Candle 1495 | Date: 2025-05-12 | Close: 45.53
2025-05-12, Candle 1496 | Date: 2025-05-12 | Close: 45.59
2025-05-12, Candle 1497 | Date: 2025-05-12 | Close: 45.605
2025-05-12, Candle 1498 | Date: 2025-05-12 | Close: 45.58
2025-05-12, Candle 1499 | Date: 2025-05-12 | Close: 45.55
2025-05-12, Candle 1500 | Date: 2025-05-12 | Close: 45.45
2025-05-12, Candle 1501 | Date: 2025-05-12 | Close: 45.475
2025-05-12, Candle 1502 | Date: 2025-05-12 | Close: 45.43
2025-05-12, Candle 1503 | Date: 2025-05-12 | Close: 45.45
2025-05-12, Candle 1504 | Date: 2025-05-12 | Close: 45.12
2025-05-12, Candle 1505 | Date: 2025-05-12 | Close: 45.15
2025-05-12, Candle 1506 | Date: 2025-05-12 | Close: 45.27
2025-05-12, Candle 1507 | Date: 2025-05-12 | Close: 45.2
2025-05-12, Candle 1508 | Date: 2025-05-12 | Close: 45.080002
2025-05-12, Candle 1509 | Date: 2025-05-12 | Close: 44.85
2025-05-12, Candle 1510 | Date: 2025-05-12 | Close: 44.87
2025-05-12, Candle 1511 | Date: 2025-05-12 | Close: 44.81
2025-05-12, Candle 1512 | Date: 2025-05-12 | Close: 44.66
2025-05-12, Candle 1513 | Date: 2025-05-12 | Close: 44.93
2025-05-12, Candle 1514 | Date: 2025-05-12 | Close: 45.0099983
2025-05-12, Candle 1515 | Date: 2025-05-12 | Close: 45.16
2025-05-12, Candle 1516 | Date: 2025-05-12 | Close: 45.15
2025-05-12, Candle 1517 | Date: 2025-05-12 | Close: 45.115
2025-05-12, Candle 1518 | Date: 2025-05-12 | Close: 45.16
2025-05-12, Candle 1519 | Date: 2025-05-12 | Close: 45.12
2025-05-12, Candle 1520 | Date: 2025-05-12 | Close: 45.0099983
2025-05-12, Candle 1521 | Date: 2025-05-12 | Close: 45.09
2025-05-12, Candle 1522 | Date: 2025-05-12 | Close: 45.040001
2025-05-12, Candle 1523 | Date: 2025-05-12 | Close: 44.98
2025-05-12, Candle 1524 | Date: 2025-05-12 | Close: 45.115
2025-05-12, Candle 1525 | Date: 2025-05-12 | Close: 45.12
2025-05-12, Candle 1526 | Date: 2025-05-12 | Close: 45.1185
2025-05-13, Candle 1527 | Date: 2025-05-13 | Close: 45.98
2025-05-13, SELL EXECUTED, Price: 45.96, Cost: 454.50, Comm 0.46
Trade closed. Gross PnL: 5.09999999999998, Net PnL (after commission): 4.18589999999998
2025-05-13, Candle 1528 | Date: 2025-05-13 | Close: 45.93
2025-05-13, BUY EXECUTED, Price: 45.96, Cost: 459.60, Comm 0.46
2025-05-13, Candle 1529 | Date: 2025-05-13 | Close: 45.905
2025-05-13, Candle 1530 | Date: 2025-05-13 | Close: 45.86
2025-05-13, Candle 1531 | Date: 2025-05-13 | Close: 45.98
2025-05-13, Candle 1532 | Date: 2025-05-13 | Close: 45.97
2025-05-13, Candle 1533 | Date: 2025-05-13 | Close: 45.84
2025-05-13, Candle 1534 | Date: 2025-05-13 | Close: 45.75
2025-05-13, Candle 1535 | Date: 2025-05-13 | Close: 45.66
2025-05-13, Candle 1536 | Date: 2025-05-13 | Close: 45.71
2025-05-13, Candle 1537 | Date: 2025-05-13 | Close: 45.785
2025-05-13, Candle 1538 | Date: 2025-05-13 | Close: 45.81
2025-05-13, Candle 1539 | Date: 2025-05-13 | Close: 45.71
2025-05-13, Candle 1540 | Date: 2025-05-13 | Close: 45.715
2025-05-13, Candle 1541 | Date: 2025-05-13 | Close: 45.7
2025-05-13, Candle 1542 | Date: 2025-05-13 | Close: 45.605
2025-05-13, Candle 1543 | Date: 2025-05-13 | Close: 45.7
2025-05-13, Candle 1544 | Date: 2025-05-13 | Close: 45.7291
2025-05-13, Candle 1545 | Date: 2025-05-13 | Close: 45.77
2025-05-13, Candle 1546 | Date: 2025-05-13 | Close: 45.8673
2025-05-13, Candle 1547 | Date: 2025-05-13 | Close: 45.98
2025-05-13, Candle 1548 | Date: 2025-05-13 | Close: 45.96
2025-05-13, Candle 1549 | Date: 2025-05-13 | Close: 45.9308
2025-05-13, Candle 1550 | Date: 2025-05-13 | Close: 45.96
2025-05-13, Candle 1551 | Date: 2025-05-13 | Close: 45.88
2025-05-13, Candle 1552 | Date: 2025-05-13 | Close: 45.95
2025-05-13, Candle 1553 | Date: 2025-05-13 | Close: 45.91
2025-05-13, Candle 1554 | Date: 2025-05-13 | Close: 45.89
2025-05-13, Candle 1555 | Date: 2025-05-13 | Close: 45.88
2025-05-13, Candle 1556 | Date: 2025-05-13 | Close: 45.95
2025-05-13, Candle 1557 | Date: 2025-05-13 | Close: 45.9259
2025-05-13, Candle 1558 | Date: 2025-05-13 | Close: 46.02
2025-05-13, Candle 1559 | Date: 2025-05-13 | Close: 46.24
2025-05-13, SELL EXECUTED, Price: 46.25, Cost: 459.60, Comm 0.46
Trade closed. Gross PnL: 2.8999999999999915, Net PnL (after commission): 1.9778999999999916
2025-05-13, Candle 1560 | Date: 2025-05-13 | Close: 46.19
2025-05-13, BUY EXECUTED, Price: 46.18, Cost: 461.80, Comm 0.46
2025-05-13, Candle 1561 | Date: 2025-05-13 | Close: 46.115
2025-05-13, Candle 1562 | Date: 2025-05-13 | Close: 46.155
2025-05-13, Candle 1563 | Date: 2025-05-13 | Close: 46.14
2025-05-13, Candle 1564 | Date: 2025-05-13 | Close: 46.15
2025-05-13, Candle 1565 | Date: 2025-05-13 | Close: 46.0686
2025-05-13, Candle 1566 | Date: 2025-05-13 | Close: 46.049999
2025-05-13, Candle 1567 | Date: 2025-05-13 | Close: 46.02
2025-05-13, Candle 1568 | Date: 2025-05-13 | Close: 45.9611
2025-05-13, Candle 1569 | Date: 2025-05-13 | Close: 45.9954
2025-05-13, Candle 1570 | Date: 2025-05-13 | Close: 46.0099983
2025-05-13, Candle 1571 | Date: 2025-05-13 | Close: 46.040001
2025-05-13, Candle 1572 | Date: 2025-05-13 | Close: 46.029999
2025-05-13, Candle 1573 | Date: 2025-05-13 | Close: 46.080002
2025-05-13, Candle 1574 | Date: 2025-05-13 | Close: 46.0099983
2025-05-13, Candle 1575 | Date: 2025-05-13 | Close: 46.02
2025-05-13, Candle 1576 | Date: 2025-05-13 | Close: 46.0354
2025-05-13, Candle 1577 | Date: 2025-05-13 | Close: 46.11
2025-05-13, Candle 1578 | Date: 2025-05-13 | Close: 46.19
2025-05-13, Candle 1579 | Date: 2025-05-13 | Close: 46.17
2025-05-13, Candle 1580 | Date: 2025-05-13 | Close: 46.21
2025-05-13, Candle 1581 | Date: 2025-05-13 | Close: 46.23
2025-05-13, the Volume is True | the RSI is 80.34909416452493 Trend is True Nearliquidity True
2025-05-13, Candle 1582 | Date: 2025-05-13 | Close: 46.27
2025-05-13, Candle 1583 | Date: 2025-05-13 | Close: 46.27
2025-05-13, Candle 1584 | Date: 2025-05-13 | Close: 46.24
2025-05-13, Candle 1585 | Date: 2025-05-13 | Close: 46.25
2025-05-13, the Volume is True | the RSI is 74.4677541933296 Trend is True Nearliquidity True
2025-05-13, Candle 1586 | Date: 2025-05-13 | Close: 46.26
2025-05-13, Candle 1587 | Date: 2025-05-13 | Close: 46.21
2025-05-13, the Volume is True | the RSI is 72.28927014033978 Trend is True Nearliquidity True
2025-05-13, Candle 1588 | Date: 2025-05-13 | Close: 46.195
2025-05-13, Candle 1589 | Date: 2025-05-13 | Close: 46.165
2025-05-13, Candle 1590 | Date: 2025-05-13 | Close: 46.22
2025-05-13, Candle 1591 | Date: 2025-05-13 | Close: 46.25
2025-05-13, Candle 1592 | Date: 2025-05-13 | Close: 46.255
2025-05-13, Candle 1593 | Date: 2025-05-13 | Close: 46.24
2025-05-13, Candle 1594 | Date: 2025-05-13 | Close: 46.1798
2025-05-13, Candle 1595 | Date: 2025-05-13 | Close: 46.2246
2025-05-13, Candle 1596 | Date: 2025-05-13 | Close: 46.235
2025-05-13, Candle 1597 | Date: 2025-05-13 | Close: 46.2466
2025-05-13, Candle 1598 | Date: 2025-05-13 | Close: 46.37
2025-05-13, Candle 1599 | Date: 2025-05-13 | Close: 46.42
2025-05-13, SELL EXECUTED, Price: 46.40, Cost: 461.80, Comm 0.46
Trade closed. Gross PnL: 2.1999999999999886, Net PnL (after commission): 1.2741999999999887
2025-05-13, Candle 1600 | Date: 2025-05-13 | Close: 46.4
2025-05-13, Candle 1601 | Date: 2025-05-13 | Close: 46.475
2025-05-13, Candle 1602 | Date: 2025-05-13 | Close: 46.54
2025-05-13, Candle 1603 | Date: 2025-05-13 | Close: 46.39
2025-05-13, Candle 1604 | Date: 2025-05-13 | Close: 46.46
2025-05-14, Candle 1605 | Date: 2025-05-14 | Close: 46.23
2025-05-14, Candle 1606 | Date: 2025-05-14 | Close: 46.1732
2025-05-14, Candle 1607 | Date: 2025-05-14 | Close: 45.945
2025-05-14, Candle 1608 | Date: 2025-05-14 | Close: 45.9134
2025-05-14, Candle 1609 | Date: 2025-05-14 | Close: 45.98
2025-05-14, Candle 1610 | Date: 2025-05-14 | Close: 46.075001
2025-05-14, Candle 1611 | Date: 2025-05-14 | Close: 46.0099983
2025-05-14, Candle 1612 | Date: 2025-05-14 | Close: 45.95
2025-05-14, Candle 1613 | Date: 2025-05-14 | Close: 45.85
2025-05-14, Candle 1614 | Date: 2025-05-14 | Close: 45.77
2025-05-14, Candle 1615 | Date: 2025-05-14 | Close: 45.8
2025-05-14, Candle 1616 | Date: 2025-05-14 | Close: 45.7199
2025-05-14, Candle 1617 | Date: 2025-05-14 | Close: 45.62
2025-05-14, Candle 1618 | Date: 2025-05-14 | Close: 45.74
2025-05-14, Candle 1619 | Date: 2025-05-14 | Close: 45.78
2025-05-14, Candle 1620 | Date: 2025-05-14 | Close: 45.76
2025-05-14, Candle 1621 | Date: 2025-05-14 | Close: 45.83
2025-05-14, Candle 1622 | Date: 2025-05-14 | Close: 45.765
2025-05-14, Candle 1623 | Date: 2025-05-14 | Close: 45.59
2025-05-14, Candle 1624 | Date: 2025-05-14 | Close: 45.65
2025-05-14, Candle 1625 | Date: 2025-05-14 | Close: 45.75
2025-05-14, Candle 1626 | Date: 2025-05-14 | Close: 45.74
2025-05-14, Candle 1627 | Date: 2025-05-14 | Close: 45.76
2025-05-14, Candle 1628 | Date: 2025-05-14 | Close: 45.84
2025-05-14, Candle 1629 | Date: 2025-05-14 | Close: 45.87
2025-05-14, Candle 1630 | Date: 2025-05-14 | Close: 45.88
2025-05-14, Candle 1631 | Date: 2025-05-14 | Close: 45.85
2025-05-14, Candle 1632 | Date: 2025-05-14 | Close: 45.77
2025-05-14, Candle 1633 | Date: 2025-05-14 | Close: 45.81
2025-05-14, Candle 1634 | Date: 2025-05-14 | Close: 45.88
2025-05-14, Candle 1635 | Date: 2025-05-14 | Close: 45.87
2025-05-14, Candle 1636 | Date: 2025-05-14 | Close: 45.8521
2025-05-14, Candle 1637 | Date: 2025-05-14 | Close: 45.92
2025-05-14, Candle 1638 | Date: 2025-05-14 | Close: 45.81
2025-05-14, Candle 1639 | Date: 2025-05-14 | Close: 45.84
2025-05-14, Candle 1640 | Date: 2025-05-14 | Close: 45.85
2025-05-14, Candle 1641 | Date: 2025-05-14 | Close: 45.905
2025-05-14, Candle 1642 | Date: 2025-05-14 | Close: 45.88
2025-05-14, Candle 1643 | Date: 2025-05-14 | Close: 45.84
2025-05-14, Candle 1644 | Date: 2025-05-14 | Close: 45.75
2025-05-14, Candle 1645 | Date: 2025-05-14 | Close: 45.7714
2025-05-14, Candle 1646 | Date: 2025-05-14 | Close: 45.8146
2025-05-14, Candle 1647 | Date: 2025-05-14 | Close: 45.84
2025-05-14, Candle 1648 | Date: 2025-05-14 | Close: 45.74
2025-05-14, Candle 1649 | Date: 2025-05-14 | Close: 45.71
2025-05-14, Candle 1650 | Date: 2025-05-14 | Close: 45.64
2025-05-14, Candle 1651 | Date: 2025-05-14 | Close: 45.55
2025-05-14, Candle 1652 | Date: 2025-05-14 | Close: 45.58
2025-05-14, BUY EXECUTED, Price: 45.59, Cost: 455.90, Comm 0.46
2025-05-14, Candle 1653 | Date: 2025-05-14 | Close: 45.6054
2025-05-14, Candle 1654 | Date: 2025-05-14 | Close: 45.65
2025-05-14, Candle 1655 | Date: 2025-05-14 | Close: 45.7043
2025-05-14, Candle 1656 | Date: 2025-05-14 | Close: 45.6948
2025-05-14, Candle 1657 | Date: 2025-05-14 | Close: 45.74
2025-05-14, Candle 1658 | Date: 2025-05-14 | Close: 45.76
2025-05-14, Candle 1659 | Date: 2025-05-14 | Close: 45.75
2025-05-14, Candle 1660 | Date: 2025-05-14 | Close: 45.74
2025-05-14, Candle 1661 | Date: 2025-05-14 | Close: 45.6912
2025-05-14, Candle 1662 | Date: 2025-05-14 | Close: 45.82
2025-05-14, SELL EXECUTED, Price: 45.83, Cost: 455.90, Comm 0.46
Trade closed. Gross PnL: 2.399999999999949, Net PnL (after commission): 1.4857999999999487
2025-05-14, Candle 1663 | Date: 2025-05-14 | Close: 45.79
2025-05-14, BUY EXECUTED, Price: 45.77, Cost: 457.70, Comm 0.46
2025-05-14, Candle 1664 | Date: 2025-05-14 | Close: 45.75878
2025-05-14, Candle 1665 | Date: 2025-05-14 | Close: 45.85
2025-05-14, Candle 1666 | Date: 2025-05-14 | Close: 45.74
2025-05-14, Candle 1667 | Date: 2025-05-14 | Close: 45.7796
2025-05-14, Candle 1668 | Date: 2025-05-14 | Close: 45.81
2025-05-14, Candle 1669 | Date: 2025-05-14 | Close: 45.81
2025-05-14, Candle 1670 | Date: 2025-05-14 | Close: 45.86
2025-05-14, Candle 1671 | Date: 2025-05-14 | Close: 45.85
2025-05-14, Candle 1672 | Date: 2025-05-14 | Close: 45.89
2025-05-14, Candle 1673 | Date: 2025-05-14 | Close: 45.88
2025-05-14, Candle 1674 | Date: 2025-05-14 | Close: 45.945
2025-05-14, Candle 1675 | Date: 2025-05-14 | Close: 45.91
2025-05-14, Candle 1676 | Date: 2025-05-14 | Close: 45.89
2025-05-14, Candle 1677 | Date: 2025-05-14 | Close: 45.87
2025-05-14, Candle 1678 | Date: 2025-05-14 | Close: 45.84
2025-05-14, Candle 1679 | Date: 2025-05-14 | Close: 45.8501
2025-05-14, Candle 1680 | Date: 2025-05-14 | Close: 45.835
2025-05-14, Candle 1681 | Date: 2025-05-14 | Close: 45.81
2025-05-14, Candle 1682 | Date: 2025-05-14 | Close: 45.76
2025-05-15, Candle 1683 | Date: 2025-05-15 | Close: 45.42
2025-05-15, Candle 1684 | Date: 2025-05-15 | Close: 45.26
2025-05-15, Candle 1685 | Date: 2025-05-15 | Close: 45.34
2025-05-15, Candle 1686 | Date: 2025-05-15 | Close: 45.080002
2025-05-15, Candle 1687 | Date: 2025-05-15 | Close: 45.19
2025-05-15, Candle 1688 | Date: 2025-05-15 | Close: 45.23
2025-05-15, Candle 1689 | Date: 2025-05-15 | Close: 45.33
2025-05-15, Candle 1690 | Date: 2025-05-15 | Close: 45.18
2025-05-15, Candle 1691 | Date: 2025-05-15 | Close: 45.17
2025-05-15, Candle 1692 | Date: 2025-05-15 | Close: 45.2746
2025-05-15, Candle 1693 | Date: 2025-05-15 | Close: 45.3
2025-05-15, Candle 1694 | Date: 2025-05-15 | Close: 45.22
2025-05-15, Candle 1695 | Date: 2025-05-15 | Close: 45.13
2025-05-15, Candle 1696 | Date: 2025-05-15 | Close: 45.035
2025-05-15, Candle 1697 | Date: 2025-05-15 | Close: 45.049999
2025-05-15, Candle 1698 | Date: 2025-05-15 | Close: 45.023399
2025-05-15, Candle 1699 | Date: 2025-05-15 | Close: 45.029999
2025-05-15, Candle 1700 | Date: 2025-05-15 | Close: 45.16
2025-05-15, Candle 1701 | Date: 2025-05-15 | Close: 45.26
2025-05-15, Candle 1702 | Date: 2025-05-15 | Close: 45.19
2025-05-15, Candle 1703 | Date: 2025-05-15 | Close: 45.23
2025-05-15, Candle 1704 | Date: 2025-05-15 | Close: 45.265
2025-05-15, Candle 1705 | Date: 2025-05-15 | Close: 45.35
2025-05-15, Candle 1706 | Date: 2025-05-15 | Close: 45.42
2025-05-15, Candle 1707 | Date: 2025-05-15 | Close: 45.46
2025-05-15, Candle 1708 | Date: 2025-05-15 | Close: 45.535
2025-05-15, the Volume is True | the RSI is 78.83574505688658 Trend is True Nearliquidity True
2025-05-15, Candle 1709 | Date: 2025-05-15 | Close: 45.6521
2025-05-15, the Volume is True | the RSI is 88.74388254486121 Trend is True Nearliquidity True
2025-05-15, Candle 1710 | Date: 2025-05-15 | Close: 45.7
2025-05-15, the Volume is True | the RSI is 89.42182498705088 Trend is True Nearliquidity True
2025-05-15, Candle 1711 | Date: 2025-05-15 | Close: 45.77
2025-05-15, the Volume is True | the RSI is 92.10467842919196 Trend is True Nearliquidity True
2025-05-15, Candle 1712 | Date: 2025-05-15 | Close: 45.77
2025-05-15, the Volume is True | the RSI is 89.01100108681193 Trend is True Nearliquidity True
2025-05-15, Candle 1713 | Date: 2025-05-15 | Close: 45.74
2025-05-15, the Volume is True | the RSI is 87.17948717948713 Trend is True Nearliquidity True
2025-05-15, Candle 1714 | Date: 2025-05-15 | Close: 45.74
2025-05-15, Candle 1715 | Date: 2025-05-15 | Close: 45.7
2025-05-15, Candle 1716 | Date: 2025-05-15 | Close: 45.73
2025-05-15, Candle 1717 | Date: 2025-05-15 | Close: 45.748
2025-05-15, Candle 1718 | Date: 2025-05-15 | Close: 45.72
2025-05-15, Candle 1719 | Date: 2025-05-15 | Close: 45.67
2025-05-15, Candle 1720 | Date: 2025-05-15 | Close: 45.82
2025-05-15, Candle 1721 | Date: 2025-05-15 | Close: 45.9267
2025-05-15, Candle 1722 | Date: 2025-05-15 | Close: 45.965
2025-05-15, Candle 1723 | Date: 2025-05-15 | Close: 46.0050011
2025-05-15, SELL EXECUTED, Price: 46.01, Cost: 457.70, Comm 0.46
Trade closed. Gross PnL: 2.3500109999999808, Net PnL (after commission): 1.4322609889999807
2025-05-15, Candle 1724 | Date: 2025-05-15 | Close: 46.035
2025-05-15, Candle 1725 | Date: 2025-05-15 | Close: 45.975
2025-05-15, Candle 1726 | Date: 2025-05-15 | Close: 46.0
2025-05-15, Candle 1727 | Date: 2025-05-15 | Close: 45.98
2025-05-15, Candle 1728 | Date: 2025-05-15 | Close: 46.0099983
2025-05-15, Candle 1729 | Date: 2025-05-15 | Close: 46.1475
2025-05-15, Candle 1730 | Date: 2025-05-15 | Close: 46.07
2025-05-15, Candle 1731 | Date: 2025-05-15 | Close: 46.064999
2025-05-15, Candle 1732 | Date: 2025-05-15 | Close: 46.049999
2025-05-15, Candle 1733 | Date: 2025-05-15 | Close: 46.16
2025-05-15, Candle 1734 | Date: 2025-05-15 | Close: 46.09
2025-05-15, Candle 1735 | Date: 2025-05-15 | Close: 46.089901
2025-05-15, Candle 1736 | Date: 2025-05-15 | Close: 46.060001
2025-05-15, Candle 1737 | Date: 2025-05-15 | Close: 46.029999
2025-05-15, Candle 1738 | Date: 2025-05-15 | Close: 46.0
2025-05-15, Candle 1739 | Date: 2025-05-15 | Close: 46.049999
2025-05-15, Candle 1740 | Date: 2025-05-15 | Close: 46.016899
2025-05-15, Candle 1741 | Date: 2025-05-15 | Close: 45.87
2025-05-15, Candle 1742 | Date: 2025-05-15 | Close: 45.87
2025-05-15, Candle 1743 | Date: 2025-05-15 | Close: 45.8746
2025-05-15, Candle 1744 | Date: 2025-05-15 | Close: 45.73
2025-05-15, Candle 1745 | Date: 2025-05-15 | Close: 45.7601
2025-05-15, Candle 1746 | Date: 2025-05-15 | Close: 45.64
2025-05-15, Candle 1747 | Date: 2025-05-15 | Close: 45.64
2025-05-15, Candle 1748 | Date: 2025-05-15 | Close: 45.51
2025-05-15, Candle 1749 | Date: 2025-05-15 | Close: 45.62
2025-05-15, BUY EXECUTED, Price: 45.62, Cost: 456.20, Comm 0.46
2025-05-15, Candle 1750 | Date: 2025-05-15 | Close: 45.57
2025-05-15, Candle 1751 | Date: 2025-05-15 | Close: 45.66
2025-05-15, Candle 1752 | Date: 2025-05-15 | Close: 45.72
2025-05-15, Candle 1753 | Date: 2025-05-15 | Close: 45.61
2025-05-15, Candle 1754 | Date: 2025-05-15 | Close: 45.54
2025-05-15, Candle 1755 | Date: 2025-05-15 | Close: 45.6231
2025-05-15, Candle 1756 | Date: 2025-05-15 | Close: 45.65
2025-05-15, Candle 1757 | Date: 2025-05-15 | Close: 45.68
2025-05-15, Candle 1758 | Date: 2025-05-15 | Close: 45.72
2025-05-15, Candle 1759 | Date: 2025-05-15 | Close: 45.67
2025-05-15, Candle 1760 | Date: 2025-05-15 | Close: 45.73
2025-05-16, Candle 1761 | Date: 2025-05-16 | Close: 45.94
2025-05-16, SELL EXECUTED, Price: 46.00, Cost: 456.20, Comm 0.46
Trade closed. Gross PnL: 3.8000000000000256, Net PnL (after commission): 2.8838000000000257
2025-05-16, Candle 1762 | Date: 2025-05-16 | Close: 46.07
2025-05-16, Candle 1763 | Date: 2025-05-16 | Close: 46.0099983
2025-05-16, Candle 1764 | Date: 2025-05-16 | Close: 46.07
2025-05-16, Candle 1765 | Date: 2025-05-16 | Close: 46.084999
2025-05-16, Candle 1766 | Date: 2025-05-16 | Close: 46.12
2025-05-16, Candle 1767 | Date: 2025-05-16 | Close: 46.02
2025-05-16, Candle 1768 | Date: 2025-05-16 | Close: 45.96
2025-05-16, Candle 1769 | Date: 2025-05-16 | Close: 45.97
2025-05-16, Candle 1770 | Date: 2025-05-16 | Close: 46.039902
2025-05-16, Candle 1771 | Date: 2025-05-16 | Close: 46.07
2025-05-16, Candle 1772 | Date: 2025-05-16 | Close: 46.080002
2025-05-16, Candle 1773 | Date: 2025-05-16 | Close: 45.9999
2025-05-16, Candle 1774 | Date: 2025-05-16 | Close: 45.96
2025-05-16, Candle 1775 | Date: 2025-05-16 | Close: 45.82
2025-05-16, Candle 1776 | Date: 2025-05-16 | Close: 45.91
2025-05-16, Candle 1777 | Date: 2025-05-16 | Close: 45.92
2025-05-16, Candle 1778 | Date: 2025-05-16 | Close: 45.92
2025-05-16, Candle 1779 | Date: 2025-05-16 | Close: 46.13
2025-05-16, Candle 1780 | Date: 2025-05-16 | Close: 46.1388
2025-05-16, Candle 1781 | Date: 2025-05-16 | Close: 46.18
2025-05-16, Candle 1782 | Date: 2025-05-16 | Close: 46.13
2025-05-16, Candle 1783 | Date: 2025-05-16 | Close: 46.09
2025-05-16, Candle 1784 | Date: 2025-05-16 | Close: 46.047001
2025-05-16, Candle 1785 | Date: 2025-05-16 | Close: 46.16
2025-05-16, Candle 1786 | Date: 2025-05-16 | Close: 46.075001
2025-05-16, Candle 1787 | Date: 2025-05-16 | Close: 46.11
2025-05-16, Candle 1788 | Date: 2025-05-16 | Close: 46.09
2025-05-16, BUY EXECUTED, Price: 46.12, Cost: 461.20, Comm 0.46
2025-05-16, Candle 1789 | Date: 2025-05-16 | Close: 46.11
2025-05-16, Candle 1790 | Date: 2025-05-16 | Close: 46.21
2025-05-16, the Volume is True | the RSI is 72.83115448015789 Trend is True Nearliquidity True
2025-05-16, Candle 1791 | Date: 2025-05-16 | Close: 46.32
2025-05-16, the Volume is True | the RSI is 70.41951620095483 Trend is True Nearliquidity True
2025-05-16, Candle 1792 | Date: 2025-05-16 | Close: 46.29
2025-05-16, Candle 1793 | Date: 2025-05-16 | Close: 46.2768
2025-05-16, Candle 1794 | Date: 2025-05-16 | Close: 46.17
2025-05-16, Candle 1795 | Date: 2025-05-16 | Close: 46.1313
2025-05-16, Candle 1796 | Date: 2025-05-16 | Close: 46.099998
2025-05-16, Candle 1797 | Date: 2025-05-16 | Close: 46.09
2025-05-16, Candle 1798 | Date: 2025-05-16 | Close: 46.049999
2025-05-16, Candle 1799 | Date: 2025-05-16 | Close: 46.11
2025-05-16, Candle 1800 | Date: 2025-05-16 | Close: 46.14
2025-05-16, Candle 1801 | Date: 2025-05-16 | Close: 46.2
2025-05-16, Candle 1802 | Date: 2025-05-16 | Close: 46.21
2025-05-16, Candle 1803 | Date: 2025-05-16 | Close: 46.19
2025-05-16, Candle 1804 | Date: 2025-05-16 | Close: 46.14
2025-05-16, Candle 1805 | Date: 2025-05-16 | Close: 46.1709
2025-05-16, Candle 1806 | Date: 2025-05-16 | Close: 46.2447
2025-05-16, Candle 1807 | Date: 2025-05-16 | Close: 46.2769
2025-05-16, Candle 1808 | Date: 2025-05-16 | Close: 46.24
2025-05-16, Candle 1809 | Date: 2025-05-16 | Close: 46.16
2025-05-16, Candle 1810 | Date: 2025-05-16 | Close: 46.09
2025-05-16, Candle 1811 | Date: 2025-05-16 | Close: 46.13
2025-05-16, Candle 1812 | Date: 2025-05-16 | Close: 46.14
2025-05-16, Candle 1813 | Date: 2025-05-16 | Close: 46.060001
2025-05-16, Candle 1814 | Date: 2025-05-16 | Close: 46.060001
2025-05-16, Candle 1815 | Date: 2025-05-16 | Close: 46.075298
2025-05-16, Candle 1816 | Date: 2025-05-16 | Close: 46.1292
2025-05-16, Candle 1817 | Date: 2025-05-16 | Close: 46.11
2025-05-16, Candle 1818 | Date: 2025-05-16 | Close: 46.1046
2025-05-16, Candle 1819 | Date: 2025-05-16 | Close: 46.080002
2025-05-16, Candle 1820 | Date: 2025-05-16 | Close: 46.0583
2025-05-16, Candle 1821 | Date: 2025-05-16 | Close: 46.12
2025-05-16, Candle 1822 | Date: 2025-05-16 | Close: 46.11
2025-05-16, Candle 1823 | Date: 2025-05-16 | Close: 46.040001
2025-05-16, Candle 1824 | Date: 2025-05-16 | Close: 46.039902
2025-05-16, Candle 1825 | Date: 2025-05-16 | Close: 46.029999
2025-05-16, Candle 1826 | Date: 2025-05-16 | Close: 45.99
2025-05-16, Candle 1827 | Date: 2025-05-16 | Close: 45.9901
2025-05-16, Candle 1828 | Date: 2025-05-16 | Close: 45.9885
2025-05-16, Candle 1829 | Date: 2025-05-16 | Close: 46.0
2025-05-16, Candle 1830 | Date: 2025-05-16 | Close: 45.935
2025-05-16, Candle 1831 | Date: 2025-05-16 | Close: 45.96
2025-05-16, Candle 1832 | Date: 2025-05-16 | Close: 45.9547
2025-05-16, Candle 1833 | Date: 2025-05-16 | Close: 46.035
2025-05-16, Candle 1834 | Date: 2025-05-16 | Close: 46.02
2025-05-16, Candle 1835 | Date: 2025-05-16 | Close: 46.0099983
2025-05-16, Candle 1836 | Date: 2025-05-16 | Close: 45.98
2025-05-16, Candle 1837 | Date: 2025-05-16 | Close: 46.09
2025-05-16, Candle 1838 | Date: 2025-05-16 | Close: 46.14
2025-05-19, Candle 1839 | Date: 2025-05-19 | Close: 45.53
2025-05-19, Candle 1840 | Date: 2025-05-19 | Close: 45.65
2025-05-19, Candle 1841 | Date: 2025-05-19 | Close: 45.68
2025-05-19, Candle 1842 | Date: 2025-05-19 | Close: 45.7
2025-05-19, Candle 1843 | Date: 2025-05-19 | Close: 45.81
2025-05-19, Candle 1844 | Date: 2025-05-19 | Close: 45.7992
2025-05-19, Candle 1845 | Date: 2025-05-19 | Close: 45.81
2025-05-19, Candle 1846 | Date: 2025-05-19 | Close: 45.9
2025-05-19, Candle 1847 | Date: 2025-05-19 | Close: 45.87
2025-05-19, Candle 1848 | Date: 2025-05-19 | Close: 45.98
2025-05-19, Candle 1849 | Date: 2025-05-19 | Close: 45.905
2025-05-19, Candle 1850 | Date: 2025-05-19 | Close: 45.84
2025-05-19, Candle 1851 | Date: 2025-05-19 | Close: 45.99
2025-05-19, Candle 1852 | Date: 2025-05-19 | Close: 46.0099983
2025-05-19, Candle 1853 | Date: 2025-05-19 | Close: 45.98
2025-05-19, Candle 1854 | Date: 2025-05-19 | Close: 46.099998
2025-05-19, Candle 1855 | Date: 2025-05-19 | Close: 46.22
2025-05-19, Candle 1856 | Date: 2025-05-19 | Close: 46.21
2025-05-19, Candle 1857 | Date: 2025-05-19 | Close: 46.255
2025-05-19, the Volume is True | the RSI is 78.14331357958632 Trend is True Nearliquidity True
2025-05-19, Candle 1858 | Date: 2025-05-19 | Close: 46.34
2025-05-19, the Volume is True | the RSI is 78.35061483720686 Trend is True Nearliquidity True
2025-05-19, Candle 1859 | Date: 2025-05-19 | Close: 46.36
2025-05-19, SELL EXECUTED, Price: 46.37, Cost: 461.20, Comm 0.46
Trade closed. Gross PnL: 2.5, Net PnL (after commission): 1.5751
2025-05-19, Candle 1860 | Date: 2025-05-19 | Close: 46.31
2025-05-19, Candle 1861 | Date: 2025-05-19 | Close: 46.345
2025-05-19, Candle 1862 | Date: 2025-05-19 | Close: 46.3399
2025-05-19, Candle 1863 | Date: 2025-05-19 | Close: 46.455
2025-05-19, BUY EXECUTED, Price: 46.46, Cost: 464.60, Comm 0.46
2025-05-19, the Volume is True | the RSI is 88.68142289554642 Trend is True Nearliquidity True
2025-05-19, Candle 1864 | Date: 2025-05-19 | Close: 46.49
2025-05-19, the Volume is True | the RSI is 86.22156353711428 Trend is True Nearliquidity True
2025-05-19, Candle 1865 | Date: 2025-05-19 | Close: 46.49
2025-05-19, Candle 1866 | Date: 2025-05-19 | Close: 46.5
2025-05-19, Candle 1867 | Date: 2025-05-19 | Close: 46.45
2025-05-19, Candle 1868 | Date: 2025-05-19 | Close: 46.47
2025-05-19, the Volume is True | the RSI is 71.56017248138045 Trend is True Nearliquidity True
2025-05-19, Candle 1869 | Date: 2025-05-19 | Close: 46.44
2025-05-19, Candle 1870 | Date: 2025-05-19 | Close: 46.33
2025-05-19, Candle 1871 | Date: 2025-05-19 | Close: 46.365
2025-05-19, Candle 1872 | Date: 2025-05-19 | Close: 46.47
2025-05-19, Candle 1873 | Date: 2025-05-19 | Close: 46.53
2025-05-19, the Volume is True | the RSI is 71.31725962952092 Trend is True Nearliquidity True
2025-05-19, Candle 1874 | Date: 2025-05-19 | Close: 46.6
2025-05-19, Candle 1875 | Date: 2025-05-19 | Close: 46.5
2025-05-19, Candle 1876 | Date: 2025-05-19 | Close: 46.48
2025-05-19, Candle 1877 | Date: 2025-05-19 | Close: 46.5351
2025-05-19, Candle 1878 | Date: 2025-05-19 | Close: 46.6
2025-05-19, Candle 1879 | Date: 2025-05-19 | Close: 46.64
2025-05-19, Candle 1880 | Date: 2025-05-19 | Close: 46.715
2025-05-19, SELL EXECUTED, Price: 46.70, Cost: 464.60, Comm 0.47
Trade closed. Gross PnL: 2.4499999999999744, Net PnL (after commission): 1.5183499999999746
2025-05-19, Candle 1881 | Date: 2025-05-19 | Close: 46.745
2025-05-19, Candle 1882 | Date: 2025-05-19 | Close: 46.78
2025-05-19, Candle 1883 | Date: 2025-05-19 | Close: 46.5901
2025-05-19, Candle 1884 | Date: 2025-05-19 | Close: 46.54
2025-05-19, Candle 1885 | Date: 2025-05-19 | Close: 46.667
2025-05-19, Candle 1886 | Date: 2025-05-19 | Close: 46.66
2025-05-19, Candle 1887 | Date: 2025-05-19 | Close: 46.63
2025-05-19, Candle 1888 | Date: 2025-05-19 | Close: 46.67
2025-05-19, Candle 1889 | Date: 2025-05-19 | Close: 46.68
2025-05-19, Candle 1890 | Date: 2025-05-19 | Close: 46.7294
2025-05-19, Candle 1891 | Date: 2025-05-19 | Close: 46.7283
2025-05-19, Candle 1892 | Date: 2025-05-19 | Close: 46.72
2025-05-19, Candle 1893 | Date: 2025-05-19 | Close: 46.785
2025-05-19, Candle 1894 | Date: 2025-05-19 | Close: 46.7494
2025-05-19, Candle 1895 | Date: 2025-05-19 | Close: 46.69
2025-05-19, Candle 1896 | Date: 2025-05-19 | Close: 46.58
2025-05-19, Candle 1897 | Date: 2025-05-19 | Close: 46.62
2025-05-19, Candle 1898 | Date: 2025-05-19 | Close: 46.63
2025-05-19, Candle 1899 | Date: 2025-05-19 | Close: 46.47
2025-05-19, Candle 1900 | Date: 2025-05-19 | Close: 46.55
2025-05-19, Candle 1901 | Date: 2025-05-19 | Close: 46.53
2025-05-19, Candle 1902 | Date: 2025-05-19 | Close: 46.5
2025-05-19, Candle 1903 | Date: 2025-05-19 | Close: 46.44
2025-05-19, Candle 1904 | Date: 2025-05-19 | Close: 46.45
2025-05-19, Candle 1905 | Date: 2025-05-19 | Close: 46.4184
2025-05-19, Candle 1906 | Date: 2025-05-19 | Close: 46.4676
2025-05-19, Candle 1907 | Date: 2025-05-19 | Close: 46.48
2025-05-19, Candle 1908 | Date: 2025-05-19 | Close: 46.5354
2025-05-19, Candle 1909 | Date: 2025-05-19 | Close: 46.5101
2025-05-19, Candle 1910 | Date: 2025-05-19 | Close: 46.482
2025-05-19, Candle 1911 | Date: 2025-05-19 | Close: 46.63
2025-05-19, Candle 1912 | Date: 2025-05-19 | Close: 46.71
2025-05-19, Candle 1913 | Date: 2025-05-19 | Close: 46.74
2025-05-19, Candle 1914 | Date: 2025-05-19 | Close: 46.7699
2025-05-19, Candle 1915 | Date: 2025-05-19 | Close: 46.79
2025-05-19, Candle 1916 | Date: 2025-05-19 | Close: 46.78
2025-05-20, Candle 1917 | Date: 2025-05-20 | Close: 46.35
2025-05-20, Candle 1918 | Date: 2025-05-20 | Close: 46.32
2025-05-20, Candle 1919 | Date: 2025-05-20 | Close: 46.18
2025-05-20, Candle 1920 | Date: 2025-05-20 | Close: 46.2
2025-05-20, Candle 1921 | Date: 2025-05-20 | Close: 46.3414
2025-05-20, Candle 1922 | Date: 2025-05-20 | Close: 46.2692
2025-05-20, Candle 1923 | Date: 2025-05-20 | Close: 46.2901
2025-05-20, Candle 1924 | Date: 2025-05-20 | Close: 46.36
2025-05-20, Candle 1925 | Date: 2025-05-20 | Close: 46.3
2025-05-20, Candle 1926 | Date: 2025-05-20 | Close: 46.45
2025-05-20, Candle 1927 | Date: 2025-05-20 | Close: 46.5
2025-05-20, Candle 1928 | Date: 2025-05-20 | Close: 46.41
2025-05-20, Candle 1929 | Date: 2025-05-20 | Close: 46.3598
2025-05-20, Candle 1930 | Date: 2025-05-20 | Close: 46.41
2025-05-20, Candle 1931 | Date: 2025-05-20 | Close: 46.423
2025-05-20, Candle 1932 | Date: 2025-05-20 | Close: 46.485
2025-05-20, Candle 1933 | Date: 2025-05-20 | Close: 46.39
2025-05-20, Candle 1934 | Date: 2025-05-20 | Close: 46.33
2025-05-20, Candle 1935 | Date: 2025-05-20 | Close: 46.38
2025-05-20, Candle 1936 | Date: 2025-05-20 | Close: 46.4092
2025-05-20, Candle 1937 | Date: 2025-05-20 | Close: 46.44
2025-05-20, Candle 1938 | Date: 2025-05-20 | Close: 46.45
2025-05-20, Candle 1939 | Date: 2025-05-20 | Close: 46.3967
2025-05-20, Candle 1940 | Date: 2025-05-20 | Close: 46.57
2025-05-20, Candle 1941 | Date: 2025-05-20 | Close: 46.63
2025-05-20, Candle 1942 | Date: 2025-05-20 | Close: 46.68
2025-05-20, Candle 1943 | Date: 2025-05-20 | Close: 46.5905
2025-05-20, Candle 1944 | Date: 2025-05-20 | Close: 46.6165
2025-05-20, Candle 1945 | Date: 2025-05-20 | Close: 46.67
2025-05-20, Candle 1946 | Date: 2025-05-20 | Close: 46.69
2025-05-20, Candle 1947 | Date: 2025-05-20 | Close: 46.75
2025-05-20, Candle 1948 | Date: 2025-05-20 | Close: 46.65
2025-05-20, Candle 1949 | Date: 2025-05-20 | Close: 46.62
2025-05-20, Candle 1950 | Date: 2025-05-20 | Close: 46.7065
2025-05-20, Candle 1951 | Date: 2025-05-20 | Close: 46.7
2025-05-20, Candle 1952 | Date: 2025-05-20 | Close: 46.655
2025-05-20, Candle 1953 | Date: 2025-05-20 | Close: 46.685
2025-05-20, Candle 1954 | Date: 2025-05-20 | Close: 46.73
2025-05-20, Candle 1955 | Date: 2025-05-20 | Close: 46.7
2025-05-20, Candle 1956 | Date: 2025-05-20 | Close: 46.71
2025-05-20, Candle 1957 | Date: 2025-05-20 | Close: 46.6752
2025-05-20, Candle 1958 | Date: 2025-05-20 | Close: 46.6454
2025-05-20, Candle 1959 | Date: 2025-05-20 | Close: 46.75
2025-05-20, Candle 1960 | Date: 2025-05-20 | Close: 46.86
2025-05-20, Candle 1961 | Date: 2025-05-20 | Close: 47.02
2025-05-20, Candle 1962 | Date: 2025-05-20 | Close: 46.97
2025-05-20, Candle 1963 | Date: 2025-05-20 | Close: 46.99
2025-05-20, Candle 1964 | Date: 2025-05-20 | Close: 47.049999
2025-05-20, Candle 1965 | Date: 2025-05-20 | Close: 47.0050011
2025-05-20, Candle 1966 | Date: 2025-05-20 | Close: 47.0099983
2025-05-20, Candle 1967 | Date: 2025-05-20 | Close: 47.094601
2025-05-20, Candle 1968 | Date: 2025-05-20 | Close: 47.12
2025-05-20, Candle 1969 | Date: 2025-05-20 | Close: 47.11
2025-05-20, Candle 1970 | Date: 2025-05-20 | Close: 47.099998
2025-05-20, Candle 1971 | Date: 2025-05-20 | Close: 47.11
2025-05-20, Candle 1972 | Date: 2025-05-20 | Close: 47.14
2025-05-20, Candle 1973 | Date: 2025-05-20 | Close: 47.11
2025-05-20, Candle 1974 | Date: 2025-05-20 | Close: 47.099998
2025-05-20, Candle 1975 | Date: 2025-05-20 | Close: 46.97
2025-05-20, Candle 1976 | Date: 2025-05-20 | Close: 46.9001
2025-05-20, Candle 1977 | Date: 2025-05-20 | Close: 46.91
2025-05-20, Candle 1978 | Date: 2025-05-20 | Close: 47.0099983
2025-05-20, Candle 1979 | Date: 2025-05-20 | Close: 46.8399
2025-05-20, Candle 1980 | Date: 2025-05-20 | Close: 46.7
2025-05-20, Candle 1981 | Date: 2025-05-20 | Close: 46.78
2025-05-20, Candle 1982 | Date: 2025-05-20 | Close: 46.66
2025-05-20, Candle 1983 | Date: 2025-05-20 | Close: 46.68
2025-05-20, Candle 1984 | Date: 2025-05-20 | Close: 46.8427
2025-05-20, Candle 1985 | Date: 2025-05-20 | Close: 46.8935
2025-05-20, Candle 1986 | Date: 2025-05-20 | Close: 46.98
2025-05-20, Candle 1987 | Date: 2025-05-20 | Close: 47.11
2025-05-20, Candle 1988 | Date: 2025-05-20 | Close: 47.1767
2025-05-20, Candle 1989 | Date: 2025-05-20 | Close: 47.21
2025-05-20, Candle 1990 | Date: 2025-05-20 | Close: 47.2051
2025-05-20, Candle 1991 | Date: 2025-05-20 | Close: 47.23
2025-05-20, Candle 1992 | Date: 2025-05-20 | Close: 47.3401
2025-05-20, Candle 1993 | Date: 2025-05-20 | Close: 47.41
2025-05-20, Candle 1994 | Date: 2025-05-20 | Close: 47.47
2025-05-21, Candle 1995 | Date: 2025-05-21 | Close: 47.2106
2025-05-21, Candle 1996 | Date: 2025-05-21 | Close: 47.2995
2025-05-21, Candle 1997 | Date: 2025-05-21 | Close: 47.5
2025-05-21, Candle 1998 | Date: 2025-05-21 | Close: 47.53
2025-05-21, Candle 1999 | Date: 2025-05-21 | Close: 47.5901
2025-05-21, Candle 2000 | Date: 2025-05-21 | Close: 47.53
2025-05-21, Candle 2001 | Date: 2025-05-21 | Close: 47.59
2025-05-21, Candle 2002 | Date: 2025-05-21 | Close: 47.5951
2025-05-21, Candle 2003 | Date: 2025-05-21 | Close: 47.65
2025-05-21, Candle 2004 | Date: 2025-05-21 | Close: 47.73
2025-05-21, Candle 2005 | Date: 2025-05-21 | Close: 47.7173
2025-05-21, Candle 2006 | Date: 2025-05-21 | Close: 47.5982
2025-05-21, Candle 2007 | Date: 2025-05-21 | Close: 47.455
2025-05-21, Candle 2008 | Date: 2025-05-21 | Close: 47.63
2025-05-21, Candle 2009 | Date: 2025-05-21 | Close: 47.7798
2025-05-21, Candle 2010 | Date: 2025-05-21 | Close: 47.9025
2025-05-21, Candle 2011 | Date: 2025-05-21 | Close: 48.049999
2025-05-21, Candle 2012 | Date: 2025-05-21 | Close: 48.34
2025-05-21, Candle 2013 | Date: 2025-05-21 | Close: 48.34
2025-05-21, Candle 2014 | Date: 2025-05-21 | Close: 48.49
2025-05-21, Candle 2015 | Date: 2025-05-21 | Close: 48.2699
2025-05-21, BUY EXECUTED, Price: 48.30, Cost: 483.01, Comm 0.48
2025-05-21, the Volume is True | the RSI is 71.62913300097412 Trend is True Nearliquidity True
2025-05-21, Candle 2016 | Date: 2025-05-21 | Close: 48.35
2025-05-21, the Volume is True | the RSI is 72.3438721930511 Trend is True Nearliquidity True
2025-05-21, Candle 2017 | Date: 2025-05-21 | Close: 48.45
2025-05-21, Candle 2018 | Date: 2025-05-21 | Close: 48.29
2025-05-21, Candle 2019 | Date: 2025-05-21 | Close: 48.24
2025-05-21, Candle 2020 | Date: 2025-05-21 | Close: 48.09
2025-05-21, the Volume is True | the RSI is 71.07021743466981 Trend is True Nearliquidity True
2025-05-21, Candle 2021 | Date: 2025-05-21 | Close: 48.3
2025-05-21, Candle 2022 | Date: 2025-05-21 | Close: 48.1624
2025-05-21, Candle 2023 | Date: 2025-05-21 | Close: 48.4
2025-05-21, Candle 2024 | Date: 2025-05-21 | Close: 48.33
2025-05-21, Candle 2025 | Date: 2025-05-21 | Close: 48.3146
2025-05-21, Candle 2026 | Date: 2025-05-21 | Close: 48.3269
2025-05-21, Candle 2027 | Date: 2025-05-21 | Close: 48.38
2025-05-21, Candle 2028 | Date: 2025-05-21 | Close: 48.36
2025-05-21, Candle 2029 | Date: 2025-05-21 | Close: 48.37
2025-05-21, Candle 2030 | Date: 2025-05-21 | Close: 48.39
2025-05-21, Candle 2031 | Date: 2025-05-21 | Close: 48.58
2025-05-21, SELL EXECUTED, Price: 48.60, Cost: 483.01, Comm 0.49
Trade closed. Gross PnL: 2.9919999999999902, Net PnL (after commission): 2.02299199999999
2025-05-21, Candle 2032 | Date: 2025-05-21 | Close: 48.62
2025-05-21, Candle 2033 | Date: 2025-05-21 | Close: 48.5693
2025-05-21, Candle 2034 | Date: 2025-05-21 | Close: 48.65
2025-05-21, Candle 2035 | Date: 2025-05-21 | Close: 48.58
2025-05-21, Candle 2036 | Date: 2025-05-21 | Close: 48.43
2025-05-21, Candle 2037 | Date: 2025-05-21 | Close: 48.4
2025-05-21, Candle 2038 | Date: 2025-05-21 | Close: 48.3498
2025-05-21, Candle 2039 | Date: 2025-05-21 | Close: 48.35
2025-05-21, Candle 2040 | Date: 2025-05-21 | Close: 48.12
2025-05-21, Candle 2041 | Date: 2025-05-21 | Close: 47.885
2025-05-21, Candle 2042 | Date: 2025-05-21 | Close: 47.4
2025-05-21, Candle 2043 | Date: 2025-05-21 | Close: 47.68
2025-05-21, Candle 2044 | Date: 2025-05-21 | Close: 47.64
2025-05-21, Candle 2045 | Date: 2025-05-21 | Close: 47.2208
2025-05-21, Candle 2046 | Date: 2025-05-21 | Close: 47.26
2025-05-21, Candle 2047 | Date: 2025-05-21 | Close: 47.099998
2025-05-21, Candle 2048 | Date: 2025-05-21 | Close: 47.24
2025-05-21, Candle 2049 | Date: 2025-05-21 | Close: 47.23
2025-05-21, Candle 2050 | Date: 2025-05-21 | Close: 47.44
2025-05-21, Candle 2051 | Date: 2025-05-21 | Close: 47.365
2025-05-21, Candle 2052 | Date: 2025-05-21 | Close: 47.4
2025-05-21, Candle 2053 | Date: 2025-05-21 | Close: 47.23
2025-05-21, Candle 2054 | Date: 2025-05-21 | Close: 47.302
2025-05-21, Candle 2055 | Date: 2025-05-21 | Close: 47.3798
2025-05-21, Candle 2056 | Date: 2025-05-21 | Close: 47.38
2025-05-21, Candle 2057 | Date: 2025-05-21 | Close: 47.59
2025-05-21, Candle 2058 | Date: 2025-05-21 | Close: 47.46
2025-05-21, Candle 2059 | Date: 2025-05-21 | Close: 47.47
2025-05-21, Candle 2060 | Date: 2025-05-21 | Close: 47.43
2025-05-21, Candle 2061 | Date: 2025-05-21 | Close: 47.4999
2025-05-21, Candle 2062 | Date: 2025-05-21 | Close: 47.2507
2025-05-21, Candle 2063 | Date: 2025-05-21 | Close: 47.44
2025-05-21, Candle 2064 | Date: 2025-05-21 | Close: 47.39
2025-05-21, Candle 2065 | Date: 2025-05-21 | Close: 47.4201
2025-05-21, Candle 2066 | Date: 2025-05-21 | Close: 47.515
2025-05-21, Candle 2067 | Date: 2025-05-21 | Close: 47.7
2025-05-21, Candle 2068 | Date: 2025-05-21 | Close: 48.0099983
2025-05-21, Candle 2069 | Date: 2025-05-21 | Close: 47.9362
2025-05-21, Candle 2070 | Date: 2025-05-21 | Close: 48.040001
2025-05-21, Candle 2071 | Date: 2025-05-21 | Close: 48.0099983
2025-05-21, Candle 2072 | Date: 2025-05-21 | Close: 48.17
2025-05-22, Candle 2073 | Date: 2025-05-22 | Close: 49.22
2025-05-22, Candle 2074 | Date: 2025-05-22 | Close: 49.34
2025-05-22, Candle 2075 | Date: 2025-05-22 | Close: 49.35
2025-05-22, Candle 2076 | Date: 2025-05-22 | Close: 49.2985
2025-05-22, Candle 2077 | Date: 2025-05-22 | Close: 49.37
2025-05-22, Candle 2078 | Date: 2025-05-22 | Close: 49.21
2025-05-22, Candle 2079 | Date: 2025-05-22 | Close: 49.1627
2025-05-22, Candle 2080 | Date: 2025-05-22 | Close: 49.235
2025-05-22, Candle 2081 | Date: 2025-05-22 | Close: 49.060001
2025-05-22, Candle 2082 | Date: 2025-05-22 | Close: 49.2375
2025-05-22, Candle 2083 | Date: 2025-05-22 | Close: 49.16
2025-05-22, Candle 2084 | Date: 2025-05-22 | Close: 49.3145
2025-05-22, Candle 2085 | Date: 2025-05-22 | Close: 49.27
2025-05-22, Candle 2086 | Date: 2025-05-22 | Close: 49.13
2025-05-22, Candle 2087 | Date: 2025-05-22 | Close: 49.17
2025-05-22, Candle 2088 | Date: 2025-05-22 | Close: 49.13
2025-05-22, Candle 2089 | Date: 2025-05-22 | Close: 49.095402
2025-05-22, Candle 2090 | Date: 2025-05-22 | Close: 49.14
2025-05-22, Candle 2091 | Date: 2025-05-22 | Close: 49.1805
2025-05-22, Candle 2092 | Date: 2025-05-22 | Close: 49.1526
2025-05-22, Candle 2093 | Date: 2025-05-22 | Close: 49.1914
2025-05-22, Candle 2094 | Date: 2025-05-22 | Close: 49.1901
2025-05-22, Candle 2095 | Date: 2025-05-22 | Close: 49.2692
2025-05-22, Candle 2096 | Date: 2025-05-22 | Close: 49.2588
2025-05-22, Candle 2097 | Date: 2025-05-22 | Close: 49.292
2025-05-22, Candle 2098 | Date: 2025-05-22 | Close: 49.38
2025-05-22, Candle 2099 | Date: 2025-05-22 | Close: 49.435
2025-05-22, Candle 2100 | Date: 2025-05-22 | Close: 49.38
2025-05-22, Candle 2101 | Date: 2025-05-22 | Close: 49.37
2025-05-22, Candle 2102 | Date: 2025-05-22 | Close: 49.33
2025-05-22, Candle 2103 | Date: 2025-05-22 | Close: 49.39
2025-05-22, Candle 2104 | Date: 2025-05-22 | Close: 49.38
2025-05-22, Candle 2105 | Date: 2025-05-22 | Close: 49.44
2025-05-22, Candle 2106 | Date: 2025-05-22 | Close: 49.47
2025-05-22, Candle 2107 | Date: 2025-05-22 | Close: 49.39
2025-05-22, Candle 2108 | Date: 2025-05-22 | Close: 49.3192
2025-05-22, Candle 2109 | Date: 2025-05-22 | Close: 49.25
2025-05-22, Candle 2110 | Date: 2025-05-22 | Close: 49.38
2025-05-22, Candle 2111 | Date: 2025-05-22 | Close: 49.41
2025-05-22, Candle 2112 | Date: 2025-05-22 | Close: 49.36
2025-05-22, Candle 2113 | Date: 2025-05-22 | Close: 49.35
2025-05-22, Candle 2114 | Date: 2025-05-22 | Close: 49.32
2025-05-22, Candle 2115 | Date: 2025-05-22 | Close: 49.3578
2025-05-22, Candle 2116 | Date: 2025-05-22 | Close: 49.36
2025-05-22, Candle 2117 | Date: 2025-05-22 | Close: 49.4
2025-05-22, Candle 2118 | Date: 2025-05-22 | Close: 49.46
2025-05-22, Candle 2119 | Date: 2025-05-22 | Close: 49.62
2025-05-22, Candle 2120 | Date: 2025-05-22 | Close: 49.52
2025-05-22, Candle 2121 | Date: 2025-05-22 | Close: 49.63
2025-05-22, Candle 2122 | Date: 2025-05-22 | Close: 49.6
2025-05-22, Candle 2123 | Date: 2025-05-22 | Close: 49.57
2025-05-22, Candle 2124 | Date: 2025-05-22 | Close: 49.4501
2025-05-22, Candle 2125 | Date: 2025-05-22 | Close: 49.4054
2025-05-22, Candle 2126 | Date: 2025-05-22 | Close: 49.44
2025-05-22, Candle 2127 | Date: 2025-05-22 | Close: 49.45
2025-05-22, Candle 2128 | Date: 2025-05-22 | Close: 49.3765
2025-05-22, Candle 2129 | Date: 2025-05-22 | Close: 49.4105
2025-05-22, Candle 2130 | Date: 2025-05-22 | Close: 49.51
2025-05-22, Candle 2131 | Date: 2025-05-22 | Close: 49.4899
2025-05-22, Candle 2132 | Date: 2025-05-22 | Close: 49.5
2025-05-22, Candle 2133 | Date: 2025-05-22 | Close: 49.55
2025-05-22, Candle 2134 | Date: 2025-05-22 | Close: 49.61
2025-05-22, Candle 2135 | Date: 2025-05-22 | Close: 49.52
2025-05-22, Candle 2136 | Date: 2025-05-22 | Close: 49.569
2025-05-22, Candle 2137 | Date: 2025-05-22 | Close: 49.55
2025-05-22, Candle 2138 | Date: 2025-05-22 | Close: 49.5399
2025-05-22, Candle 2139 | Date: 2025-05-22 | Close: 49.44
2025-05-22, Candle 2140 | Date: 2025-05-22 | Close: 49.503
2025-05-22, Candle 2141 | Date: 2025-05-22 | Close: 49.54
2025-05-22, Candle 2142 | Date: 2025-05-22 | Close: 49.51
2025-05-22, Candle 2143 | Date: 2025-05-22 | Close: 49.55
2025-05-22, Candle 2144 | Date: 2025-05-22 | Close: 49.63
2025-05-22, Candle 2145 | Date: 2025-05-22 | Close: 49.49
2025-05-22, Candle 2146 | Date: 2025-05-22 | Close: 49.4
2025-05-22, Candle 2147 | Date: 2025-05-22 | Close: 49.37
2025-05-22, Candle 2148 | Date: 2025-05-22 | Close: 49.27
2025-05-22, Candle 2149 | Date: 2025-05-22 | Close: 49.29
2025-05-22, Candle 2150 | Date: 2025-05-22 | Close: 49.28
2025-05-23, Candle 2151 | Date: 2025-05-23 | Close: 48.52
2025-05-23, Candle 2152 | Date: 2025-05-23 | Close: 48.48
2025-05-23, Candle 2153 | Date: 2025-05-23 | Close: 48.3493
2025-05-23, Candle 2154 | Date: 2025-05-23 | Close: 48.42
2025-05-23, BUY EXECUTED, Price: 48.43, Cost: 484.31, Comm 0.48
2025-05-23, Candle 2155 | Date: 2025-05-23 | Close: 48.45
2025-05-23, Candle 2156 | Date: 2025-05-23 | Close: 48.61
2025-05-23, Candle 2157 | Date: 2025-05-23 | Close: 48.76
2025-05-23, SELL EXECUTED, Price: 48.78, Cost: 484.31, Comm 0.49
Trade closed. Gross PnL: 3.4900000000000375, Net PnL (after commission): 2.5178900000000377
2025-05-23, Candle 2158 | Date: 2025-05-23 | Close: 48.635
2025-05-23, Candle 2159 | Date: 2025-05-23 | Close: 48.75
2025-05-23, Candle 2160 | Date: 2025-05-23 | Close: 48.6443
2025-05-23, Candle 2161 | Date: 2025-05-23 | Close: 48.73
2025-05-23, Candle 2162 | Date: 2025-05-23 | Close: 48.625
2025-05-23, Candle 2163 | Date: 2025-05-23 | Close: 48.6891
2025-05-23, Candle 2164 | Date: 2025-05-23 | Close: 48.65
2025-05-23, Candle 2165 | Date: 2025-05-23 | Close: 48.66
2025-05-23, Candle 2166 | Date: 2025-05-23 | Close: 48.75
2025-05-23, Candle 2167 | Date: 2025-05-23 | Close: 48.7398
2025-05-23, Candle 2168 | Date: 2025-05-23 | Close: 48.64
2025-05-23, Candle 2169 | Date: 2025-05-23 | Close: 48.61
2025-05-23, Candle 2170 | Date: 2025-05-23 | Close: 48.41
2025-05-23, BUY EXECUTED, Price: 48.43, Cost: 484.30, Comm 0.48
2025-05-23, Candle 2171 | Date: 2025-05-23 | Close: 48.36
2025-05-23, Candle 2172 | Date: 2025-05-23 | Close: 48.44
2025-05-23, Candle 2173 | Date: 2025-05-23 | Close: 48.5099
2025-05-23, Candle 2174 | Date: 2025-05-23 | Close: 48.4824
2025-05-23, Candle 2175 | Date: 2025-05-23 | Close: 48.673
2025-05-23, SELL EXECUTED, Price: 48.69, Cost: 484.30, Comm 0.49
Trade closed. Gross PnL: 2.59999999999998, Net PnL (after commission): 1.62879999999998
2025-05-23, Candle 2176 | Date: 2025-05-23 | Close: 48.55
2025-05-23, BUY EXECUTED, Price: 48.57, Cost: 485.70, Comm 0.49
2025-05-23, Candle 2177 | Date: 2025-05-23 | Close: 48.56
2025-05-23, Candle 2178 | Date: 2025-05-23 | Close: 48.4899
2025-05-23, Candle 2179 | Date: 2025-05-23 | Close: 48.4492
2025-05-23, Candle 2180 | Date: 2025-05-23 | Close: 48.28
2025-05-23, Candle 2181 | Date: 2025-05-23 | Close: 48.3008
2025-05-23, Candle 2182 | Date: 2025-05-23 | Close: 48.19
2025-05-23, Candle 2183 | Date: 2025-05-23 | Close: 48.17
2025-05-23, Candle 2184 | Date: 2025-05-23 | Close: 47.93
2025-05-23, Candle 2185 | Date: 2025-05-23 | Close: 48.12
2025-05-23, Candle 2186 | Date: 2025-05-23 | Close: 48.2
2025-05-23, Candle 2187 | Date: 2025-05-23 | Close: 48.31
2025-05-23, Candle 2188 | Date: 2025-05-23 | Close: 48.279
2025-05-23, Candle 2189 | Date: 2025-05-23 | Close: 48.18
2025-05-23, Candle 2190 | Date: 2025-05-23 | Close: 48.27
2025-05-23, Candle 2191 | Date: 2025-05-23 | Close: 48.2562
2025-05-23, Candle 2192 | Date: 2025-05-23 | Close: 48.35
2025-05-23, Candle 2193 | Date: 2025-05-23 | Close: 48.49
2025-05-23, Candle 2194 | Date: 2025-05-23 | Close: 48.47
2025-05-23, Candle 2195 | Date: 2025-05-23 | Close: 48.52
2025-05-23, Candle 2196 | Date: 2025-05-23 | Close: 48.55
2025-05-23, Candle 2197 | Date: 2025-05-23 | Close: 48.69
2025-05-23, Candle 2198 | Date: 2025-05-23 | Close: 48.6993
2025-05-23, Candle 2199 | Date: 2025-05-23 | Close: 48.61
2025-05-23, Candle 2200 | Date: 2025-05-23 | Close: 48.58
2025-05-23, Candle 2201 | Date: 2025-05-23 | Close: 48.5
2025-05-23, Candle 2202 | Date: 2025-05-23 | Close: 48.56
2025-05-23, Candle 2203 | Date: 2025-05-23 | Close: 48.6
2025-05-23, Candle 2204 | Date: 2025-05-23 | Close: 48.54
2025-05-23, Candle 2205 | Date: 2025-05-23 | Close: 48.47
2025-05-23, Candle 2206 | Date: 2025-05-23 | Close: 48.5199
2025-05-23, Candle 2207 | Date: 2025-05-23 | Close: 48.4401
2025-05-23, Candle 2208 | Date: 2025-05-23 | Close: 48.35
2025-05-23, Candle 2209 | Date: 2025-05-23 | Close: 48.36
2025-05-23, Candle 2210 | Date: 2025-05-23 | Close: 48.3565
2025-05-23, Candle 2211 | Date: 2025-05-23 | Close: 48.325
2025-05-23, Candle 2212 | Date: 2025-05-23 | Close: 48.35
2025-05-23, Candle 2213 | Date: 2025-05-23 | Close: 48.3365
2025-05-23, Candle 2214 | Date: 2025-05-23 | Close: 48.26
2025-05-23, Candle 2215 | Date: 2025-05-23 | Close: 48.27
2025-05-23, Candle 2216 | Date: 2025-05-23 | Close: 48.23
2025-05-23, Candle 2217 | Date: 2025-05-23 | Close: 48.19
2025-05-23, Candle 2218 | Date: 2025-05-23 | Close: 48.32
2025-05-23, Candle 2219 | Date: 2025-05-23 | Close: 48.38
2025-05-23, Candle 2220 | Date: 2025-05-23 | Close: 48.3
2025-05-23, Candle 2221 | Date: 2025-05-23 | Close: 48.31
2025-05-23, Candle 2222 | Date: 2025-05-23 | Close: 48.265
2025-05-23, Candle 2223 | Date: 2025-05-23 | Close: 48.345
2025-05-23, Candle 2224 | Date: 2025-05-23 | Close: 48.285
2025-05-23, Candle 2225 | Date: 2025-05-23 | Close: 48.32
2025-05-23, Candle 2226 | Date: 2025-05-23 | Close: 48.25
2025-05-23, Candle 2227 | Date: 2025-05-23 | Close: 48.2
2025-05-23, Candle 2228 | Date: 2025-05-23 | Close: 48.19
2025-05-27, Candle 2229 | Date: 2025-05-27 | Close: 48.865
2025-05-27, SELL EXECUTED, Price: 48.82, Cost: 485.70, Comm 0.49
Trade closed. Gross PnL: 2.5099999999999767, Net PnL (after commission): 1.5360899999999766
2025-05-27, Candle 2230 | Date: 2025-05-27 | Close: 48.8498
2025-05-27, BUY EXECUTED, Price: 48.89, Cost: 488.90, Comm 0.49
2025-05-27, Candle 2231 | Date: 2025-05-27 | Close: 48.88
2025-05-27, Candle 2232 | Date: 2025-05-27 | Close: 48.8205
2025-05-27, Candle 2233 | Date: 2025-05-27 | Close: 48.74
2025-05-27, Candle 2234 | Date: 2025-05-27 | Close: 48.69
2025-05-27, Candle 2235 | Date: 2025-05-27 | Close: 48.77
2025-05-27, Candle 2236 | Date: 2025-05-27 | Close: 48.815
2025-05-27, Candle 2237 | Date: 2025-05-27 | Close: 48.865
2025-05-27, Candle 2238 | Date: 2025-05-27 | Close: 48.7607
2025-05-27, Candle 2239 | Date: 2025-05-27 | Close: 48.67
2025-05-27, Candle 2240 | Date: 2025-05-27 | Close: 48.56
2025-05-27, Candle 2241 | Date: 2025-05-27 | Close: 48.36
2025-05-27, Candle 2242 | Date: 2025-05-27 | Close: 48.47
2025-05-27, Candle 2243 | Date: 2025-05-27 | Close: 48.62
2025-05-27, Candle 2244 | Date: 2025-05-27 | Close: 48.58
2025-05-27, Candle 2245 | Date: 2025-05-27 | Close: 48.5008
2025-05-27, Candle 2246 | Date: 2025-05-27 | Close: 48.51
2025-05-27, Candle 2247 | Date: 2025-05-27 | Close: 48.4098
2025-05-27, Candle 2248 | Date: 2025-05-27 | Close: 48.515
2025-05-27, Candle 2249 | Date: 2025-05-27 | Close: 48.55
2025-05-27, Candle 2250 | Date: 2025-05-27 | Close: 48.59
2025-05-27, Candle 2251 | Date: 2025-05-27 | Close: 48.62
2025-05-27, Candle 2252 | Date: 2025-05-27 | Close: 48.621
2025-05-27, Candle 2253 | Date: 2025-05-27 | Close: 48.67
2025-05-27, Candle 2254 | Date: 2025-05-27 | Close: 48.763
2025-05-27, Candle 2255 | Date: 2025-05-27 | Close: 48.7595
2025-05-27, Candle 2256 | Date: 2025-05-27 | Close: 48.82
2025-05-27, Candle 2257 | Date: 2025-05-27 | Close: 48.85
2025-05-27, Candle 2258 | Date: 2025-05-27 | Close: 48.86
2025-05-27, Candle 2259 | Date: 2025-05-27 | Close: 48.89
2025-05-27, Candle 2260 | Date: 2025-05-27 | Close: 48.8
2025-05-27, Candle 2261 | Date: 2025-05-27 | Close: 48.86
2025-05-27, the Volume is True | the RSI is 83.65384615384625 Trend is True Nearliquidity True
2025-05-27, Candle 2262 | Date: 2025-05-27 | Close: 48.9
2025-05-27, the Volume is True | the RSI is 82.58845437616407 Trend is True Nearliquidity True
2025-05-27, Candle 2263 | Date: 2025-05-27 | Close: 48.9
2025-05-27, the Volume is True | the RSI is 72.29887117004156 Trend is True Nearliquidity True
2025-05-27, Candle 2264 | Date: 2025-05-27 | Close: 48.8389
2025-05-27, the Volume is True | the RSI is 72.35336194563703 Trend is True Nearliquidity True
2025-05-27, Candle 2265 | Date: 2025-05-27 | Close: 48.87
2025-05-27, the Volume is True | the RSI is 77.5356001162456 Trend is True Nearliquidity True
2025-05-27, Candle 2266 | Date: 2025-05-27 | Close: 49.0
2025-05-27, the Volume is True | the RSI is 70.31340684852054 Trend is True Nearliquidity True
2025-05-27, Candle 2267 | Date: 2025-05-27 | Close: 48.95
2025-05-27, Candle 2268 | Date: 2025-05-27 | Close: 49.0
2025-05-27, Candle 2269 | Date: 2025-05-27 | Close: 48.95
2025-05-27, Candle 2270 | Date: 2025-05-27 | Close: 48.89
2025-05-27, Candle 2271 | Date: 2025-05-27 | Close: 48.95
2025-05-27, Candle 2272 | Date: 2025-05-27 | Close: 48.94
2025-05-27, Candle 2273 | Date: 2025-05-27 | Close: 48.86
2025-05-27, Candle 2274 | Date: 2025-05-27 | Close: 48.8399
2025-05-27, Candle 2275 | Date: 2025-05-27 | Close: 48.8208
2025-05-27, Candle 2276 | Date: 2025-05-27 | Close: 48.8299
2025-05-27, Candle 2277 | Date: 2025-05-27 | Close: 48.81
2025-05-27, Candle 2278 | Date: 2025-05-27 | Close: 48.8446
2025-05-27, Candle 2279 | Date: 2025-05-27 | Close: 48.9392
2025-05-27, Candle 2280 | Date: 2025-05-27 | Close: 48.96
2025-05-27, Candle 2281 | Date: 2025-05-27 | Close: 48.91
2025-05-27, Candle 2282 | Date: 2025-05-27 | Close: 48.9
2025-05-27, Candle 2283 | Date: 2025-05-27 | Close: 48.91
2025-05-27, Candle 2284 | Date: 2025-05-27 | Close: 48.96
2025-05-27, Candle 2285 | Date: 2025-05-27 | Close: 48.849
2025-05-27, Candle 2286 | Date: 2025-05-27 | Close: 48.91
2025-05-27, Candle 2287 | Date: 2025-05-27 | Close: 48.8408
2025-05-27, Candle 2288 | Date: 2025-05-27 | Close: 48.81
2025-05-27, Candle 2289 | Date: 2025-05-27 | Close: 48.815
2025-05-27, Candle 2290 | Date: 2025-05-27 | Close: 48.8301
2025-05-27, Candle 2291 | Date: 2025-05-27 | Close: 48.74
2025-05-27, Candle 2292 | Date: 2025-05-27 | Close: 48.75
2025-05-27, Candle 2293 | Date: 2025-05-27 | Close: 48.75
2025-05-27, Candle 2294 | Date: 2025-05-27 | Close: 48.72
2025-05-27, Candle 2295 | Date: 2025-05-27 | Close: 48.665
2025-05-27, Candle 2296 | Date: 2025-05-27 | Close: 48.68
2025-05-27, Candle 2297 | Date: 2025-05-27 | Close: 48.66
2025-05-27, Candle 2298 | Date: 2025-05-27 | Close: 48.61
2025-05-27, Candle 2299 | Date: 2025-05-27 | Close: 48.62
2025-05-27, Candle 2300 | Date: 2025-05-27 | Close: 48.607
2025-05-27, Candle 2301 | Date: 2025-05-27 | Close: 48.62
2025-05-27, Candle 2302 | Date: 2025-05-27 | Close: 48.715
2025-05-27, Candle 2303 | Date: 2025-05-27 | Close: 48.745
2025-05-27, Candle 2304 | Date: 2025-05-27 | Close: 48.71
2025-05-27, Candle 2305 | Date: 2025-05-27 | Close: 48.73
2025-05-27, Candle 2306 | Date: 2025-05-27 | Close: 48.71
2025-05-28, Candle 2307 | Date: 2025-05-28 | Close: 48.3
2025-05-28, Candle 2308 | Date: 2025-05-28 | Close: 48.25
2025-05-28, Candle 2309 | Date: 2025-05-28 | Close: 48.11
2025-05-28, Candle 2310 | Date: 2025-05-28 | Close: 48.0201
2025-05-28, Candle 2311 | Date: 2025-05-28 | Close: 48.057598
2025-05-28, Candle 2312 | Date: 2025-05-28 | Close: 47.89
2025-05-28, Candle 2313 | Date: 2025-05-28 | Close: 47.95
2025-05-28, Candle 2314 | Date: 2025-05-28 | Close: 47.88
2025-05-28, Candle 2315 | Date: 2025-05-28 | Close: 47.835
2025-05-28, Candle 2316 | Date: 2025-05-28 | Close: 47.71
2025-05-28, Candle 2317 | Date: 2025-05-28 | Close: 47.82
2025-05-28, Candle 2318 | Date: 2025-05-28 | Close: 47.8195
2025-05-28, Candle 2319 | Date: 2025-05-28 | Close: 47.79
2025-05-28, Candle 2320 | Date: 2025-05-28 | Close: 47.68
2025-05-28, Candle 2321 | Date: 2025-05-28 | Close: 47.67
2025-05-28, Candle 2322 | Date: 2025-05-28 | Close: 47.75
2025-05-28, Candle 2323 | Date: 2025-05-28 | Close: 47.68
2025-05-28, Candle 2324 | Date: 2025-05-28 | Close: 47.64
2025-05-28, Candle 2325 | Date: 2025-05-28 | Close: 47.63
2025-05-28, Candle 2326 | Date: 2025-05-28 | Close: 47.61
2025-05-28, Candle 2327 | Date: 2025-05-28 | Close: 47.45
2025-05-28, Candle 2328 | Date: 2025-05-28 | Close: 47.54
2025-05-28, Candle 2329 | Date: 2025-05-28 | Close: 47.589
2025-05-28, Candle 2330 | Date: 2025-05-28 | Close: 47.535
2025-05-28, Candle 2331 | Date: 2025-05-28 | Close: 47.5392
2025-05-28, Candle 2332 | Date: 2025-05-28 | Close: 47.61
2025-05-28, Candle 2333 | Date: 2025-05-28 | Close: 47.5945
2025-05-28, Candle 2334 | Date: 2025-05-28 | Close: 47.52
2025-05-28, Candle 2335 | Date: 2025-05-28 | Close: 47.485
2025-05-28, Candle 2336 | Date: 2025-05-28 | Close: 47.46
2025-05-28, Candle 2337 | Date: 2025-05-28 | Close: 47.54
2025-05-28, Candle 2338 | Date: 2025-05-28 | Close: 47.54
2025-05-28, Candle 2339 | Date: 2025-05-28 | Close: 47.54
2025-05-28, Candle 2340 | Date: 2025-05-28 | Close: 47.57
2025-05-28, Candle 2341 | Date: 2025-05-28 | Close: 47.58
2025-05-28, Candle 2342 | Date: 2025-05-28 | Close: 47.585
2025-05-28, Candle 2343 | Date: 2025-05-28 | Close: 47.5
2025-05-28, Candle 2344 | Date: 2025-05-28 | Close: 47.51
2025-05-28, Candle 2345 | Date: 2025-05-28 | Close: 47.5002
2025-05-28, Candle 2346 | Date: 2025-05-28 | Close: 47.55
2025-05-28, Candle 2347 | Date: 2025-05-28 | Close: 47.565
2025-05-28, Candle 2348 | Date: 2025-05-28 | Close: 47.5699
2025-05-28, Candle 2349 | Date: 2025-05-28 | Close: 47.72
2025-05-28, Candle 2350 | Date: 2025-05-28 | Close: 47.75
2025-05-28, Candle 2351 | Date: 2025-05-28 | Close: 47.705
2025-05-28, Candle 2352 | Date: 2025-05-28 | Close: 47.75
2025-05-28, Candle 2353 | Date: 2025-05-28 | Close: 47.73
2025-05-28, Candle 2354 | Date: 2025-05-28 | Close: 47.69
2025-05-28, Candle 2355 | Date: 2025-05-28 | Close: 47.67
2025-05-28, Candle 2356 | Date: 2025-05-28 | Close: 47.61
2025-05-28, Candle 2357 | Date: 2025-05-28 | Close: 47.6252
2025-05-28, Candle 2358 | Date: 2025-05-28 | Close: 47.66
2025-05-28, Candle 2359 | Date: 2025-05-28 | Close: 47.71
2025-05-28, Candle 2360 | Date: 2025-05-28 | Close: 47.74
2025-05-28, Candle 2361 | Date: 2025-05-28 | Close: 47.7565
2025-05-28, Candle 2362 | Date: 2025-05-28 | Close: 47.769
2025-05-28, Candle 2363 | Date: 2025-05-28 | Close: 47.7999
2025-05-28, Candle 2364 | Date: 2025-05-28 | Close: 47.76
2025-05-28, Candle 2365 | Date: 2025-05-28 | Close: 47.745
2025-05-28, Candle 2366 | Date: 2025-05-28 | Close: 47.665
2025-05-28, Candle 2367 | Date: 2025-05-28 | Close: 47.66
2025-05-28, Candle 2368 | Date: 2025-05-28 | Close: 47.665
2025-05-28, Candle 2369 | Date: 2025-05-28 | Close: 47.7236
2025-05-28, Candle 2370 | Date: 2025-05-28 | Close: 47.7365
2025-05-28, Candle 2371 | Date: 2025-05-28 | Close: 47.66
2025-05-28, Candle 2372 | Date: 2025-05-28 | Close: 47.64
2025-05-28, Candle 2373 | Date: 2025-05-28 | Close: 47.68
2025-05-28, Candle 2374 | Date: 2025-05-28 | Close: 47.74
2025-05-28, Candle 2375 | Date: 2025-05-28 | Close: 47.725
2025-05-28, Candle 2376 | Date: 2025-05-28 | Close: 47.71
2025-05-28, Candle 2377 | Date: 2025-05-28 | Close: 47.67
2025-05-28, Candle 2378 | Date: 2025-05-28 | Close: 47.63
2025-05-28, Candle 2379 | Date: 2025-05-28 | Close: 47.6101
2025-05-28, Candle 2380 | Date: 2025-05-28 | Close: 47.53
2025-05-28, Candle 2381 | Date: 2025-05-28 | Close: 47.47
2025-05-28, Candle 2382 | Date: 2025-05-28 | Close: 47.495
2025-05-28, Candle 2383 | Date: 2025-05-28 | Close: 47.42
2025-05-28, Candle 2384 | Date: 2025-05-28 | Close: 47.385
2025-05-29, Candle 2385 | Date: 2025-05-29 | Close: 47.9308
2025-05-29, Candle 2386 | Date: 2025-05-29 | Close: 47.8
2025-05-29, Candle 2387 | Date: 2025-05-29 | Close: 47.68
2025-05-29, Candle 2388 | Date: 2025-05-29 | Close: 47.61
2025-05-29, Candle 2389 | Date: 2025-05-29 | Close: 47.799
2025-05-29, Candle 2390 | Date: 2025-05-29 | Close: 47.67
2025-05-29, Candle 2391 | Date: 2025-05-29 | Close: 47.72
2025-05-29, Candle 2392 | Date: 2025-05-29 | Close: 47.5399
2025-05-29, Candle 2393 | Date: 2025-05-29 | Close: 47.56
2025-05-29, Candle 2394 | Date: 2025-05-29 | Close: 47.47
2025-05-29, Candle 2395 | Date: 2025-05-29 | Close: 47.37
2025-05-29, Candle 2396 | Date: 2025-05-29 | Close: 47.4
2025-05-29, Candle 2397 | Date: 2025-05-29 | Close: 47.14
2025-05-29, Candle 2398 | Date: 2025-05-29 | Close: 47.4
2025-05-29, Candle 2399 | Date: 2025-05-29 | Close: 47.47
2025-05-29, Candle 2400 | Date: 2025-05-29 | Close: 47.58
2025-05-29, Candle 2401 | Date: 2025-05-29 | Close: 47.65
2025-05-29, Candle 2402 | Date: 2025-05-29 | Close: 47.66
2025-05-29, Candle 2403 | Date: 2025-05-29 | Close: 47.63
2025-05-29, Candle 2404 | Date: 2025-05-29 | Close: 47.63
2025-05-29, Candle 2405 | Date: 2025-05-29 | Close: 47.6
2025-05-29, Candle 2406 | Date: 2025-05-29 | Close: 47.605
2025-05-29, Candle 2407 | Date: 2025-05-29 | Close: 47.5795
2025-05-29, Candle 2408 | Date: 2025-05-29 | Close: 47.61
2025-05-29, Candle 2409 | Date: 2025-05-29 | Close: 47.5399
2025-05-29, Candle 2410 | Date: 2025-05-29 | Close: 47.53
2025-05-29, Candle 2411 | Date: 2025-05-29 | Close: 47.51
2025-05-29, Candle 2412 | Date: 2025-05-29 | Close: 47.44
2025-05-29, Candle 2413 | Date: 2025-05-29 | Close: 47.45
2025-05-29, Candle 2414 | Date: 2025-05-29 | Close: 47.37
2025-05-29, Candle 2415 | Date: 2025-05-29 | Close: 47.38
2025-05-29, Candle 2416 | Date: 2025-05-29 | Close: 47.2392
2025-05-29, Candle 2417 | Date: 2025-05-29 | Close: 47.3406
2025-05-29, Candle 2418 | Date: 2025-05-29 | Close: 47.39
2025-05-29, Candle 2419 | Date: 2025-05-29 | Close: 47.34
2025-05-29, Candle 2420 | Date: 2025-05-29 | Close: 47.31
2025-05-29, Candle 2421 | Date: 2025-05-29 | Close: 47.275
2025-05-29, Candle 2422 | Date: 2025-05-29 | Close: 47.32
2025-05-29, Candle 2423 | Date: 2025-05-29 | Close: 47.3154
2025-05-29, Candle 2424 | Date: 2025-05-29 | Close: 47.35
2025-05-29, Candle 2425 | Date: 2025-05-29 | Close: 47.24
2025-05-29, Candle 2426 | Date: 2025-05-29 | Close: 47.26
2025-05-29, Candle 2427 | Date: 2025-05-29 | Close: 47.24
2025-05-29, Candle 2428 | Date: 2025-05-29 | Close: 47.22
2025-05-29, Candle 2429 | Date: 2025-05-29 | Close: 47.22
2025-05-29, Candle 2430 | Date: 2025-05-29 | Close: 47.17
2025-05-29, Candle 2431 | Date: 2025-05-29 | Close: 47.27
2025-05-29, Candle 2432 | Date: 2025-05-29 | Close: 47.19
2025-05-29, Candle 2433 | Date: 2025-05-29 | Close: 47.23
2025-05-29, Candle 2434 | Date: 2025-05-29 | Close: 47.21
2025-05-29, Candle 2435 | Date: 2025-05-29 | Close: 46.98
2025-05-29, Candle 2436 | Date: 2025-05-29 | Close: 47.1155
2025-05-29, Candle 2437 | Date: 2025-05-29 | Close: 47.18
2025-05-29, Candle 2438 | Date: 2025-05-29 | Close: 47.060001
2025-05-29, Candle 2439 | Date: 2025-05-29 | Close: 47.025002
2025-05-29, Candle 2440 | Date: 2025-05-29 | Close: 47.13
2025-05-29, Candle 2441 | Date: 2025-05-29 | Close: 47.13
2025-05-29, Candle 2442 | Date: 2025-05-29 | Close: 47.07
2025-05-29, Candle 2443 | Date: 2025-05-29 | Close: 47.1299
2025-05-29, Candle 2444 | Date: 2025-05-29 | Close: 47.1345
2025-05-29, Candle 2445 | Date: 2025-05-29 | Close: 47.14
2025-05-29, Candle 2446 | Date: 2025-05-29 | Close: 47.061199
2025-05-29, Candle 2447 | Date: 2025-05-29 | Close: 47.0099983
2025-05-29, Candle 2448 | Date: 2025-05-29 | Close: 47.0099983
2025-05-29, Candle 2449 | Date: 2025-05-29 | Close: 46.98
2025-05-29, Candle 2450 | Date: 2025-05-29 | Close: 46.84
2025-05-29, Candle 2451 | Date: 2025-05-29 | Close: 46.91
2025-05-29, Candle 2452 | Date: 2025-05-29 | Close: 46.87
2025-05-29, Candle 2453 | Date: 2025-05-29 | Close: 46.77
2025-05-29, Candle 2454 | Date: 2025-05-29 | Close: 46.78
2025-05-29, Candle 2455 | Date: 2025-05-29 | Close: 46.85
2025-05-29, Candle 2456 | Date: 2025-05-29 | Close: 46.889
2025-05-29, Candle 2457 | Date: 2025-05-29 | Close: 46.89
2025-05-29, Candle 2458 | Date: 2025-05-29 | Close: 46.88
2025-05-29, Candle 2459 | Date: 2025-05-29 | Close: 46.795
2025-05-29, Candle 2460 | Date: 2025-05-29 | Close: 46.82
2025-05-29, Candle 2461 | Date: 2025-05-29 | Close: 46.81
2025-05-29, Candle 2462 | Date: 2025-05-29 | Close: 46.79
2025-05-30, Candle 2463 | Date: 2025-05-30 | Close: 46.755
2025-05-30, Candle 2464 | Date: 2025-05-30 | Close: 46.81
2025-05-30, Candle 2465 | Date: 2025-05-30 | Close: 46.875
2025-05-30, Candle 2466 | Date: 2025-05-30 | Close: 46.91
2025-05-30, Candle 2467 | Date: 2025-05-30 | Close: 46.79
2025-05-30, Candle 2468 | Date: 2025-05-30 | Close: 46.767
2025-05-30, Candle 2469 | Date: 2025-05-30 | Close: 46.7727
2025-05-30, Candle 2470 | Date: 2025-05-30 | Close: 46.79
2025-05-30, Candle 2471 | Date: 2025-05-30 | Close: 46.78
2025-05-30, Candle 2472 | Date: 2025-05-30 | Close: 46.71
2025-05-30, Candle 2473 | Date: 2025-05-30 | Close: 46.65
2025-05-30, Candle 2474 | Date: 2025-05-30 | Close: 46.55
2025-05-30, Candle 2475 | Date: 2025-05-30 | Close: 46.66
2025-05-30, Candle 2476 | Date: 2025-05-30 | Close: 46.74
2025-05-30, Candle 2477 | Date: 2025-05-30 | Close: 46.7
2025-05-30, Candle 2478 | Date: 2025-05-30 | Close: 46.64
2025-05-30, Candle 2479 | Date: 2025-05-30 | Close: 46.66
2025-05-30, Candle 2480 | Date: 2025-05-30 | Close: 46.68
2025-05-30, Candle 2481 | Date: 2025-05-30 | Close: 46.71
2025-05-30, Candle 2482 | Date: 2025-05-30 | Close: 46.79
2025-05-30, Candle 2483 | Date: 2025-05-30 | Close: 46.773
2025-05-30, Candle 2484 | Date: 2025-05-30 | Close: 46.72
2025-05-30, Candle 2485 | Date: 2025-05-30 | Close: 46.7601
2025-05-30, Candle 2486 | Date: 2025-05-30 | Close: 46.86
2025-05-30, Candle 2487 | Date: 2025-05-30 | Close: 46.795
2025-05-30, Candle 2488 | Date: 2025-05-30 | Close: 46.7338
2025-05-30, Candle 2489 | Date: 2025-05-30 | Close: 46.81
2025-05-30, Candle 2490 | Date: 2025-05-30 | Close: 46.8277
2025-05-30, Candle 2491 | Date: 2025-05-30 | Close: 46.76
2025-05-30, Candle 2492 | Date: 2025-05-30 | Close: 46.7301
2025-05-30, Candle 2493 | Date: 2025-05-30 | Close: 46.67
2025-05-30, Candle 2494 | Date: 2025-05-30 | Close: 46.745
2025-05-30, Candle 2495 | Date: 2025-05-30 | Close: 46.66
2025-05-30, Candle 2496 | Date: 2025-05-30 | Close: 46.5954
2025-05-30, Candle 2497 | Date: 2025-05-30 | Close: 46.57
2025-05-30, Candle 2498 | Date: 2025-05-30 | Close: 46.35
2025-05-30, Candle 2499 | Date: 2025-05-30 | Close: 46.1401
2025-05-30, Candle 2500 | Date: 2025-05-30 | Close: 46.215
2025-05-30, Candle 2501 | Date: 2025-05-30 | Close: 46.2
2025-05-30, Candle 2502 | Date: 2025-05-30 | Close: 46.099998
2025-05-30, Candle 2503 | Date: 2025-05-30 | Close: 45.96
2025-05-30, Candle 2504 | Date: 2025-05-30 | Close: 45.9617
2025-05-30, Candle 2505 | Date: 2025-05-30 | Close: 46.010502
2025-05-30, Candle 2506 | Date: 2025-05-30 | Close: 46.099998
2025-05-30, Candle 2507 | Date: 2025-05-30 | Close: 46.080002
2025-05-30, Candle 2508 | Date: 2025-05-30 | Close: 46.13
2025-05-30, Candle 2509 | Date: 2025-05-30 | Close: 46.049999
2025-05-30, Candle 2510 | Date: 2025-05-30 | Close: 46.025002
2025-05-30, Candle 2511 | Date: 2025-05-30 | Close: 46.048302
2025-05-30, Candle 2512 | Date: 2025-05-30 | Close: 46.09
2025-05-30, Candle 2513 | Date: 2025-05-30 | Close: 46.060001
2025-05-30, Candle 2514 | Date: 2025-05-30 | Close: 46.07
2025-05-30, Candle 2515 | Date: 2025-05-30 | Close: 46.16
2025-05-30, Candle 2516 | Date: 2025-05-30 | Close: 46.099998
2025-05-30, Candle 2517 | Date: 2025-05-30 | Close: 46.09
2025-05-30, Candle 2518 | Date: 2025-05-30 | Close: 46.215
2025-05-30, Candle 2519 | Date: 2025-05-30 | Close: 46.17
2025-05-30, Candle 2520 | Date: 2025-05-30 | Close: 46.25
2025-05-30, Candle 2521 | Date: 2025-05-30 | Close: 46.37
2025-05-30, Candle 2522 | Date: 2025-05-30 | Close: 46.3799
2025-05-30, Candle 2523 | Date: 2025-05-30 | Close: 46.33
2025-05-30, Candle 2524 | Date: 2025-05-30 | Close: 46.37
2025-05-30, Candle 2525 | Date: 2025-05-30 | Close: 46.35
2025-05-30, Candle 2526 | Date: 2025-05-30 | Close: 46.36
2025-05-30, Candle 2527 | Date: 2025-05-30 | Close: 46.4
2025-05-30, Candle 2528 | Date: 2025-05-30 | Close: 46.445
2025-05-30, Candle 2529 | Date: 2025-05-30 | Close: 46.43
2025-05-30, Candle 2530 | Date: 2025-05-30 | Close: 46.38
2025-05-30, Candle 2531 | Date: 2025-05-30 | Close: 46.41
2025-05-30, Candle 2532 | Date: 2025-05-30 | Close: 46.43
2025-05-30, Candle 2533 | Date: 2025-05-30 | Close: 46.41
2025-05-30, Candle 2534 | Date: 2025-05-30 | Close: 46.4
2025-05-30, Candle 2535 | Date: 2025-05-30 | Close: 46.3599
2025-05-30, Candle 2536 | Date: 2025-05-30 | Close: 46.33
2025-05-30, Candle 2537 | Date: 2025-05-30 | Close: 46.29
2025-05-30, Candle 2538 | Date: 2025-05-30 | Close: 46.31
2025-05-30, Candle 2539 | Date: 2025-05-30 | Close: 46.31
2025-05-30, Candle 2540 | Date: 2025-05-30 | Close: 46.33
2025-06-02, Candle 2541 | Date: 2025-06-02 | Close: 46.1938
2025-06-02, Candle 2542 | Date: 2025-06-02 | Close: 46.315
2025-06-02, Candle 2543 | Date: 2025-06-02 | Close: 46.1776
2025-06-02, Candle 2544 | Date: 2025-06-02 | Close: 46.029999
2025-06-02, Candle 2545 | Date: 2025-06-02 | Close: 45.9654
2025-06-02, Candle 2546 | Date: 2025-06-02 | Close: 46.047001
2025-06-02, Candle 2547 | Date: 2025-06-02 | Close: 46.07
2025-06-02, Candle 2548 | Date: 2025-06-02 | Close: 46.115
2025-06-02, Candle 2549 | Date: 2025-06-02 | Close: 46.14
2025-06-02, Candle 2550 | Date: 2025-06-02 | Close: 46.16
2025-06-02, Candle 2551 | Date: 2025-06-02 | Close: 46.21
2025-06-02, Candle 2552 | Date: 2025-06-02 | Close: 46.305
2025-06-02, Candle 2553 | Date: 2025-06-02 | Close: 46.37
2025-06-02, Candle 2554 | Date: 2025-06-02 | Close: 46.3
2025-06-02, Candle 2555 | Date: 2025-06-02 | Close: 46.2354
2025-06-02, Candle 2556 | Date: 2025-06-02 | Close: 46.11
2025-06-02, Candle 2557 | Date: 2025-06-02 | Close: 46.070801
2025-06-02, Candle 2558 | Date: 2025-06-02 | Close: 46.15
2025-06-02, Candle 2559 | Date: 2025-06-02 | Close: 46.07
2025-06-02, Candle 2560 | Date: 2025-06-02 | Close: 46.040001
2025-06-02, Candle 2561 | Date: 2025-06-02 | Close: 46.1894
2025-06-02, Candle 2562 | Date: 2025-06-02 | Close: 46.2
2025-06-02, Candle 2563 | Date: 2025-06-02 | Close: 46.28
2025-06-02, Candle 2564 | Date: 2025-06-02 | Close: 46.24
2025-06-02, Candle 2565 | Date: 2025-06-02 | Close: 46.1994
2025-06-02, Candle 2566 | Date: 2025-06-02 | Close: 46.21
2025-06-02, Candle 2567 | Date: 2025-06-02 | Close: 46.2671
2025-06-02, Candle 2568 | Date: 2025-06-02 | Close: 46.21
2025-06-02, Candle 2569 | Date: 2025-06-02 | Close: 46.28
2025-06-02, Candle 2570 | Date: 2025-06-02 | Close: 46.27
2025-06-02, Candle 2571 | Date: 2025-06-02 | Close: 46.26
2025-06-02, Candle 2572 | Date: 2025-06-02 | Close: 46.24
2025-06-02, Candle 2573 | Date: 2025-06-02 | Close: 46.19
2025-06-02, Candle 2574 | Date: 2025-06-02 | Close: 46.23
2025-06-02, Candle 2575 | Date: 2025-06-02 | Close: 46.1688
2025-06-02, Candle 2576 | Date: 2025-06-02 | Close: 46.12626
2025-06-02, Candle 2577 | Date: 2025-06-02 | Close: 46.125
2025-06-02, Candle 2578 | Date: 2025-06-02 | Close: 46.175
2025-06-02, Candle 2579 | Date: 2025-06-02 | Close: 46.133
2025-06-02, Candle 2580 | Date: 2025-06-02 | Close: 46.148
2025-06-02, Candle 2581 | Date: 2025-06-02 | Close: 46.2105
2025-06-02, Candle 2582 | Date: 2025-06-02 | Close: 46.22
2025-06-02, Candle 2583 | Date: 2025-06-02 | Close: 46.1999
2025-06-02, Candle 2584 | Date: 2025-06-02 | Close: 46.2092
2025-06-02, Candle 2585 | Date: 2025-06-02 | Close: 46.15
2025-06-02, Candle 2586 | Date: 2025-06-02 | Close: 46.2785
2025-06-02, Candle 2587 | Date: 2025-06-02 | Close: 46.2692
2025-06-02, Candle 2588 | Date: 2025-06-02 | Close: 46.28
2025-06-02, Candle 2589 | Date: 2025-06-02 | Close: 46.24
2025-06-02, Candle 2590 | Date: 2025-06-02 | Close: 46.2203
2025-06-02, Candle 2591 | Date: 2025-06-02 | Close: 46.17
2025-06-02, Candle 2592 | Date: 2025-06-02 | Close: 46.19
2025-06-02, Candle 2593 | Date: 2025-06-02 | Close: 46.2199
2025-06-02, Candle 2594 | Date: 2025-06-02 | Close: 46.2701
2025-06-02, Candle 2595 | Date: 2025-06-02 | Close: 46.2701
2025-06-02, Candle 2596 | Date: 2025-06-02 | Close: 46.26
2025-06-02, Candle 2597 | Date: 2025-06-02 | Close: 46.2507
2025-06-02, Candle 2598 | Date: 2025-06-02 | Close: 46.26
2025-06-02, Candle 2599 | Date: 2025-06-02 | Close: 46.36
2025-06-02, Candle 2600 | Date: 2025-06-02 | Close: 46.375
2025-06-02, Candle 2601 | Date: 2025-06-02 | Close: 46.27
2025-06-02, Candle 2602 | Date: 2025-06-02 | Close: 46.22
2025-06-02, Candle 2603 | Date: 2025-06-02 | Close: 46.27
2025-06-02, Candle 2604 | Date: 2025-06-02 | Close: 46.1896
2025-06-02, Candle 2605 | Date: 2025-06-02 | Close: 46.22
2025-06-02, Candle 2606 | Date: 2025-06-02 | Close: 46.24
2025-06-02, Candle 2607 | Date: 2025-06-02 | Close: 46.31
2025-06-02, Candle 2608 | Date: 2025-06-02 | Close: 46.275
2025-06-02, Candle 2609 | Date: 2025-06-02 | Close: 46.215
2025-06-02, Candle 2610 | Date: 2025-06-02 | Close: 46.24
2025-06-02, Candle 2611 | Date: 2025-06-02 | Close: 46.3
2025-06-02, Candle 2612 | Date: 2025-06-02 | Close: 46.25
2025-06-02, Candle 2613 | Date: 2025-06-02 | Close: 46.2
2025-06-02, Candle 2614 | Date: 2025-06-02 | Close: 46.2001
2025-06-02, Candle 2615 | Date: 2025-06-02 | Close: 46.15
2025-06-02, Candle 2616 | Date: 2025-06-02 | Close: 46.1901
2025-06-02, Candle 2617 | Date: 2025-06-02 | Close: 46.27
2025-06-02, Candle 2618 | Date: 2025-06-02 | Close: 46.28
2025-06-03, the Volume is True | the RSI is 72.46686137946557 Trend is True Nearliquidity True
2025-06-03, Candle 2619 | Date: 2025-06-03 | Close: 46.62
2025-06-03, the Volume is True | the RSI is 73.65082777897251 Trend is True Nearliquidity True
2025-06-03, Candle 2620 | Date: 2025-06-03 | Close: 46.68
2025-06-03, the Volume is True | the RSI is 75.24742476267453 Trend is True Nearliquidity True
2025-06-03, Candle 2621 | Date: 2025-06-03 | Close: 46.81
2025-06-03, the Volume is True | the RSI is 74.1245523278952 Trend is True Nearliquidity True
2025-06-03, Candle 2622 | Date: 2025-06-03 | Close: 46.76
2025-06-03, the Volume is True | the RSI is 76.40484003281361 Trend is True Nearliquidity True
2025-06-03, Candle 2623 | Date: 2025-06-03 | Close: 46.73
2025-06-03, the Volume is True | the RSI is 77.2223322114432 Trend is True Nearliquidity True
2025-06-03, Candle 2624 | Date: 2025-06-03 | Close: 46.79
2025-06-03, the Volume is True | the RSI is 70.58419917663207 Trend is True Nearliquidity True
2025-06-03, Candle 2625 | Date: 2025-06-03 | Close: 46.72
2025-06-03, Candle 2626 | Date: 2025-06-03 | Close: 46.6615
2025-06-03, Candle 2627 | Date: 2025-06-03 | Close: 46.645
2025-06-03, Candle 2628 | Date: 2025-06-03 | Close: 46.8304
2025-06-03, Candle 2629 | Date: 2025-06-03 | Close: 46.909
2025-06-03, Candle 2630 | Date: 2025-06-03 | Close: 46.92
2025-06-03, the Volume is True | the RSI is 80.51948051948041 Trend is True Nearliquidity True
2025-06-03, Candle 2631 | Date: 2025-06-03 | Close: 46.975
2025-06-03, the Volume is True | the RSI is 79.99999999999974 Trend is True Nearliquidity True
2025-06-03, Candle 2632 | Date: 2025-06-03 | Close: 46.97
2025-06-03, the Volume is True | the RSI is 76.53061224489781 Trend is True Nearliquidity True
2025-06-03, Candle 2633 | Date: 2025-06-03 | Close: 47.14
2025-06-03, the Volume is True | the RSI is 73.3262486716257 Trend is True Nearliquidity True
2025-06-03, Candle 2634 | Date: 2025-06-03 | Close: 47.119
2025-06-03, the Volume is True | the RSI is 73.05999785338597 Trend is True Nearliquidity True
2025-06-03, Candle 2635 | Date: 2025-06-03 | Close: 47.2397
2025-06-03, the Volume is True | the RSI is 77.71618625277159 Trend is True Nearliquidity True
2025-06-03, Candle 2636 | Date: 2025-06-03 | Close: 47.26
2025-06-03, Candle 2637 | Date: 2025-06-03 | Close: 47.23
2025-06-03, Candle 2638 | Date: 2025-06-03 | Close: 47.2462
2025-06-03, Candle 2639 | Date: 2025-06-03 | Close: 47.21
2025-06-03, Candle 2640 | Date: 2025-06-03 | Close: 47.2751
2025-06-03, the Volume is True | the RSI is 89.14527902048454 Trend is True Nearliquidity True
2025-06-03, Candle 2641 | Date: 2025-06-03 | Close: 47.31
2025-06-03, Candle 2642 | Date: 2025-06-03 | Close: 47.3292
2025-06-03, the Volume is True | the RSI is 78.25290164935856 Trend is True Nearliquidity True
2025-06-03, Candle 2643 | Date: 2025-06-03 | Close: 47.279
2025-06-03, the Volume is True | the RSI is 79.2056074766353 Trend is True Nearliquidity True
2025-06-03, Candle 2644 | Date: 2025-06-03 | Close: 47.32
2025-06-03, Candle 2645 | Date: 2025-06-03 | Close: 47.3404
2025-06-03, Candle 2646 | Date: 2025-06-03 | Close: 47.24
2025-06-03, Candle 2647 | Date: 2025-06-03 | Close: 47.2665
2025-06-03, Candle 2648 | Date: 2025-06-03 | Close: 47.28
2025-06-03, Candle 2649 | Date: 2025-06-03 | Close: 47.205
2025-06-03, Candle 2650 | Date: 2025-06-03 | Close: 47.205
2025-06-03, Candle 2651 | Date: 2025-06-03 | Close: 47.205
2025-06-03, Candle 2652 | Date: 2025-06-03 | Close: 47.21
2025-06-03, Candle 2653 | Date: 2025-06-03 | Close: 47.2004
2025-06-03, Candle 2654 | Date: 2025-06-03 | Close: 47.1292
2025-06-03, Candle 2655 | Date: 2025-06-03 | Close: 47.1896
2025-06-03, Candle 2656 | Date: 2025-06-03 | Close: 47.13
2025-06-03, Candle 2657 | Date: 2025-06-03 | Close: 47.11
2025-06-03, Candle 2658 | Date: 2025-06-03 | Close: 47.064999
2025-06-03, Candle 2659 | Date: 2025-06-03 | Close: 47.049198
2025-06-03, Candle 2660 | Date: 2025-06-03 | Close: 46.99
2025-06-03, Candle 2661 | Date: 2025-06-03 | Close: 47.0
2025-06-03, Candle 2662 | Date: 2025-06-03 | Close: 46.985
2025-06-03, Candle 2663 | Date: 2025-06-03 | Close: 46.97
2025-06-03, Candle 2664 | Date: 2025-06-03 | Close: 47.0
2025-06-03, Candle 2665 | Date: 2025-06-03 | Close: 47.040001
2025-06-03, Candle 2666 | Date: 2025-06-03 | Close: 47.025002
2025-06-03, Candle 2667 | Date: 2025-06-03 | Close: 46.9746
2025-06-03, Candle 2668 | Date: 2025-06-03 | Close: 46.9802
2025-06-03, Candle 2669 | Date: 2025-06-03 | Close: 46.96
2025-06-03, Candle 2670 | Date: 2025-06-03 | Close: 46.96
2025-06-03, Candle 2671 | Date: 2025-06-03 | Close: 46.9628
2025-06-03, Candle 2672 | Date: 2025-06-03 | Close: 46.9701
2025-06-03, Candle 2673 | Date: 2025-06-03 | Close: 46.885
2025-06-03, Candle 2674 | Date: 2025-06-03 | Close: 46.8898
2025-06-03, Candle 2675 | Date: 2025-06-03 | Close: 46.85
2025-06-03, Candle 2676 | Date: 2025-06-03 | Close: 46.81
2025-06-03, Candle 2677 | Date: 2025-06-03 | Close: 46.91
2025-06-03, Candle 2678 | Date: 2025-06-03 | Close: 46.89
2025-06-03, Candle 2679 | Date: 2025-06-03 | Close: 46.89
2025-06-03, Candle 2680 | Date: 2025-06-03 | Close: 47.0
2025-06-03, Candle 2681 | Date: 2025-06-03 | Close: 47.02
2025-06-03, Candle 2682 | Date: 2025-06-03 | Close: 46.98
2025-06-03, Candle 2683 | Date: 2025-06-03 | Close: 46.97
2025-06-03, Candle 2684 | Date: 2025-06-03 | Close: 47.0099983
2025-06-03, Candle 2685 | Date: 2025-06-03 | Close: 47.049999
2025-06-03, Candle 2686 | Date: 2025-06-03 | Close: 47.049999
2025-06-03, Candle 2687 | Date: 2025-06-03 | Close: 47.044998
2025-06-03, Candle 2688 | Date: 2025-06-03 | Close: 47.099998
2025-06-03, Candle 2689 | Date: 2025-06-03 | Close: 47.15
2025-06-03, Candle 2690 | Date: 2025-06-03 | Close: 47.17
2025-06-03, Candle 2691 | Date: 2025-06-03 | Close: 47.1451
2025-06-03, Candle 2692 | Date: 2025-06-03 | Close: 47.16
2025-06-03, Candle 2693 | Date: 2025-06-03 | Close: 47.145
2025-06-03, Candle 2694 | Date: 2025-06-03 | Close: 47.11
2025-06-03, Candle 2695 | Date: 2025-06-03 | Close: 47.0546
2025-06-03, Candle 2696 | Date: 2025-06-03 | Close: 47.09
2025-06-04, Candle 2697 | Date: 2025-06-04 | Close: 46.605
2025-06-04, Candle 2698 | Date: 2025-06-04 | Close: 46.65
2025-06-04, Candle 2699 | Date: 2025-06-04 | Close: 46.53
2025-06-04, Candle 2700 | Date: 2025-06-04 | Close: 46.57
2025-06-04, Candle 2701 | Date: 2025-06-04 | Close: 46.43
2025-06-04, Candle 2702 | Date: 2025-06-04 | Close: 46.42
2025-06-04, Candle 2703 | Date: 2025-06-04 | Close: 46.24
2025-06-04, Candle 2704 | Date: 2025-06-04 | Close: 46.23
2025-06-04, Candle 2705 | Date: 2025-06-04 | Close: 46.2928
2025-06-04, Candle 2706 | Date: 2025-06-04 | Close: 46.37
2025-06-04, Candle 2707 | Date: 2025-06-04 | Close: 46.39
2025-06-04, Candle 2708 | Date: 2025-06-04 | Close: 46.37
2025-06-04, Candle 2709 | Date: 2025-06-04 | Close: 46.36
2025-06-04, Candle 2710 | Date: 2025-06-04 | Close: 46.34
2025-06-04, Candle 2711 | Date: 2025-06-04 | Close: 46.4104
2025-06-04, Candle 2712 | Date: 2025-06-04 | Close: 46.44
2025-06-04, Candle 2713 | Date: 2025-06-04 | Close: 46.465
2025-06-04, Candle 2714 | Date: 2025-06-04 | Close: 46.55
2025-06-04, Candle 2715 | Date: 2025-06-04 | Close: 46.5312
2025-06-04, Candle 2716 | Date: 2025-06-04 | Close: 46.56
2025-06-04, Candle 2717 | Date: 2025-06-04 | Close: 46.57
2025-06-04, Candle 2718 | Date: 2025-06-04 | Close: 46.68
2025-06-04, Candle 2719 | Date: 2025-06-04 | Close: 46.71
2025-06-04, the Volume is True | the RSI is 86.17363344051503 Trend is True Nearliquidity True
2025-06-04, Candle 2720 | Date: 2025-06-04 | Close: 46.73
2025-06-04, the Volume is True | the RSI is 85.89007383100966 Trend is True Nearliquidity True
2025-06-04, Candle 2721 | Date: 2025-06-04 | Close: 46.74
2025-06-04, the Volume is True | the RSI is 89.7608057070932 Trend is True Nearliquidity True
2025-06-04, Candle 2722 | Date: 2025-06-04 | Close: 46.749
2025-06-04, the Volume is True | the RSI is 87.19934773746503 Trend is True Nearliquidity True
2025-06-04, Candle 2723 | Date: 2025-06-04 | Close: 46.725
2025-06-04, the Volume is True | the RSI is 89.94953742640827 Trend is True Nearliquidity True
2025-06-04, Candle 2724 | Date: 2025-06-04 | Close: 46.72
2025-06-04, Candle 2725 | Date: 2025-06-04 | Close: 46.75
2025-06-04, the Volume is True | the RSI is 72.19531880548772 Trend is True Nearliquidity True
2025-06-04, Candle 2726 | Date: 2025-06-04 | Close: 46.66
2025-06-04, Candle 2727 | Date: 2025-06-04 | Close: 46.68
2025-06-04, Candle 2728 | Date: 2025-06-04 | Close: 46.68
2025-06-04, Candle 2729 | Date: 2025-06-04 | Close: 46.675
2025-06-04, Candle 2730 | Date: 2025-06-04 | Close: 46.65
2025-06-04, Candle 2731 | Date: 2025-06-04 | Close: 46.66
2025-06-04, Candle 2732 | Date: 2025-06-04 | Close: 46.59
2025-06-04, Candle 2733 | Date: 2025-06-04 | Close: 46.6354
2025-06-04, Candle 2734 | Date: 2025-06-04 | Close: 46.6666
2025-06-04, Candle 2735 | Date: 2025-06-04 | Close: 46.6332
2025-06-04, Candle 2736 | Date: 2025-06-04 | Close: 46.71
2025-06-04, Candle 2737 | Date: 2025-06-04 | Close: 46.725
2025-06-04, Candle 2738 | Date: 2025-06-04 | Close: 46.7286
2025-06-04, Candle 2739 | Date: 2025-06-04 | Close: 46.7
2025-06-04, Candle 2740 | Date: 2025-06-04 | Close: 46.69
2025-06-04, Candle 2741 | Date: 2025-06-04 | Close: 46.73
2025-06-04, Candle 2742 | Date: 2025-06-04 | Close: 46.71
2025-06-04, Candle 2743 | Date: 2025-06-04 | Close: 46.715
2025-06-04, Candle 2744 | Date: 2025-06-04 | Close: 46.6302
2025-06-04, Candle 2745 | Date: 2025-06-04 | Close: 46.64
2025-06-04, Candle 2746 | Date: 2025-06-04 | Close: 46.5897
2025-06-04, Candle 2747 | Date: 2025-06-04 | Close: 46.59
2025-06-04, Candle 2748 | Date: 2025-06-04 | Close: 46.5701
2025-06-04, Candle 2749 | Date: 2025-06-04 | Close: 46.53
2025-06-04, Candle 2750 | Date: 2025-06-04 | Close: 46.55
2025-06-04, Candle 2751 | Date: 2025-06-04 | Close: 46.65
2025-06-04, Candle 2752 | Date: 2025-06-04 | Close: 46.6045
2025-06-04, Candle 2753 | Date: 2025-06-04 | Close: 46.5865
2025-06-04, Candle 2754 | Date: 2025-06-04 | Close: 46.61
2025-06-04, Candle 2755 | Date: 2025-06-04 | Close: 46.6208
2025-06-04, Candle 2756 | Date: 2025-06-04 | Close: 46.6015
2025-06-04, Candle 2757 | Date: 2025-06-04 | Close: 46.59
2025-06-04, Candle 2758 | Date: 2025-06-04 | Close: 46.59
2025-06-04, Candle 2759 | Date: 2025-06-04 | Close: 46.59
2025-06-04, Candle 2760 | Date: 2025-06-04 | Close: 46.55
2025-06-04, Candle 2761 | Date: 2025-06-04 | Close: 46.5409
2025-06-04, Candle 2762 | Date: 2025-06-04 | Close: 46.511
2025-06-04, Candle 2763 | Date: 2025-06-04 | Close: 46.55
2025-06-04, Candle 2764 | Date: 2025-06-04 | Close: 46.5
2025-06-04, Candle 2765 | Date: 2025-06-04 | Close: 46.5
2025-06-04, Candle 2766 | Date: 2025-06-04 | Close: 46.53
2025-06-04, Candle 2767 | Date: 2025-06-04 | Close: 46.52
2025-06-04, Candle 2768 | Date: 2025-06-04 | Close: 46.47
2025-06-04, Candle 2769 | Date: 2025-06-04 | Close: 46.5
2025-06-04, Candle 2770 | Date: 2025-06-04 | Close: 46.52
2025-06-04, Candle 2771 | Date: 2025-06-04 | Close: 46.5598
2025-06-04, Candle 2772 | Date: 2025-06-04 | Close: 46.55
2025-06-04, Candle 2773 | Date: 2025-06-04 | Close: 46.5235
2025-06-04, Candle 2774 | Date: 2025-06-04 | Close: 46.51
2025-06-05, Candle 2775 | Date: 2025-06-05 | Close: 46.75
2025-06-05, Candle 2776 | Date: 2025-06-05 | Close: 46.75
2025-06-05, Candle 2777 | Date: 2025-06-05 | Close: 46.73
2025-06-05, Candle 2778 | Date: 2025-06-05 | Close: 46.49
2025-06-05, Candle 2779 | Date: 2025-06-05 | Close: 46.31
2025-06-05, Candle 2780 | Date: 2025-06-05 | Close: 46.3
2025-06-05, Candle 2781 | Date: 2025-06-05 | Close: 46.28
2025-06-05, Candle 2782 | Date: 2025-06-05 | Close: 46.18
2025-06-05, Candle 2783 | Date: 2025-06-05 | Close: 46.18
2025-06-05, Candle 2784 | Date: 2025-06-05 | Close: 46.071999
2025-06-05, Candle 2785 | Date: 2025-06-05 | Close: 46.11
2025-06-05, Candle 2786 | Date: 2025-06-05 | Close: 46.19
2025-06-05, Candle 2787 | Date: 2025-06-05 | Close: 46.17
2025-06-05, Candle 2788 | Date: 2025-06-05 | Close: 46.26
2025-06-05, Candle 2789 | Date: 2025-06-05 | Close: 46.34
2025-06-05, Candle 2790 | Date: 2025-06-05 | Close: 46.36
2025-06-05, Candle 2791 | Date: 2025-06-05 | Close: 46.3
2025-06-05, Candle 2792 | Date: 2025-06-05 | Close: 46.38
2025-06-05, Candle 2793 | Date: 2025-06-05 | Close: 46.335
2025-06-05, Candle 2794 | Date: 2025-06-05 | Close: 46.301
2025-06-05, Candle 2795 | Date: 2025-06-05 | Close: 46.26
2025-06-05, Candle 2796 | Date: 2025-06-05 | Close: 46.26
2025-06-05, Candle 2797 | Date: 2025-06-05 | Close: 46.37
2025-06-05, Candle 2798 | Date: 2025-06-05 | Close: 46.47
2025-06-05, Candle 2799 | Date: 2025-06-05 | Close: 46.4101
2025-06-05, Candle 2800 | Date: 2025-06-05 | Close: 46.42
2025-06-05, Candle 2801 | Date: 2025-06-05 | Close: 46.421
2025-06-05, Candle 2802 | Date: 2025-06-05 | Close: 46.3498
2025-06-05, Candle 2803 | Date: 2025-06-05 | Close: 46.395
2025-06-05, Candle 2804 | Date: 2025-06-05 | Close: 46.33
2025-06-05, Candle 2805 | Date: 2025-06-05 | Close: 46.34
2025-06-05, Candle 2806 | Date: 2025-06-05 | Close: 46.28
2025-06-05, Candle 2807 | Date: 2025-06-05 | Close: 46.2806
2025-06-05, Candle 2808 | Date: 2025-06-05 | Close: 46.1201
2025-06-05, Candle 2809 | Date: 2025-06-05 | Close: 46.09
2025-06-05, Candle 2810 | Date: 2025-06-05 | Close: 46.049999
2025-06-05, Candle 2811 | Date: 2025-06-05 | Close: 46.09
2025-06-05, Candle 2812 | Date: 2025-06-05 | Close: 45.98
2025-06-05, Candle 2813 | Date: 2025-06-05 | Close: 45.9442
2025-06-05, Candle 2814 | Date: 2025-06-05 | Close: 45.96
2025-06-05, Candle 2815 | Date: 2025-06-05 | Close: 45.81
2025-06-05, Candle 2816 | Date: 2025-06-05 | Close: 45.73
2025-06-05, Candle 2817 | Date: 2025-06-05 | Close: 45.81
2025-06-05, Candle 2818 | Date: 2025-06-05 | Close: 45.81
2025-06-05, Candle 2819 | Date: 2025-06-05 | Close: 45.79
2025-06-05, Candle 2820 | Date: 2025-06-05 | Close: 45.86
2025-06-05, Candle 2821 | Date: 2025-06-05 | Close: 45.83
2025-06-05, Candle 2822 | Date: 2025-06-05 | Close: 45.79
2025-06-05, Candle 2823 | Date: 2025-06-05 | Close: 45.78
2025-06-05, Candle 2824 | Date: 2025-06-05 | Close: 45.8
2025-06-05, Candle 2825 | Date: 2025-06-05 | Close: 45.75
2025-06-05, Candle 2826 | Date: 2025-06-05 | Close: 45.7
2025-06-05, Candle 2827 | Date: 2025-06-05 | Close: 45.7197
2025-06-05, Candle 2828 | Date: 2025-06-05 | Close: 45.71
2025-06-05, Candle 2829 | Date: 2025-06-05 | Close: 45.71
2025-06-05, Candle 2830 | Date: 2025-06-05 | Close: 45.66
2025-06-05, Candle 2831 | Date: 2025-06-05 | Close: 45.47
2025-06-05, Candle 2832 | Date: 2025-06-05 | Close: 45.595
2025-06-05, Candle 2833 | Date: 2025-06-05 | Close: 45.67
2025-06-05, Candle 2834 | Date: 2025-06-05 | Close: 45.6901
2025-06-05, Candle 2835 | Date: 2025-06-05 | Close: 45.69
2025-06-05, Candle 2836 | Date: 2025-06-05 | Close: 45.71
2025-06-05, Candle 2837 | Date: 2025-06-05 | Close: 45.56
2025-06-05, Candle 2838 | Date: 2025-06-05 | Close: 45.603
2025-06-05, Candle 2839 | Date: 2025-06-05 | Close: 45.66
2025-06-05, Candle 2840 | Date: 2025-06-05 | Close: 45.61
2025-06-05, Candle 2841 | Date: 2025-06-05 | Close: 45.54
2025-06-05, Candle 2842 | Date: 2025-06-05 | Close: 45.57
2025-06-05, Candle 2843 | Date: 2025-06-05 | Close: 45.441
2025-06-05, Candle 2844 | Date: 2025-06-05 | Close: 45.060001
2025-06-05, Candle 2845 | Date: 2025-06-05 | Close: 45.095001
2025-06-05, Candle 2846 | Date: 2025-06-05 | Close: 45.22
2025-06-05, Candle 2847 | Date: 2025-06-05 | Close: 45.325
2025-06-05, Candle 2848 | Date: 2025-06-05 | Close: 45.34
2025-06-05, Candle 2849 | Date: 2025-06-05 | Close: 45.2665
2025-06-05, Candle 2850 | Date: 2025-06-05 | Close: 45.16
2025-06-05, Candle 2851 | Date: 2025-06-05 | Close: 45.17
2025-06-05, Candle 2852 | Date: 2025-06-05 | Close: 45.09
2025-06-06, Candle 2853 | Date: 2025-06-06 | Close: 46.09
2025-06-06, Candle 2854 | Date: 2025-06-06 | Close: 46.23
2025-06-06, Candle 2855 | Date: 2025-06-06 | Close: 46.29
2025-06-06, Candle 2856 | Date: 2025-06-06 | Close: 46.287
2025-06-06, Candle 2857 | Date: 2025-06-06 | Close: 46.235
2025-06-06, Candle 2858 | Date: 2025-06-06 | Close: 46.14
2025-06-06, Candle 2859 | Date: 2025-06-06 | Close: 46.2
2025-06-06, Candle 2860 | Date: 2025-06-06 | Close: 46.22
2025-06-06, Candle 2861 | Date: 2025-06-06 | Close: 46.28
2025-06-06, Candle 2862 | Date: 2025-06-06 | Close: 46.31
2025-06-06, Candle 2863 | Date: 2025-06-06 | Close: 46.34
2025-06-06, Candle 2864 | Date: 2025-06-06 | Close: 46.37
2025-06-06, Candle 2865 | Date: 2025-06-06 | Close: 46.32
2025-06-06, Candle 2866 | Date: 2025-06-06 | Close: 46.36
2025-06-06, Candle 2867 | Date: 2025-06-06 | Close: 46.48
2025-06-06, Candle 2868 | Date: 2025-06-06 | Close: 46.4945
2025-06-06, Candle 2869 | Date: 2025-06-06 | Close: 46.48
2025-06-06, Candle 2870 | Date: 2025-06-06 | Close: 46.485
2025-06-06, Candle 2871 | Date: 2025-06-06 | Close: 46.485
2025-06-06, Candle 2872 | Date: 2025-06-06 | Close: 46.45
2025-06-06, the Volume is True | the RSI is 80.82851637764945 Trend is True Nearliquidity True
2025-06-06, Candle 2873 | Date: 2025-06-06 | Close: 46.52
2025-06-06, Candle 2874 | Date: 2025-06-06 | Close: 46.55
2025-06-06, Candle 2875 | Date: 2025-06-06 | Close: 46.56
2025-06-06, Candle 2876 | Date: 2025-06-06 | Close: 46.48
2025-06-06, Candle 2877 | Date: 2025-06-06 | Close: 46.56
2025-06-06, Candle 2878 | Date: 2025-06-06 | Close: 46.45
2025-06-06, Candle 2879 | Date: 2025-06-06 | Close: 46.445
2025-06-06, Candle 2880 | Date: 2025-06-06 | Close: 46.555
2025-06-06, Candle 2881 | Date: 2025-06-06 | Close: 46.6
2025-06-06, Candle 2882 | Date: 2025-06-06 | Close: 46.63
2025-06-06, Candle 2883 | Date: 2025-06-06 | Close: 46.61
2025-06-06, Candle 2884 | Date: 2025-06-06 | Close: 46.595
2025-06-06, Candle 2885 | Date: 2025-06-06 | Close: 46.6127
2025-06-06, Candle 2886 | Date: 2025-06-06 | Close: 46.6
2025-06-06, Candle 2887 | Date: 2025-06-06 | Close: 46.683
2025-06-06, Candle 2888 | Date: 2025-06-06 | Close: 46.6248
2025-06-06, Candle 2889 | Date: 2025-06-06 | Close: 46.58
2025-06-06, Candle 2890 | Date: 2025-06-06 | Close: 46.5899
2025-06-06, Candle 2891 | Date: 2025-06-06 | Close: 46.53
2025-06-06, Candle 2892 | Date: 2025-06-06 | Close: 46.61
2025-06-06, Candle 2893 | Date: 2025-06-06 | Close: 46.52
2025-06-06, Candle 2894 | Date: 2025-06-06 | Close: 46.4754
2025-06-06, Candle 2895 | Date: 2025-06-06 | Close: 46.47
2025-06-06, Candle 2896 | Date: 2025-06-06 | Close: 46.36
2025-06-06, Candle 2897 | Date: 2025-06-06 | Close: 46.38
2025-06-06, Candle 2898 | Date: 2025-06-06 | Close: 46.42
2025-06-06, Candle 2899 | Date: 2025-06-06 | Close: 46.44
2025-06-06, Candle 2900 | Date: 2025-06-06 | Close: 46.3501
2025-06-06, Candle 2901 | Date: 2025-06-06 | Close: 46.34
2025-06-06, Candle 2902 | Date: 2025-06-06 | Close: 46.42
2025-06-06, Candle 2903 | Date: 2025-06-06 | Close: 46.3699
2025-06-06, Candle 2904 | Date: 2025-06-06 | Close: 46.39
2025-06-06, Candle 2905 | Date: 2025-06-06 | Close: 46.42
2025-06-06, Candle 2906 | Date: 2025-06-06 | Close: 46.54
2025-06-06, Candle 2907 | Date: 2025-06-06 | Close: 46.515
2025-06-06, Candle 2908 | Date: 2025-06-06 | Close: 46.48
2025-06-06, Candle 2909 | Date: 2025-06-06 | Close: 46.41
2025-06-06, Candle 2910 | Date: 2025-06-06 | Close: 46.42
2025-06-06, Candle 2911 | Date: 2025-06-06 | Close: 46.34
2025-06-06, Candle 2912 | Date: 2025-06-06 | Close: 46.3401
2025-06-06, Candle 2913 | Date: 2025-06-06 | Close: 46.43
2025-06-06, Candle 2914 | Date: 2025-06-06 | Close: 46.43
2025-06-06, Candle 2915 | Date: 2025-06-06 | Close: 46.42
2025-06-06, Candle 2916 | Date: 2025-06-06 | Close: 46.365
2025-06-06, Candle 2917 | Date: 2025-06-06 | Close: 46.36
2025-06-06, Candle 2918 | Date: 2025-06-06 | Close: 46.34
2025-06-06, Candle 2919 | Date: 2025-06-06 | Close: 46.33
2025-06-06, Candle 2920 | Date: 2025-06-06 | Close: 46.34
2025-06-06, Candle 2921 | Date: 2025-06-06 | Close: 46.37
2025-06-06, Candle 2922 | Date: 2025-06-06 | Close: 46.32
2025-06-06, Candle 2923 | Date: 2025-06-06 | Close: 46.29
2025-06-06, Candle 2924 | Date: 2025-06-06 | Close: 46.2301
2025-06-06, Candle 2925 | Date: 2025-06-06 | Close: 46.24
2025-06-06, Candle 2926 | Date: 2025-06-06 | Close: 46.2046
2025-06-06, Candle 2927 | Date: 2025-06-06 | Close: 46.215
2025-06-06, Candle 2928 | Date: 2025-06-06 | Close: 46.19
2025-06-06, Candle 2929 | Date: 2025-06-06 | Close: 46.195
2025-06-06, Candle 2930 | Date: 2025-06-06 | Close: 46.2
2025-06-09, Candle 2931 | Date: 2025-06-09 | Close: 47.76
2025-06-09, Candle 2932 | Date: 2025-06-09 | Close: 47.57
2025-06-09, Candle 2933 | Date: 2025-06-09 | Close: 47.6346
2025-06-09, Candle 2934 | Date: 2025-06-09 | Close: 47.58
2025-06-09, Candle 2935 | Date: 2025-06-09 | Close: 47.45
2025-06-09, Candle 2936 | Date: 2025-06-09 | Close: 47.481
2025-06-09, Candle 2937 | Date: 2025-06-09 | Close: 47.5499
2025-06-09, Candle 2938 | Date: 2025-06-09 | Close: 47.566
2025-06-09, Candle 2939 | Date: 2025-06-09 | Close: 47.6398
2025-06-09, Candle 2940 | Date: 2025-06-09 | Close: 47.64
2025-06-09, Candle 2941 | Date: 2025-06-09 | Close: 47.75
2025-06-09, Candle 2942 | Date: 2025-06-09 | Close: 47.7118
2025-06-09, Candle 2943 | Date: 2025-06-09 | Close: 47.78
2025-06-09, Candle 2944 | Date: 2025-06-09 | Close: 47.785
2025-06-09, Candle 2945 | Date: 2025-06-09 | Close: 47.81
2025-06-09, Candle 2946 | Date: 2025-06-09 | Close: 47.77
2025-06-09, Candle 2947 | Date: 2025-06-09 | Close: 47.68
2025-06-09, Candle 2948 | Date: 2025-06-09 | Close: 47.71
2025-06-09, the Volume is True | the RSI is 72.55669766682934 Trend is True Nearliquidity True
2025-06-09, Candle 2949 | Date: 2025-06-09 | Close: 47.7265
2025-06-09, the Volume is True | the RSI is 74.91050119331683 Trend is True Nearliquidity True
2025-06-09, Candle 2950 | Date: 2025-06-09 | Close: 47.815
2025-06-09, Candle 2951 | Date: 2025-06-09 | Close: 47.83
2025-06-09, Candle 2952 | Date: 2025-06-09 | Close: 47.8099
2025-06-09, Candle 2953 | Date: 2025-06-09 | Close: 47.83
2025-06-09, Candle 2954 | Date: 2025-06-09 | Close: 47.86
2025-06-09, Candle 2955 | Date: 2025-06-09 | Close: 47.85
2025-06-09, Candle 2956 | Date: 2025-06-09 | Close: 47.7797
2025-06-09, Candle 2957 | Date: 2025-06-09 | Close: 47.75
2025-06-09, Candle 2958 | Date: 2025-06-09 | Close: 47.815
2025-06-09, Candle 2959 | Date: 2025-06-09 | Close: 47.8092
2025-06-09, Candle 2960 | Date: 2025-06-09 | Close: 47.74
2025-06-09, Candle 2961 | Date: 2025-06-09 | Close: 47.8222
2025-06-09, Candle 2962 | Date: 2025-06-09 | Close: 47.83
2025-06-09, Candle 2963 | Date: 2025-06-09 | Close: 47.85
2025-06-09, Candle 2964 | Date: 2025-06-09 | Close: 47.86
2025-06-09, Candle 2965 | Date: 2025-06-09 | Close: 47.89
2025-06-09, Candle 2966 | Date: 2025-06-09 | Close: 47.87
2025-06-09, Candle 2967 | Date: 2025-06-09 | Close: 47.885
2025-06-09, Candle 2968 | Date: 2025-06-09 | Close: 47.905
2025-06-09, Candle 2969 | Date: 2025-06-09 | Close: 47.8852
2025-06-09, Candle 2970 | Date: 2025-06-09 | Close: 47.86
2025-06-09, Candle 2971 | Date: 2025-06-09 | Close: 47.845
2025-06-09, Candle 2972 | Date: 2025-06-09 | Close: 47.7683
2025-06-09, Candle 2973 | Date: 2025-06-09 | Close: 47.86
2025-06-09, Candle 2974 | Date: 2025-06-09 | Close: 47.94
2025-06-09, Candle 2975 | Date: 2025-06-09 | Close: 48.0099983
2025-06-09, Candle 2976 | Date: 2025-06-09 | Close: 48.0
2025-06-09, Candle 2977 | Date: 2025-06-09 | Close: 48.024601
2025-06-09, Candle 2978 | Date: 2025-06-09 | Close: 48.056499
2025-06-09, Candle 2979 | Date: 2025-06-09 | Close: 47.995
2025-06-09, Candle 2980 | Date: 2025-06-09 | Close: 48.044998
2025-06-09, Candle 2981 | Date: 2025-06-09 | Close: 48.029701
2025-06-09, Candle 2982 | Date: 2025-06-09 | Close: 48.049999
2025-06-09, Candle 2983 | Date: 2025-06-09 | Close: 48.022999
2025-06-09, Candle 2984 | Date: 2025-06-09 | Close: 48.049999
2025-06-09, Candle 2985 | Date: 2025-06-09 | Close: 48.0597
2025-06-09, the Volume is True | the RSI is 79.65374227187866 Trend is True Nearliquidity True
2025-06-09, Candle 2986 | Date: 2025-06-09 | Close: 48.1
2025-06-09, the Volume is True | the RSI is 75.66326183631533 Trend is True Nearliquidity True
2025-06-09, Candle 2987 | Date: 2025-06-09 | Close: 48.099998
2025-06-09, the Volume is True | the RSI is 70.64007744253827 Trend is True Nearliquidity True
2025-06-09, Candle 2988 | Date: 2025-06-09 | Close: 48.099998
2025-06-09, Candle 2989 | Date: 2025-06-09 | Close: 48.0923
2025-06-09, Candle 2990 | Date: 2025-06-09 | Close: 48.0914
2025-06-09, Candle 2991 | Date: 2025-06-09 | Close: 48.099998
2025-06-09, Candle 2992 | Date: 2025-06-09 | Close: 48.080002
2025-06-09, Candle 2993 | Date: 2025-06-09 | Close: 48.060799
2025-06-09, Candle 2994 | Date: 2025-06-09 | Close: 48.025002
2025-06-09, Candle 2995 | Date: 2025-06-09 | Close: 48.060001
2025-06-09, Candle 2996 | Date: 2025-06-09 | Close: 48.099998
2025-06-09, Candle 2997 | Date: 2025-06-09 | Close: 48.115
2025-06-09, Candle 2998 | Date: 2025-06-09 | Close: 48.1299
2025-06-09, Candle 2999 | Date: 2025-06-09 | Close: 48.12
2025-06-09, Candle 3000 | Date: 2025-06-09 | Close: 48.135
2025-06-09, Candle 3001 | Date: 2025-06-09 | Close: 48.135
2025-06-09, Candle 3002 | Date: 2025-06-09 | Close: 48.19
2025-06-09, Candle 3003 | Date: 2025-06-09 | Close: 48.1292
2025-06-09, Candle 3004 | Date: 2025-06-09 | Close: 48.13
2025-06-09, Candle 3005 | Date: 2025-06-09 | Close: 48.095001
2025-06-09, Candle 3006 | Date: 2025-06-09 | Close: 48.15
2025-06-09, Candle 3007 | Date: 2025-06-09 | Close: 48.080002
2025-06-09, Candle 3008 | Date: 2025-06-09 | Close: 48.145
2025-06-10, the Volume is True | the RSI is 77.51489967276399 Trend is True Nearliquidity True
2025-06-10, Candle 3009 | Date: 2025-06-10 | Close: 48.49
2025-06-10, the Volume is True | the RSI is 76.61725641339592 Trend is True Nearliquidity True
2025-06-10, Candle 3010 | Date: 2025-06-10 | Close: 48.5
2025-06-10, Candle 3011 | Date: 2025-06-10 | Close: 48.295
2025-06-10, Candle 3012 | Date: 2025-06-10 | Close: 48.32
2025-06-10, Candle 3013 | Date: 2025-06-10 | Close: 48.38
2025-06-10, Candle 3014 | Date: 2025-06-10 | Close: 48.45
2025-06-10, Candle 3015 | Date: 2025-06-10 | Close: 48.38
2025-06-10, Candle 3016 | Date: 2025-06-10 | Close: 48.28
2025-06-10, Candle 3017 | Date: 2025-06-10 | Close: 48.3599
2025-06-10, Candle 3018 | Date: 2025-06-10 | Close: 48.2801
2025-06-10, Candle 3019 | Date: 2025-06-10 | Close: 48.33
2025-06-10, Candle 3020 | Date: 2025-06-10 | Close: 48.22
2025-06-10, Candle 3021 | Date: 2025-06-10 | Close: 48.15
2025-06-10, Candle 3022 | Date: 2025-06-10 | Close: 48.18
2025-06-10, Candle 3023 | Date: 2025-06-10 | Close: 48.1
2025-06-10, Candle 3024 | Date: 2025-06-10 | Close: 48.080002
2025-06-10, Candle 3025 | Date: 2025-06-10 | Close: 48.09
2025-06-10, Candle 3026 | Date: 2025-06-10 | Close: 48.13
2025-06-10, Candle 3027 | Date: 2025-06-10 | Close: 48.115
2025-06-10, Candle 3028 | Date: 2025-06-10 | Close: 48.2469
2025-06-10, Candle 3029 | Date: 2025-06-10 | Close: 48.345
2025-06-10, Candle 3030 | Date: 2025-06-10 | Close: 48.3
2025-06-10, Candle 3031 | Date: 2025-06-10 | Close: 48.33
2025-06-10, Candle 3032 | Date: 2025-06-10 | Close: 48.34
2025-06-10, Candle 3033 | Date: 2025-06-10 | Close: 48.065102
2025-06-10, Candle 3034 | Date: 2025-06-10 | Close: 48.1586
2025-06-10, Candle 3035 | Date: 2025-06-10 | Close: 48.18
2025-06-10, Candle 3036 | Date: 2025-06-10 | Close: 48.21
2025-06-10, Candle 3037 | Date: 2025-06-10 | Close: 48.2901
2025-06-10, Candle 3038 | Date: 2025-06-10 | Close: 48.3252
2025-06-10, Candle 3039 | Date: 2025-06-10 | Close: 48.393
2025-06-10, Candle 3040 | Date: 2025-06-10 | Close: 48.345
2025-06-10, Candle 3041 | Date: 2025-06-10 | Close: 48.3299
2025-06-10, Candle 3042 | Date: 2025-06-10 | Close: 48.36
2025-06-10, Candle 3043 | Date: 2025-06-10 | Close: 48.235
2025-06-10, Candle 3044 | Date: 2025-06-10 | Close: 48.2999
2025-06-10, Candle 3045 | Date: 2025-06-10 | Close: 48.33
2025-06-10, Candle 3046 | Date: 2025-06-10 | Close: 48.229
2025-06-10, Candle 3047 | Date: 2025-06-10 | Close: 48.265
2025-06-10, Candle 3048 | Date: 2025-06-10 | Close: 48.2
2025-06-10, Candle 3049 | Date: 2025-06-10 | Close: 48.1599
2025-06-10, Candle 3050 | Date: 2025-06-10 | Close: 48.16
2025-06-10, Candle 3051 | Date: 2025-06-10 | Close: 48.195
2025-06-10, Candle 3052 | Date: 2025-06-10 | Close: 48.26
2025-06-10, Candle 3053 | Date: 2025-06-10 | Close: 48.29
2025-06-10, Candle 3054 | Date: 2025-06-10 | Close: 48.28
2025-06-10, Candle 3055 | Date: 2025-06-10 | Close: 48.26
2025-06-10, Candle 3056 | Date: 2025-06-10 | Close: 48.23
2025-06-10, Candle 3057 | Date: 2025-06-10 | Close: 48.26
2025-06-10, Candle 3058 | Date: 2025-06-10 | Close: 48.24
2025-06-10, Candle 3059 | Date: 2025-06-10 | Close: 48.1747
2025-06-10, Candle 3060 | Date: 2025-06-10 | Close: 48.17
2025-06-10, Candle 3061 | Date: 2025-06-10 | Close: 48.175
2025-06-10, Candle 3062 | Date: 2025-06-10 | Close: 48.1677
2025-06-10, Candle 3063 | Date: 2025-06-10 | Close: 48.125
2025-06-10, Candle 3064 | Date: 2025-06-10 | Close: 48.1707
2025-06-10, Candle 3065 | Date: 2025-06-10 | Close: 48.179
2025-06-10, Candle 3066 | Date: 2025-06-10 | Close: 48.195
2025-06-10, Candle 3067 | Date: 2025-06-10 | Close: 48.25
2025-06-10, Candle 3068 | Date: 2025-06-10 | Close: 48.2699
2025-06-10, Candle 3069 | Date: 2025-06-10 | Close: 48.21
2025-06-10, Candle 3070 | Date: 2025-06-10 | Close: 48.253
2025-06-10, Candle 3071 | Date: 2025-06-10 | Close: 48.34
2025-06-10, Candle 3072 | Date: 2025-06-10 | Close: 48.3817
2025-06-10, Candle 3073 | Date: 2025-06-10 | Close: 48.43
2025-06-10, the Volume is True | the RSI is 77.04644865652978 Trend is True Nearliquidity True
2025-06-10, Candle 3074 | Date: 2025-06-10 | Close: 48.4297
2025-06-10, the Volume is True | the RSI is 78.61854870003899 Trend is True Nearliquidity True
2025-06-10, Candle 3075 | Date: 2025-06-10 | Close: 48.47
2025-06-10, the Volume is True | the RSI is 81.39576930030665 Trend is True Nearliquidity True
2025-06-10, Candle 3076 | Date: 2025-06-10 | Close: 48.515
2025-06-10, the Volume is True | the RSI is 88.54206318995027 Trend is True Nearliquidity True
2025-06-10, Candle 3077 | Date: 2025-06-10 | Close: 48.53
2025-06-10, the Volume is True | the RSI is 88.18913086129082 Trend is True Nearliquidity True
2025-06-10, Candle 3078 | Date: 2025-06-10 | Close: 48.56
2025-06-10, the Volume is True | the RSI is 89.82076428812955 Trend is True Nearliquidity True
2025-06-10, Candle 3079 | Date: 2025-06-10 | Close: 48.65
2025-06-10, the Volume is True | the RSI is 91.34311187805561 Trend is True Nearliquidity True
2025-06-10, Candle 3080 | Date: 2025-06-10 | Close: 48.77
2025-06-10, the Volume is True | the RSI is 91.7568122689304 Trend is True Nearliquidity True
2025-06-10, Candle 3081 | Date: 2025-06-10 | Close: 48.8599
2025-06-10, Candle 3082 | Date: 2025-06-10 | Close: 48.91
2025-06-10, Candle 3083 | Date: 2025-06-10 | Close: 48.75
2025-06-10, Candle 3084 | Date: 2025-06-10 | Close: 48.6201
2025-06-10, Candle 3085 | Date: 2025-06-10 | Close: 48.505
2025-06-10, Candle 3086 | Date: 2025-06-10 | Close: 48.54
2025-06-11, Candle 3087 | Date: 2025-06-11 | Close: 48.473
2025-06-11, Candle 3088 | Date: 2025-06-11 | Close: 48.68
2025-06-11, Candle 3089 | Date: 2025-06-11 | Close: 48.6
2025-06-11, Candle 3090 | Date: 2025-06-11 | Close: 48.61
2025-06-11, Candle 3091 | Date: 2025-06-11 | Close: 48.62
2025-06-11, Candle 3092 | Date: 2025-06-11 | Close: 48.59
2025-06-11, Candle 3093 | Date: 2025-06-11 | Close: 48.71
2025-06-11, Candle 3094 | Date: 2025-06-11 | Close: 48.68
2025-06-11, Candle 3095 | Date: 2025-06-11 | Close: 48.71
2025-06-11, Candle 3096 | Date: 2025-06-11 | Close: 48.89
2025-06-11, Candle 3097 | Date: 2025-06-11 | Close: 48.9
2025-06-11, Candle 3098 | Date: 2025-06-11 | Close: 48.88
2025-06-11, the Volume is True | the RSI is 72.91815795752859 Trend is True Nearliquidity True
2025-06-11, Candle 3099 | Date: 2025-06-11 | Close: 48.8892
2025-06-11, Candle 3100 | Date: 2025-06-11 | Close: 48.72
2025-06-11, Candle 3101 | Date: 2025-06-11 | Close: 48.7765
2025-06-11, Candle 3102 | Date: 2025-06-11 | Close: 48.68
2025-06-11, Candle 3103 | Date: 2025-06-11 | Close: 48.71
2025-06-11, Candle 3104 | Date: 2025-06-11 | Close: 48.68
2025-06-11, Candle 3105 | Date: 2025-06-11 | Close: 48.7635
2025-06-11, Candle 3106 | Date: 2025-06-11 | Close: 48.665
2025-06-11, Candle 3107 | Date: 2025-06-11 | Close: 48.59
2025-06-11, Candle 3108 | Date: 2025-06-11 | Close: 48.6
2025-06-11, Candle 3109 | Date: 2025-06-11 | Close: 48.66
2025-06-11, Candle 3110 | Date: 2025-06-11 | Close: 48.65
2025-06-11, Candle 3111 | Date: 2025-06-11 | Close: 48.67
2025-06-11, Candle 3112 | Date: 2025-06-11 | Close: 48.67
2025-06-11, Candle 3113 | Date: 2025-06-11 | Close: 48.62
2025-06-11, Candle 3114 | Date: 2025-06-11 | Close: 48.69
2025-06-11, Candle 3115 | Date: 2025-06-11 | Close: 48.65
2025-06-11, Candle 3116 | Date: 2025-06-11 | Close: 48.62
2025-06-11, Candle 3117 | Date: 2025-06-11 | Close: 48.62
2025-06-11, Candle 3118 | Date: 2025-06-11 | Close: 48.5251
2025-06-11, Candle 3119 | Date: 2025-06-11 | Close: 48.52
2025-06-11, Candle 3120 | Date: 2025-06-11 | Close: 48.535
2025-06-11, Candle 3121 | Date: 2025-06-11 | Close: 48.55
2025-06-11, Candle 3122 | Date: 2025-06-11 | Close: 48.57
2025-06-11, Candle 3123 | Date: 2025-06-11 | Close: 48.545
2025-06-11, Candle 3124 | Date: 2025-06-11 | Close: 48.55
2025-06-11, Candle 3125 | Date: 2025-06-11 | Close: 48.54
2025-06-11, Candle 3126 | Date: 2025-06-11 | Close: 48.4999
2025-06-11, Candle 3127 | Date: 2025-06-11 | Close: 48.515
2025-06-11, Candle 3128 | Date: 2025-06-11 | Close: 48.5
2025-06-11, Candle 3129 | Date: 2025-06-11 | Close: 48.51
2025-06-11, Candle 3130 | Date: 2025-06-11 | Close: 48.575
2025-06-11, Candle 3131 | Date: 2025-06-11 | Close: 48.545
2025-06-11, Candle 3132 | Date: 2025-06-11 | Close: 48.56
2025-06-11, Candle 3133 | Date: 2025-06-11 | Close: 48.6395
2025-06-11, Candle 3134 | Date: 2025-06-11 | Close: 48.615
2025-06-11, Candle 3135 | Date: 2025-06-11 | Close: 48.58
2025-06-11, Candle 3136 | Date: 2025-06-11 | Close: 48.5
2025-06-11, Candle 3137 | Date: 2025-06-11 | Close: 48.435
2025-06-11, Candle 3138 | Date: 2025-06-11 | Close: 48.36
2025-06-11, Candle 3139 | Date: 2025-06-11 | Close: 48.36
2025-06-11, Candle 3140 | Date: 2025-06-11 | Close: 48.285
2025-06-11, Candle 3141 | Date: 2025-06-11 | Close: 48.2
2025-06-11, Candle 3142 | Date: 2025-06-11 | Close: 48.32
2025-06-11, Candle 3143 | Date: 2025-06-11 | Close: 48.195
2025-06-11, Candle 3144 | Date: 2025-06-11 | Close: 48.080002
2025-06-11, Candle 3145 | Date: 2025-06-11 | Close: 48.1501
2025-06-11, Candle 3146 | Date: 2025-06-11 | Close: 48.095001
2025-06-11, Candle 3147 | Date: 2025-06-11 | Close: 48.19
2025-06-11, Candle 3148 | Date: 2025-06-11 | Close: 48.2053
2025-06-11, Candle 3149 | Date: 2025-06-11 | Close: 48.2
2025-06-11, Candle 3150 | Date: 2025-06-11 | Close: 48.27
2025-06-11, Candle 3151 | Date: 2025-06-11 | Close: 48.26
2025-06-11, Candle 3152 | Date: 2025-06-11 | Close: 48.24
2025-06-11, Candle 3153 | Date: 2025-06-11 | Close: 48.195
2025-06-11, Candle 3154 | Date: 2025-06-11 | Close: 48.215
2025-06-11, Candle 3155 | Date: 2025-06-11 | Close: 48.24
2025-06-11, Candle 3156 | Date: 2025-06-11 | Close: 48.2265
2025-06-11, Candle 3157 | Date: 2025-06-11 | Close: 48.24
2025-06-11, Candle 3158 | Date: 2025-06-11 | Close: 48.2735
2025-06-11, Candle 3159 | Date: 2025-06-11 | Close: 48.17
2025-06-11, Candle 3160 | Date: 2025-06-11 | Close: 48.1797
2025-06-11, Candle 3161 | Date: 2025-06-11 | Close: 48.15
2025-06-11, Candle 3162 | Date: 2025-06-11 | Close: 48.14
2025-06-11, Candle 3163 | Date: 2025-06-11 | Close: 48.195
2025-06-11, Candle 3164 | Date: 2025-06-11 | Close: 48.185
2025-06-12, Candle 3165 | Date: 2025-06-12 | Close: 47.32
2025-06-12, Candle 3166 | Date: 2025-06-12 | Close: 47.4251
2025-06-12, Candle 3167 | Date: 2025-06-12 | Close: 47.4498
2025-06-12, Candle 3168 | Date: 2025-06-12 | Close: 47.42
2025-06-12, Candle 3169 | Date: 2025-06-12 | Close: 47.42
2025-06-12, Candle 3170 | Date: 2025-06-12 | Close: 47.3892
2025-06-12, Candle 3171 | Date: 2025-06-12 | Close: 47.4696
2025-06-12, Candle 3172 | Date: 2025-06-12 | Close: 47.53
2025-06-12, Candle 3173 | Date: 2025-06-12 | Close: 47.61
2025-06-12, Candle 3174 | Date: 2025-06-12 | Close: 47.64
2025-06-12, Candle 3175 | Date: 2025-06-12 | Close: 47.61
2025-06-12, Candle 3176 | Date: 2025-06-12 | Close: 47.61
2025-06-12, Candle 3177 | Date: 2025-06-12 | Close: 47.6385
2025-06-12, Candle 3178 | Date: 2025-06-12 | Close: 47.71
2025-06-12, Candle 3179 | Date: 2025-06-12 | Close: 47.66
2025-06-12, Candle 3180 | Date: 2025-06-12 | Close: 47.7186
2025-06-12, Candle 3181 | Date: 2025-06-12 | Close: 47.7065
2025-06-12, Candle 3182 | Date: 2025-06-12 | Close: 47.66
2025-06-12, Candle 3183 | Date: 2025-06-12 | Close: 47.725
2025-06-12, Candle 3184 | Date: 2025-06-12 | Close: 47.7146
2025-06-12, Candle 3185 | Date: 2025-06-12 | Close: 47.695
2025-06-12, Candle 3186 | Date: 2025-06-12 | Close: 47.6445
2025-06-12, Candle 3187 | Date: 2025-06-12 | Close: 47.57
2025-06-12, Candle 3188 | Date: 2025-06-12 | Close: 47.51
2025-06-12, Candle 3189 | Date: 2025-06-12 | Close: 47.5199
2025-06-12, Candle 3190 | Date: 2025-06-12 | Close: 47.57
2025-06-12, Candle 3191 | Date: 2025-06-12 | Close: 47.5965
2025-06-12, Candle 3192 | Date: 2025-06-12 | Close: 47.47
2025-06-12, Candle 3193 | Date: 2025-06-12 | Close: 47.38
2025-06-12, Candle 3194 | Date: 2025-06-12 | Close: 47.42
2025-06-12, Candle 3195 | Date: 2025-06-12 | Close: 47.45
2025-06-12, Candle 3196 | Date: 2025-06-12 | Close: 47.55
2025-06-12, Candle 3197 | Date: 2025-06-12 | Close: 47.5553
2025-06-12, Candle 3198 | Date: 2025-06-12 | Close: 47.6204
2025-06-12, Candle 3199 | Date: 2025-06-12 | Close: 47.6135
2025-06-12, Candle 3200 | Date: 2025-06-12 | Close: 47.7283
2025-06-12, Candle 3201 | Date: 2025-06-12 | Close: 47.695
2025-06-12, Candle 3202 | Date: 2025-06-12 | Close: 47.623
2025-06-12, Candle 3203 | Date: 2025-06-12 | Close: 47.71
2025-06-12, Candle 3204 | Date: 2025-06-12 | Close: 47.6846
2025-06-12, Candle 3205 | Date: 2025-06-12 | Close: 47.6759
2025-06-12, Candle 3206 | Date: 2025-06-12 | Close: 47.73
2025-06-12, Candle 3207 | Date: 2025-06-12 | Close: 47.78
2025-06-12, Candle 3208 | Date: 2025-06-12 | Close: 47.7999
2025-06-12, the Volume is True | the RSI is 77.58197977321511 Trend is True Nearliquidity True
2025-06-12, Candle 3209 | Date: 2025-06-12 | Close: 47.81
2025-06-12, the Volume is True | the RSI is 77.23311546840993 Trend is True Nearliquidity True
2025-06-12, Candle 3210 | Date: 2025-06-12 | Close: 47.9
2025-06-12, Candle 3211 | Date: 2025-06-12 | Close: 47.88
2025-06-12, the Volume is True | the RSI is 74.88674116581174 Trend is True Nearliquidity True
2025-06-12, Candle 3212 | Date: 2025-06-12 | Close: 47.95
2025-06-12, Candle 3213 | Date: 2025-06-12 | Close: 48.0
2025-06-12, Candle 3214 | Date: 2025-06-12 | Close: 47.99
2025-06-12, Candle 3215 | Date: 2025-06-12 | Close: 48.005
2025-06-12, Candle 3216 | Date: 2025-06-12 | Close: 48.049999
2025-06-12, Candle 3217 | Date: 2025-06-12 | Close: 48.02
2025-06-12, the Volume is True | the RSI is 81.24258641972779 Trend is True Nearliquidity True
2025-06-12, Candle 3218 | Date: 2025-06-12 | Close: 47.9954
2025-06-12, the Volume is True | the RSI is 80.96586241579884 Trend is True Nearliquidity True
2025-06-12, Candle 3219 | Date: 2025-06-12 | Close: 47.985
2025-06-12, Candle 3220 | Date: 2025-06-12 | Close: 47.91
2025-06-12, Candle 3221 | Date: 2025-06-12 | Close: 47.91
2025-06-12, Candle 3222 | Date: 2025-06-12 | Close: 47.835
2025-06-12, Candle 3223 | Date: 2025-06-12 | Close: 47.7954
2025-06-12, Candle 3224 | Date: 2025-06-12 | Close: 47.76
2025-06-12, Candle 3225 | Date: 2025-06-12 | Close: 47.83
2025-06-12, Candle 3226 | Date: 2025-06-12 | Close: 47.8
2025-06-12, Candle 3227 | Date: 2025-06-12 | Close: 47.6497
2025-06-12, Candle 3228 | Date: 2025-06-12 | Close: 47.59
2025-06-12, Candle 3229 | Date: 2025-06-12 | Close: 47.6504
2025-06-12, Candle 3230 | Date: 2025-06-12 | Close: 47.6676
2025-06-12, Candle 3231 | Date: 2025-06-12 | Close: 47.67
2025-06-12, Candle 3232 | Date: 2025-06-12 | Close: 47.6553
2025-06-12, Candle 3233 | Date: 2025-06-12 | Close: 47.76
2025-06-12, Candle 3234 | Date: 2025-06-12 | Close: 47.72
2025-06-12, Candle 3235 | Date: 2025-06-12 | Close: 47.72
2025-06-12, Candle 3236 | Date: 2025-06-12 | Close: 47.78
2025-06-12, Candle 3237 | Date: 2025-06-12 | Close: 47.79
2025-06-12, Candle 3238 | Date: 2025-06-12 | Close: 47.7094
2025-06-12, Candle 3239 | Date: 2025-06-12 | Close: 47.66
2025-06-12, Candle 3240 | Date: 2025-06-12 | Close: 47.45
2025-06-12, Candle 3241 | Date: 2025-06-12 | Close: 47.32
2025-06-12, Candle 3242 | Date: 2025-06-12 | Close: 47.315
2025-06-13, Candle 3243 | Date: 2025-06-13 | Close: 46.44
2025-06-13, Candle 3244 | Date: 2025-06-13 | Close: 46.67
2025-06-13, Candle 3245 | Date: 2025-06-13 | Close: 46.67
2025-06-13, Candle 3246 | Date: 2025-06-13 | Close: 46.6
2025-06-13, Candle 3247 | Date: 2025-06-13 | Close: 46.44
2025-06-13, Candle 3248 | Date: 2025-06-13 | Close: 46.4
2025-06-13, Candle 3249 | Date: 2025-06-13 | Close: 46.39
2025-06-13, Candle 3250 | Date: 2025-06-13 | Close: 46.35
2025-06-13, Candle 3251 | Date: 2025-06-13 | Close: 46.32
2025-06-13, Candle 3252 | Date: 2025-06-13 | Close: 46.29
2025-06-13, Candle 3253 | Date: 2025-06-13 | Close: 46.24
2025-06-13, Candle 3254 | Date: 2025-06-13 | Close: 46.175
2025-06-13, Candle 3255 | Date: 2025-06-13 | Close: 46.2546
2025-06-13, Candle 3256 | Date: 2025-06-13 | Close: 46.36
2025-06-13, Candle 3257 | Date: 2025-06-13 | Close: 46.39
2025-06-13, Candle 3258 | Date: 2025-06-13 | Close: 46.37
2025-06-13, Candle 3259 | Date: 2025-06-13 | Close: 46.41
2025-06-13, Candle 3260 | Date: 2025-06-13 | Close: 46.5408
2025-06-13, Candle 3261 | Date: 2025-06-13 | Close: 46.5
2025-06-13, Candle 3262 | Date: 2025-06-13 | Close: 46.72
2025-06-13, Candle 3263 | Date: 2025-06-13 | Close: 46.77
2025-06-13, Candle 3264 | Date: 2025-06-13 | Close: 46.7406
2025-06-13, Candle 3265 | Date: 2025-06-13 | Close: 46.86
2025-06-13, Candle 3266 | Date: 2025-06-13 | Close: 46.84
2025-06-13, Candle 3267 | Date: 2025-06-13 | Close: 46.845
2025-06-13, Candle 3268 | Date: 2025-06-13 | Close: 46.81
2025-06-13, Candle 3269 | Date: 2025-06-13 | Close: 46.87
2025-06-13, Candle 3270 | Date: 2025-06-13 | Close: 46.82
2025-06-13, Candle 3271 | Date: 2025-06-13 | Close: 46.81
2025-06-13, Candle 3272 | Date: 2025-06-13 | Close: 46.75
2025-06-13, Candle 3273 | Date: 2025-06-13 | Close: 46.76
2025-06-13, Candle 3274 | Date: 2025-06-13 | Close: 46.79
2025-06-13, Candle 3275 | Date: 2025-06-13 | Close: 46.96
2025-06-13, Candle 3276 | Date: 2025-06-13 | Close: 46.98
2025-06-13, Candle 3277 | Date: 2025-06-13 | Close: 46.98
2025-06-13, Candle 3278 | Date: 2025-06-13 | Close: 46.94
2025-06-13, Candle 3279 | Date: 2025-06-13 | Close: 46.9
2025-06-13, Candle 3280 | Date: 2025-06-13 | Close: 46.815
2025-06-13, Candle 3281 | Date: 2025-06-13 | Close: 46.801
2025-06-13, Candle 3282 | Date: 2025-06-13 | Close: 46.79
2025-06-13, Candle 3283 | Date: 2025-06-13 | Close: 46.85
2025-06-13, Candle 3284 | Date: 2025-06-13 | Close: 46.91
2025-06-13, Candle 3285 | Date: 2025-06-13 | Close: 46.82
2025-06-13, Candle 3286 | Date: 2025-06-13 | Close: 46.77
2025-06-13, Candle 3287 | Date: 2025-06-13 | Close: 46.74
2025-06-13, Candle 3288 | Date: 2025-06-13 | Close: 46.64
2025-06-13, Candle 3289 | Date: 2025-06-13 | Close: 46.67
2025-06-13, Candle 3290 | Date: 2025-06-13 | Close: 46.59
2025-06-13, Candle 3291 | Date: 2025-06-13 | Close: 46.6
2025-06-13, Candle 3292 | Date: 2025-06-13 | Close: 46.67
2025-06-13, Candle 3293 | Date: 2025-06-13 | Close: 46.63
2025-06-13, Candle 3294 | Date: 2025-06-13 | Close: 46.51
2025-06-13, Candle 3295 | Date: 2025-06-13 | Close: 46.65
2025-06-13, Candle 3296 | Date: 2025-06-13 | Close: 46.69
2025-06-13, Candle 3297 | Date: 2025-06-13 | Close: 46.62
2025-06-13, Candle 3298 | Date: 2025-06-13 | Close: 46.565
2025-06-13, Candle 3299 | Date: 2025-06-13 | Close: 46.59
2025-06-13, Candle 3300 | Date: 2025-06-13 | Close: 46.515
2025-06-13, Candle 3301 | Date: 2025-06-13 | Close: 46.63
2025-06-13, Candle 3302 | Date: 2025-06-13 | Close: 46.53
2025-06-13, Candle 3303 | Date: 2025-06-13 | Close: 46.47
2025-06-13, Candle 3304 | Date: 2025-06-13 | Close: 46.42
2025-06-13, Candle 3305 | Date: 2025-06-13 | Close: 46.43
2025-06-13, Candle 3306 | Date: 2025-06-13 | Close: 46.57
2025-06-13, Candle 3307 | Date: 2025-06-13 | Close: 46.635
2025-06-13, Candle 3308 | Date: 2025-06-13 | Close: 46.5946
2025-06-13, Candle 3309 | Date: 2025-06-13 | Close: 46.6199
2025-06-13, Candle 3310 | Date: 2025-06-13 | Close: 46.635
2025-06-13, Candle 3311 | Date: 2025-06-13 | Close: 46.7
2025-06-13, Candle 3312 | Date: 2025-06-13 | Close: 46.64
2025-06-13, Candle 3313 | Date: 2025-06-13 | Close: 46.61
2025-06-13, Candle 3314 | Date: 2025-06-13 | Close: 46.56
2025-06-13, Candle 3315 | Date: 2025-06-13 | Close: 46.56
2025-06-13, Candle 3316 | Date: 2025-06-13 | Close: 46.59
2025-06-13, Candle 3317 | Date: 2025-06-13 | Close: 46.58
2025-06-13, Candle 3318 | Date: 2025-06-13 | Close: 46.6
2025-06-13, Candle 3319 | Date: 2025-06-13 | Close: 46.6
2025-06-13, Candle 3320 | Date: 2025-06-13 | Close: 46.57
2025-06-16, Candle 3321 | Date: 2025-06-16 | Close: 47.235
2025-06-16, Candle 3322 | Date: 2025-06-16 | Close: 47.21
2025-06-16, Candle 3323 | Date: 2025-06-16 | Close: 47.28
2025-06-16, Candle 3324 | Date: 2025-06-16 | Close: 47.2997
2025-06-16, Candle 3325 | Date: 2025-06-16 | Close: 47.305
2025-06-16, Candle 3326 | Date: 2025-06-16 | Close: 47.49
2025-06-16, Candle 3327 | Date: 2025-06-16 | Close: 47.49
2025-06-16, Candle 3328 | Date: 2025-06-16 | Close: 47.38
2025-06-16, Candle 3329 | Date: 2025-06-16 | Close: 47.4
2025-06-16, Candle 3330 | Date: 2025-06-16 | Close: 47.5298
2025-06-16, Candle 3331 | Date: 2025-06-16 | Close: 47.5
2025-06-16, Candle 3332 | Date: 2025-06-16 | Close: 47.6
2025-06-16, Candle 3333 | Date: 2025-06-16 | Close: 47.76
2025-06-16, Candle 3334 | Date: 2025-06-16 | Close: 47.7596
2025-06-16, Candle 3335 | Date: 2025-06-16 | Close: 47.723
2025-06-16, Candle 3336 | Date: 2025-06-16 | Close: 47.6854
2025-06-16, Candle 3337 | Date: 2025-06-16 | Close: 47.745
2025-06-16, Candle 3338 | Date: 2025-06-16 | Close: 47.64
2025-06-16, Candle 3339 | Date: 2025-06-16 | Close: 47.6701
2025-06-16, Candle 3340 | Date: 2025-06-16 | Close: 47.7
2025-06-16, Candle 3341 | Date: 2025-06-16 | Close: 47.68
2025-06-16, Candle 3342 | Date: 2025-06-16 | Close: 47.69
2025-06-16, Candle 3343 | Date: 2025-06-16 | Close: 47.69
2025-06-16, Candle 3344 | Date: 2025-06-16 | Close: 47.6401
2025-06-16, Candle 3345 | Date: 2025-06-16 | Close: 47.65
2025-06-16, Candle 3346 | Date: 2025-06-16 | Close: 47.62
2025-06-16, Candle 3347 | Date: 2025-06-16 | Close: 47.675
2025-06-16, Candle 3348 | Date: 2025-06-16 | Close: 47.73
2025-06-16, Candle 3349 | Date: 2025-06-16 | Close: 47.71
2025-06-16, Candle 3350 | Date: 2025-06-16 | Close: 47.63
2025-06-16, Candle 3351 | Date: 2025-06-16 | Close: 47.57
2025-06-16, Candle 3352 | Date: 2025-06-16 | Close: 47.6801
2025-06-16, Candle 3353 | Date: 2025-06-16 | Close: 47.74
2025-06-16, Candle 3354 | Date: 2025-06-16 | Close: 47.725
2025-06-16, Candle 3355 | Date: 2025-06-16 | Close: 47.745
2025-06-16, Candle 3356 | Date: 2025-06-16 | Close: 47.72
2025-06-16, Candle 3357 | Date: 2025-06-16 | Close: 47.73
2025-06-16, Candle 3358 | Date: 2025-06-16 | Close: 47.74
2025-06-16, Candle 3359 | Date: 2025-06-16 | Close: 47.755
2025-06-16, Candle 3360 | Date: 2025-06-16 | Close: 47.71
2025-06-16, Candle 3361 | Date: 2025-06-16 | Close: 47.77
2025-06-16, Candle 3362 | Date: 2025-06-16 | Close: 47.78
2025-06-16, Candle 3363 | Date: 2025-06-16 | Close: 47.77
2025-06-16, Candle 3364 | Date: 2025-06-16 | Close: 47.73
2025-06-16, Candle 3365 | Date: 2025-06-16 | Close: 47.75
2025-06-16, Candle 3366 | Date: 2025-06-16 | Close: 47.84
2025-06-16, Candle 3367 | Date: 2025-06-16 | Close: 47.84
2025-06-16, Candle 3368 | Date: 2025-06-16 | Close: 47.85
2025-06-16, Candle 3369 | Date: 2025-06-16 | Close: 47.86
2025-06-16, Candle 3370 | Date: 2025-06-16 | Close: 47.88
2025-06-16, Candle 3371 | Date: 2025-06-16 | Close: 47.8019
2025-06-16, Candle 3372 | Date: 2025-06-16 | Close: 47.82
2025-06-16, Candle 3373 | Date: 2025-06-16 | Close: 47.8
2025-06-16, Candle 3374 | Date: 2025-06-16 | Close: 47.76
2025-06-16, Candle 3375 | Date: 2025-06-16 | Close: 47.7888
2025-06-16, Candle 3376 | Date: 2025-06-16 | Close: 47.85
2025-06-16, Candle 3377 | Date: 2025-06-16 | Close: 47.86
2025-06-16, Candle 3378 | Date: 2025-06-16 | Close: 47.84
2025-06-16, Candle 3379 | Date: 2025-06-16 | Close: 47.92
2025-06-16, Candle 3380 | Date: 2025-06-16 | Close: 47.91
2025-06-16, Candle 3381 | Date: 2025-06-16 | Close: 47.925
2025-06-16, Candle 3382 | Date: 2025-06-16 | Close: 47.9
2025-06-16, Candle 3383 | Date: 2025-06-16 | Close: 47.9246
2025-06-16, Candle 3384 | Date: 2025-06-16 | Close: 47.9208
2025-06-16, Candle 3385 | Date: 2025-06-16 | Close: 47.9185
2025-06-16, the Volume is True | the RSI is 71.31691141639047 Trend is True Nearliquidity True
2025-06-16, Candle 3386 | Date: 2025-06-16 | Close: 48.0
2025-06-16, the Volume is True | the RSI is 76.60799770476154 Trend is True Nearliquidity True
2025-06-16, Candle 3387 | Date: 2025-06-16 | Close: 48.029999
2025-06-16, the Volume is True | the RSI is 89.13198150124573 Trend is True Nearliquidity True
2025-06-16, Candle 3388 | Date: 2025-06-16 | Close: 48.2
2025-06-16, the Volume is True | the RSI is 81.15120274914128 Trend is True Nearliquidity True
2025-06-16, Candle 3389 | Date: 2025-06-16 | Close: 48.1514
2025-06-16, the Volume is True | the RSI is 78.7246265798543 Trend is True Nearliquidity True
2025-06-16, Candle 3390 | Date: 2025-06-16 | Close: 48.15
2025-06-16, the Volume is True | the RSI is 80.58371198881511 Trend is True Nearliquidity True
2025-06-16, Candle 3391 | Date: 2025-06-16 | Close: 48.21
2025-06-16, Candle 3392 | Date: 2025-06-16 | Close: 48.225
2025-06-16, Candle 3393 | Date: 2025-06-16 | Close: 48.19
2025-06-16, Candle 3394 | Date: 2025-06-16 | Close: 48.13
2025-06-16, Candle 3395 | Date: 2025-06-16 | Close: 48.105
2025-06-16, the Volume is True | the RSI is 70.2634245187434 Trend is True Nearliquidity True
2025-06-16, Candle 3396 | Date: 2025-06-16 | Close: 48.14
2025-06-16, Candle 3397 | Date: 2025-06-16 | Close: 48.12
2025-06-16, Candle 3398 | Date: 2025-06-16 | Close: 48.17
2025-06-17, Candle 3399 | Date: 2025-06-17 | Close: 46.82
2025-06-17, Candle 3400 | Date: 2025-06-17 | Close: 46.82
2025-06-17, Candle 3401 | Date: 2025-06-17 | Close: 46.675
2025-06-17, Candle 3402 | Date: 2025-06-17 | Close: 46.7
2025-06-17, Candle 3403 | Date: 2025-06-17 | Close: 46.6595
2025-06-17, Candle 3404 | Date: 2025-06-17 | Close: 46.69
2025-06-17, Candle 3405 | Date: 2025-06-17 | Close: 46.62
2025-06-17, Candle 3406 | Date: 2025-06-17 | Close: 46.73
2025-06-17, Candle 3407 | Date: 2025-06-17 | Close: 46.8335
2025-06-17, Candle 3408 | Date: 2025-06-17 | Close: 46.705
2025-06-17, Candle 3409 | Date: 2025-06-17 | Close: 46.645
2025-06-17, Candle 3410 | Date: 2025-06-17 | Close: 46.675
2025-06-17, Candle 3411 | Date: 2025-06-17 | Close: 46.6699
2025-06-17, Candle 3412 | Date: 2025-06-17 | Close: 46.595
2025-06-17, Candle 3413 | Date: 2025-06-17 | Close: 46.535
2025-06-17, Candle 3414 | Date: 2025-06-17 | Close: 46.61
2025-06-17, Candle 3415 | Date: 2025-06-17 | Close: 46.6
2025-06-17, Candle 3416 | Date: 2025-06-17 | Close: 46.45
2025-06-17, Candle 3417 | Date: 2025-06-17 | Close: 46.375
2025-06-17, Candle 3418 | Date: 2025-06-17 | Close: 46.375
2025-06-17, Candle 3419 | Date: 2025-06-17 | Close: 46.43
2025-06-17, Candle 3420 | Date: 2025-06-17 | Close: 46.277
2025-06-17, Candle 3421 | Date: 2025-06-17 | Close: 46.23
2025-06-17, Candle 3422 | Date: 2025-06-17 | Close: 46.2051
2025-06-17, Candle 3423 | Date: 2025-06-17 | Close: 46.2209
2025-06-17, Candle 3424 | Date: 2025-06-17 | Close: 46.29
2025-06-17, Candle 3425 | Date: 2025-06-17 | Close: 46.3404
2025-06-17, Candle 3426 | Date: 2025-06-17 | Close: 46.22
2025-06-17, Candle 3427 | Date: 2025-06-17 | Close: 46.2156
2025-06-17, Candle 3428 | Date: 2025-06-17 | Close: 46.1665
2025-06-17, Candle 3429 | Date: 2025-06-17 | Close: 46.19
2025-06-17, Candle 3430 | Date: 2025-06-17 | Close: 46.2
2025-06-17, Candle 3431 | Date: 2025-06-17 | Close: 46.24
2025-06-17, Candle 3432 | Date: 2025-06-17 | Close: 46.22
2025-06-17, Candle 3433 | Date: 2025-06-17 | Close: 46.19
2025-06-17, Candle 3434 | Date: 2025-06-17 | Close: 46.155
2025-06-17, Candle 3435 | Date: 2025-06-17 | Close: 46.145
2025-06-17, Candle 3436 | Date: 2025-06-17 | Close: 46.2899
2025-06-17, Candle 3437 | Date: 2025-06-17 | Close: 46.155
2025-06-17, Candle 3438 | Date: 2025-06-17 | Close: 46.0099983
2025-06-17, Candle 3439 | Date: 2025-06-17 | Close: 45.86
2025-06-17, Candle 3440 | Date: 2025-06-17 | Close: 45.89
2025-06-17, Candle 3441 | Date: 2025-06-17 | Close: 45.8299
2025-06-17, Candle 3442 | Date: 2025-06-17 | Close: 45.8877
2025-06-17, Candle 3443 | Date: 2025-06-17 | Close: 45.92
2025-06-17, Candle 3444 | Date: 2025-06-17 | Close: 45.91
2025-06-17, Candle 3445 | Date: 2025-06-17 | Close: 46.0
2025-06-17, Candle 3446 | Date: 2025-06-17 | Close: 46.035
2025-06-17, Candle 3447 | Date: 2025-06-17 | Close: 46.1613
2025-06-17, Candle 3448 | Date: 2025-06-17 | Close: 46.029999
2025-06-17, Candle 3449 | Date: 2025-06-17 | Close: 45.99
2025-06-17, Candle 3450 | Date: 2025-06-17 | Close: 45.99
2025-06-17, Candle 3451 | Date: 2025-06-17 | Close: 46.017601
2025-06-17, Candle 3452 | Date: 2025-06-17 | Close: 45.99
2025-06-17, Candle 3453 | Date: 2025-06-17 | Close: 46.0
2025-06-17, Candle 3454 | Date: 2025-06-17 | Close: 46.049999
2025-06-17, Candle 3455 | Date: 2025-06-17 | Close: 46.02
2025-06-17, Candle 3456 | Date: 2025-06-17 | Close: 45.99
2025-06-17, Candle 3457 | Date: 2025-06-17 | Close: 45.9999
2025-06-17, Candle 3458 | Date: 2025-06-17 | Close: 45.92
2025-06-17, Candle 3459 | Date: 2025-06-17 | Close: 46.029999
2025-06-17, Candle 3460 | Date: 2025-06-17 | Close: 46.060001
2025-06-17, Candle 3461 | Date: 2025-06-17 | Close: 46.075001
2025-06-17, Candle 3462 | Date: 2025-06-17 | Close: 46.12
2025-06-17, Candle 3463 | Date: 2025-06-17 | Close: 46.14
2025-06-17, Candle 3464 | Date: 2025-06-17 | Close: 46.2546
2025-06-17, Candle 3465 | Date: 2025-06-17 | Close: 46.39
2025-06-17, Candle 3466 | Date: 2025-06-17 | Close: 46.38
2025-06-17, Candle 3467 | Date: 2025-06-17 | Close: 46.46
2025-06-17, Candle 3468 | Date: 2025-06-17 | Close: 46.545
2025-06-17, Candle 3469 | Date: 2025-06-17 | Close: 46.66
2025-06-17, Candle 3470 | Date: 2025-06-17 | Close: 46.6
2025-06-17, Candle 3471 | Date: 2025-06-17 | Close: 46.55
2025-06-17, Candle 3472 | Date: 2025-06-17 | Close: 46.5445
2025-06-17, Candle 3473 | Date: 2025-06-17 | Close: 46.48
2025-06-17, Candle 3474 | Date: 2025-06-17 | Close: 46.6272
2025-06-17, Candle 3475 | Date: 2025-06-17 | Close: 46.61
2025-06-17, Candle 3476 | Date: 2025-06-17 | Close: 46.4
2025-06-18, Candle 3477 | Date: 2025-06-18 | Close: 46.080002
2025-06-18, Candle 3478 | Date: 2025-06-18 | Close: 46.13
2025-06-18, Candle 3479 | Date: 2025-06-18 | Close: 46.1734
2025-06-18, Candle 3480 | Date: 2025-06-18 | Close: 46.095001
2025-06-18, Candle 3481 | Date: 2025-06-18 | Close: 46.2
2025-06-18, Candle 3482 | Date: 2025-06-18 | Close: 46.3
2025-06-18, Candle 3483 | Date: 2025-06-18 | Close: 46.45
2025-06-18, Candle 3484 | Date: 2025-06-18 | Close: 46.47
2025-06-18, Candle 3485 | Date: 2025-06-18 | Close: 46.5666
2025-06-18, Candle 3486 | Date: 2025-06-18 | Close: 46.52
2025-06-18, Candle 3487 | Date: 2025-06-18 | Close: 46.639
2025-06-18, Candle 3488 | Date: 2025-06-18 | Close: 46.65
2025-06-18, Candle 3489 | Date: 2025-06-18 | Close: 46.5607
2025-06-18, Candle 3490 | Date: 2025-06-18 | Close: 46.68
2025-06-18, the Volume is True | the RSI is 71.5176410245602 Trend is True Nearliquidity True
2025-06-18, Candle 3491 | Date: 2025-06-18 | Close: 46.57
2025-06-18, Candle 3492 | Date: 2025-06-18 | Close: 46.4496
2025-06-18, Candle 3493 | Date: 2025-06-18 | Close: 46.35
2025-06-18, Candle 3494 | Date: 2025-06-18 | Close: 46.38
2025-06-18, Candle 3495 | Date: 2025-06-18 | Close: 46.41
2025-06-18, Candle 3496 | Date: 2025-06-18 | Close: 46.4024
2025-06-18, Candle 3497 | Date: 2025-06-18 | Close: 46.2701
2025-06-18, Candle 3498 | Date: 2025-06-18 | Close: 46.25
2025-06-18, Candle 3499 | Date: 2025-06-18 | Close: 46.32
2025-06-18, Candle 3500 | Date: 2025-06-18 | Close: 46.44
2025-06-18, Candle 3501 | Date: 2025-06-18 | Close: 46.424
2025-06-18, Candle 3502 | Date: 2025-06-18 | Close: 46.49
2025-06-18, Candle 3503 | Date: 2025-06-18 | Close: 46.48
2025-06-18, Candle 3504 | Date: 2025-06-18 | Close: 46.5399
2025-06-18, Candle 3505 | Date: 2025-06-18 | Close: 46.49
2025-06-18, Candle 3506 | Date: 2025-06-18 | Close: 46.47
2025-06-18, Candle 3507 | Date: 2025-06-18 | Close: 46.41
2025-06-18, Candle 3508 | Date: 2025-06-18 | Close: 46.45
2025-06-18, Candle 3509 | Date: 2025-06-18 | Close: 46.395
2025-06-18, Candle 3510 | Date: 2025-06-18 | Close: 46.2948
2025-06-18, Candle 3511 | Date: 2025-06-18 | Close: 46.267
2025-06-18, Candle 3512 | Date: 2025-06-18 | Close: 46.265
2025-06-18, Candle 3513 | Date: 2025-06-18 | Close: 46.303
2025-06-18, Candle 3514 | Date: 2025-06-18 | Close: 46.3246
2025-06-18, Candle 3515 | Date: 2025-06-18 | Close: 46.32
2025-06-18, Candle 3516 | Date: 2025-06-18 | Close: 46.26
2025-06-18, Candle 3517 | Date: 2025-06-18 | Close: 46.295
2025-06-18, Candle 3518 | Date: 2025-06-18 | Close: 46.28
2025-06-18, Candle 3519 | Date: 2025-06-18 | Close: 46.1834
2025-06-18, Candle 3520 | Date: 2025-06-18 | Close: 46.16
2025-06-18, Candle 3521 | Date: 2025-06-18 | Close: 46.21
2025-06-18, Candle 3522 | Date: 2025-06-18 | Close: 46.17
2025-06-18, Candle 3523 | Date: 2025-06-18 | Close: 46.15
2025-06-18, Candle 3524 | Date: 2025-06-18 | Close: 46.13
2025-06-18, Candle 3525 | Date: 2025-06-18 | Close: 45.9754
2025-06-18, Candle 3526 | Date: 2025-06-18 | Close: 46.095001
2025-06-18, Candle 3527 | Date: 2025-06-18 | Close: 46.179
2025-06-18, Candle 3528 | Date: 2025-06-18 | Close: 46.16
2025-06-18, Candle 3529 | Date: 2025-06-18 | Close: 46.25
2025-06-18, Candle 3530 | Date: 2025-06-18 | Close: 46.2344
2025-06-18, Candle 3531 | Date: 2025-06-18 | Close: 46.13
2025-06-18, Candle 3532 | Date: 2025-06-18 | Close: 46.17
2025-06-18, Candle 3533 | Date: 2025-06-18 | Close: 46.25
2025-06-18, Candle 3534 | Date: 2025-06-18 | Close: 46.2
2025-06-18, Candle 3535 | Date: 2025-06-18 | Close: 46.14
2025-06-18, Candle 3536 | Date: 2025-06-18 | Close: 46.19
2025-06-18, Candle 3537 | Date: 2025-06-18 | Close: 46.36
2025-06-18, Candle 3538 | Date: 2025-06-18 | Close: 46.28
2025-06-18, Candle 3539 | Date: 2025-06-18 | Close: 46.32
2025-06-18, Candle 3540 | Date: 2025-06-18 | Close: 46.26
2025-06-18, Candle 3541 | Date: 2025-06-18 | Close: 46.049999
2025-06-18, Candle 3542 | Date: 2025-06-18 | Close: 45.93
2025-06-18, Candle 3543 | Date: 2025-06-18 | Close: 46.049999
2025-06-18, Candle 3544 | Date: 2025-06-18 | Close: 46.02
2025-06-18, Candle 3545 | Date: 2025-06-18 | Close: 46.24
2025-06-18, Candle 3546 | Date: 2025-06-18 | Close: 46.12
2025-06-18, Candle 3547 | Date: 2025-06-18 | Close: 46.13
2025-06-18, Candle 3548 | Date: 2025-06-18 | Close: 45.98
2025-06-18, Candle 3549 | Date: 2025-06-18 | Close: 46.080002
2025-06-18, Candle 3550 | Date: 2025-06-18 | Close: 46.1446
2025-06-18, Candle 3551 | Date: 2025-06-18 | Close: 46.15
2025-06-18, Candle 3552 | Date: 2025-06-18 | Close: 46.099998
2025-06-18, Candle 3553 | Date: 2025-06-18 | Close: 46.064602
2025-06-18, Candle 3554 | Date: 2025-06-18 | Close: 45.99
2025-06-20, Candle 3555 | Date: 2025-06-20 | Close: 46.93
2025-06-20, Candle 3556 | Date: 2025-06-20 | Close: 46.96
2025-06-20, Candle 3557 | Date: 2025-06-20 | Close: 46.9538
2025-06-20, Candle 3558 | Date: 2025-06-20 | Close: 46.78
2025-06-20, Candle 3559 | Date: 2025-06-20 | Close: 46.7795
2025-06-20, Candle 3560 | Date: 2025-06-20 | Close: 46.84
2025-06-20, Candle 3561 | Date: 2025-06-20 | Close: 46.88
2025-06-20, Candle 3562 | Date: 2025-06-20 | Close: 46.82
2025-06-20, Candle 3563 | Date: 2025-06-20 | Close: 46.7696
2025-06-20, Candle 3564 | Date: 2025-06-20 | Close: 46.79
2025-06-20, Candle 3565 | Date: 2025-06-20 | Close: 46.62
2025-06-20, Candle 3566 | Date: 2025-06-20 | Close: 46.67
2025-06-20, Candle 3567 | Date: 2025-06-20 | Close: 46.59
2025-06-20, Candle 3568 | Date: 2025-06-20 | Close: 46.68
2025-06-20, Candle 3569 | Date: 2025-06-20 | Close: 46.45
2025-06-20, Candle 3570 | Date: 2025-06-20 | Close: 46.36
2025-06-20, Candle 3571 | Date: 2025-06-20 | Close: 46.14
2025-06-20, Candle 3572 | Date: 2025-06-20 | Close: 46.060001
2025-06-20, Candle 3573 | Date: 2025-06-20 | Close: 46.2
2025-06-20, Candle 3574 | Date: 2025-06-20 | Close: 46.1893
2025-06-20, Candle 3575 | Date: 2025-06-20 | Close: 46.22
2025-06-20, Candle 3576 | Date: 2025-06-20 | Close: 46.1867
2025-06-20, Candle 3577 | Date: 2025-06-20 | Close: 46.23
2025-06-20, Candle 3578 | Date: 2025-06-20 | Close: 46.2421
2025-06-20, Candle 3579 | Date: 2025-06-20 | Close: 46.1901
2025-06-20, Candle 3580 | Date: 2025-06-20 | Close: 46.28
2025-06-20, Candle 3581 | Date: 2025-06-20 | Close: 46.33
2025-06-20, Candle 3582 | Date: 2025-06-20 | Close: 46.28
2025-06-20, Candle 3583 | Date: 2025-06-20 | Close: 46.15
2025-06-20, Candle 3584 | Date: 2025-06-20 | Close: 46.14
2025-06-20, Candle 3585 | Date: 2025-06-20 | Close: 46.1426
2025-06-20, Candle 3586 | Date: 2025-06-20 | Close: 46.11
2025-06-20, Candle 3587 | Date: 2025-06-20 | Close: 46.115
2025-06-20, Candle 3588 | Date: 2025-06-20 | Close: 46.14
2025-06-20, Candle 3589 | Date: 2025-06-20 | Close: 46.09
2025-06-20, Candle 3590 | Date: 2025-06-20 | Close: 46.11
2025-06-20, Candle 3591 | Date: 2025-06-20 | Close: 46.15
2025-06-20, Candle 3592 | Date: 2025-06-20 | Close: 46.073299
2025-06-20, Candle 3593 | Date: 2025-06-20 | Close: 45.96
2025-06-20, Candle 3594 | Date: 2025-06-20 | Close: 45.935
2025-06-20, Candle 3595 | Date: 2025-06-20 | Close: 46.0
2025-06-20, Candle 3596 | Date: 2025-06-20 | Close: 45.95
2025-06-20, Candle 3597 | Date: 2025-06-20 | Close: 45.95
2025-06-20, Candle 3598 | Date: 2025-06-20 | Close: 45.9101
2025-06-20, Candle 3599 | Date: 2025-06-20 | Close: 45.85
2025-06-20, Candle 3600 | Date: 2025-06-20 | Close: 45.7
2025-06-20, Candle 3601 | Date: 2025-06-20 | Close: 45.5787
2025-06-20, Candle 3602 | Date: 2025-06-20 | Close: 45.59
2025-06-20, Candle 3603 | Date: 2025-06-20 | Close: 45.5101
2025-06-20, Candle 3604 | Date: 2025-06-20 | Close: 45.3802
2025-06-20, Candle 3605 | Date: 2025-06-20 | Close: 45.5781
2025-06-20, Candle 3606 | Date: 2025-06-20 | Close: 45.6
2025-06-20, Candle 3607 | Date: 2025-06-20 | Close: 45.5594
2025-06-20, Candle 3608 | Date: 2025-06-20 | Close: 45.75
2025-06-20, Candle 3609 | Date: 2025-06-20 | Close: 45.68
2025-06-20, Candle 3610 | Date: 2025-06-20 | Close: 45.7194
2025-06-20, Candle 3611 | Date: 2025-06-20 | Close: 45.7248
2025-06-20, Candle 3612 | Date: 2025-06-20 | Close: 45.815
2025-06-20, Candle 3613 | Date: 2025-06-20 | Close: 45.7
2025-06-20, Candle 3614 | Date: 2025-06-20 | Close: 45.68
2025-06-20, Candle 3615 | Date: 2025-06-20 | Close: 45.75
2025-06-20, Candle 3616 | Date: 2025-06-20 | Close: 45.73
2025-06-20, Candle 3617 | Date: 2025-06-20 | Close: 45.7048
2025-06-20, Candle 3618 | Date: 2025-06-20 | Close: 45.7751
2025-06-20, Candle 3619 | Date: 2025-06-20 | Close: 45.75
2025-06-20, Candle 3620 | Date: 2025-06-20 | Close: 45.6765
2025-06-20, Candle 3621 | Date: 2025-06-20 | Close: 45.66
2025-06-20, Candle 3622 | Date: 2025-06-20 | Close: 45.7
2025-06-20, Candle 3623 | Date: 2025-06-20 | Close: 45.64
2025-06-20, Candle 3624 | Date: 2025-06-20 | Close: 45.7
2025-06-20, Candle 3625 | Date: 2025-06-20 | Close: 45.6694
2025-06-20, Candle 3626 | Date: 2025-06-20 | Close: 45.6799
2025-06-20, Candle 3627 | Date: 2025-06-20 | Close: 45.74
2025-06-20, Candle 3628 | Date: 2025-06-20 | Close: 45.74
2025-06-20, Candle 3629 | Date: 2025-06-20 | Close: 45.76
2025-06-20, Candle 3630 | Date: 2025-06-20 | Close: 45.765
2025-06-20, Candle 3631 | Date: 2025-06-20 | Close: 45.78
2025-06-20, Candle 3632 | Date: 2025-06-20 | Close: 45.76
2025-06-23, Candle 3633 | Date: 2025-06-23 | Close: 44.8
2025-06-23, Candle 3634 | Date: 2025-06-23 | Close: 45.080002
2025-06-23, Candle 3635 | Date: 2025-06-23 | Close: 45.23
2025-06-23, Candle 3636 | Date: 2025-06-23 | Close: 45.31
2025-06-23, Candle 3637 | Date: 2025-06-23 | Close: 45.17
2025-06-23, Candle 3638 | Date: 2025-06-23 | Close: 45.38
2025-06-23, Candle 3639 | Date: 2025-06-23 | Close: 45.45
2025-06-23, Candle 3640 | Date: 2025-06-23 | Close: 45.35
2025-06-23, Candle 3641 | Date: 2025-06-23 | Close: 45.33
2025-06-23, Candle 3642 | Date: 2025-06-23 | Close: 45.33
2025-06-23, Candle 3643 | Date: 2025-06-23 | Close: 45.18
2025-06-23, Candle 3644 | Date: 2025-06-23 | Close: 45.1503
2025-06-23, Candle 3645 | Date: 2025-06-23 | Close: 45.2051
2025-06-23, Candle 3646 | Date: 2025-06-23 | Close: 45.049999
2025-06-23, Candle 3647 | Date: 2025-06-23 | Close: 45.069901
2025-06-23, Candle 3648 | Date: 2025-06-23 | Close: 45.105
2025-06-23, Candle 3649 | Date: 2025-06-23 | Close: 45.0998
2025-06-23, Candle 3650 | Date: 2025-06-23 | Close: 45.029999
2025-06-23, Candle 3651 | Date: 2025-06-23 | Close: 45.18
2025-06-23, Candle 3652 | Date: 2025-06-23 | Close: 45.22
2025-06-23, Candle 3653 | Date: 2025-06-23 | Close: 45.225
2025-06-23, Candle 3654 | Date: 2025-06-23 | Close: 45.195
2025-06-23, Candle 3655 | Date: 2025-06-23 | Close: 45.155
2025-06-23, Candle 3656 | Date: 2025-06-23 | Close: 45.0099983
2025-06-23, Candle 3657 | Date: 2025-06-23 | Close: 45.080101
2025-06-23, Candle 3658 | Date: 2025-06-23 | Close: 45.080002
2025-06-23, Candle 3659 | Date: 2025-06-23 | Close: 45.0298
2025-06-23, Candle 3660 | Date: 2025-06-23 | Close: 44.9499
2025-06-23, Candle 3661 | Date: 2025-06-23 | Close: 44.91
2025-06-23, Candle 3662 | Date: 2025-06-23 | Close: 44.98
2025-06-23, Candle 3663 | Date: 2025-06-23 | Close: 44.92
2025-06-23, Candle 3664 | Date: 2025-06-23 | Close: 44.878
2025-06-23, Candle 3665 | Date: 2025-06-23 | Close: 44.8
2025-06-23, Candle 3666 | Date: 2025-06-23 | Close: 44.7499
2025-06-23, Candle 3667 | Date: 2025-06-23 | Close: 44.59
2025-06-23, Candle 3668 | Date: 2025-06-23 | Close: 44.44
2025-06-23, Candle 3669 | Date: 2025-06-23 | Close: 44.3009
2025-06-23, Candle 3670 | Date: 2025-06-23 | Close: 44.49
2025-06-23, Candle 3671 | Date: 2025-06-23 | Close: 44.5987
2025-06-23, Candle 3672 | Date: 2025-06-23 | Close: 44.5907
2025-06-23, Candle 3673 | Date: 2025-06-23 | Close: 44.5002
2025-06-23, Candle 3674 | Date: 2025-06-23 | Close: 44.61
2025-06-23, Candle 3675 | Date: 2025-06-23 | Close: 44.7
2025-06-23, Candle 3676 | Date: 2025-06-23 | Close: 44.89
2025-06-23, Candle 3677 | Date: 2025-06-23 | Close: 44.89
2025-06-23, Candle 3678 | Date: 2025-06-23 | Close: 44.94
2025-06-23, Candle 3679 | Date: 2025-06-23 | Close: 45.0099983
2025-06-23, Candle 3680 | Date: 2025-06-23 | Close: 45.33
2025-06-23, Candle 3681 | Date: 2025-06-23 | Close: 45.33
2025-06-23, Candle 3682 | Date: 2025-06-23 | Close: 45.48
2025-06-23, Candle 3683 | Date: 2025-06-23 | Close: 45.37
2025-06-23, Candle 3684 | Date: 2025-06-23 | Close: 45.327
2025-06-23, Candle 3685 | Date: 2025-06-23 | Close: 45.27
2025-06-23, Candle 3686 | Date: 2025-06-23 | Close: 45.4498
2025-06-23, Candle 3687 | Date: 2025-06-23 | Close: 45.545
2025-06-23, Candle 3688 | Date: 2025-06-23 | Close: 45.63
2025-06-23, Candle 3689 | Date: 2025-06-23 | Close: 45.6201
2025-06-23, Candle 3690 | Date: 2025-06-23 | Close: 45.73
2025-06-23, Candle 3691 | Date: 2025-06-23 | Close: 45.64
2025-06-23, Candle 3692 | Date: 2025-06-23 | Close: 45.5
2025-06-23, Candle 3693 | Date: 2025-06-23 | Close: 45.6901
2025-06-23, Candle 3694 | Date: 2025-06-23 | Close: 45.7367
2025-06-23, Candle 3695 | Date: 2025-06-23 | Close: 45.6978
2025-06-23, Candle 3696 | Date: 2025-06-23 | Close: 45.73
2025-06-23, Candle 3697 | Date: 2025-06-23 | Close: 45.64
2025-06-23, Candle 3698 | Date: 2025-06-23 | Close: 45.65
2025-06-23, Candle 3699 | Date: 2025-06-23 | Close: 45.6991
2025-06-23, Candle 3700 | Date: 2025-06-23 | Close: 45.7104
2025-06-23, Candle 3701 | Date: 2025-06-23 | Close: 45.69
2025-06-23, Candle 3702 | Date: 2025-06-23 | Close: 45.605
2025-06-23, Candle 3703 | Date: 2025-06-23 | Close: 45.59
2025-06-23, Candle 3704 | Date: 2025-06-23 | Close: 45.595
2025-06-23, Candle 3705 | Date: 2025-06-23 | Close: 45.5501
2025-06-23, Candle 3706 | Date: 2025-06-23 | Close: 45.595
2025-06-23, Candle 3707 | Date: 2025-06-23 | Close: 45.55
2025-06-23, Candle 3708 | Date: 2025-06-23 | Close: 45.6
2025-06-23, Candle 3709 | Date: 2025-06-23 | Close: 45.68
2025-06-23, Candle 3710 | Date: 2025-06-23 | Close: 45.73
2025-06-24, Candle 3711 | Date: 2025-06-24 | Close: 46.5
2025-06-24, Candle 3712 | Date: 2025-06-24 | Close: 46.64
2025-06-24, Candle 3713 | Date: 2025-06-24 | Close: 46.56
2025-06-24, Candle 3714 | Date: 2025-06-24 | Close: 46.6
2025-06-24, Candle 3715 | Date: 2025-06-24 | Close: 46.51
2025-06-24, Candle 3716 | Date: 2025-06-24 | Close: 46.57
2025-06-24, Candle 3717 | Date: 2025-06-24 | Close: 46.59
2025-06-24, the Volume is True | the RSI is 81.76309616888175 Trend is True Nearliquidity True
2025-06-24, Candle 3718 | Date: 2025-06-24 | Close: 46.57
2025-06-24, the Volume is True | the RSI is 85.0308936874957 Trend is True Nearliquidity True
2025-06-24, Candle 3719 | Date: 2025-06-24 | Close: 46.65
2025-06-24, Candle 3720 | Date: 2025-06-24 | Close: 46.76
2025-06-24, the Volume is True | the RSI is 84.03865778257995 Trend is True Nearliquidity True
2025-06-24, Candle 3721 | Date: 2025-06-24 | Close: 46.6841
2025-06-24, the Volume is True | the RSI is 83.80436106712136 Trend is True Nearliquidity True
2025-06-24, Candle 3722 | Date: 2025-06-24 | Close: 46.71
2025-06-24, Candle 3723 | Date: 2025-06-24 | Close: 46.79
2025-06-24, Candle 3724 | Date: 2025-06-24 | Close: 46.77
2025-06-24, Candle 3725 | Date: 2025-06-24 | Close: 46.84
2025-06-24, Candle 3726 | Date: 2025-06-24 | Close: 46.78
2025-06-24, Candle 3727 | Date: 2025-06-24 | Close: 46.76
2025-06-24, Candle 3728 | Date: 2025-06-24 | Close: 46.7799
2025-06-24, the Volume is True | the RSI is 73.4120521172637 Trend is True Nearliquidity True
2025-06-24, Candle 3729 | Date: 2025-06-24 | Close: 46.855
2025-06-24, Candle 3730 | Date: 2025-06-24 | Close: 46.875
2025-06-24, Candle 3731 | Date: 2025-06-24 | Close: 46.84
2025-06-24, Candle 3732 | Date: 2025-06-24 | Close: 46.81
2025-06-24, Candle 3733 | Date: 2025-06-24 | Close: 46.88
2025-06-24, Candle 3734 | Date: 2025-06-24 | Close: 46.85
2025-06-24, Candle 3735 | Date: 2025-06-24 | Close: 46.7978
2025-06-24, Candle 3736 | Date: 2025-06-24 | Close: 46.74
2025-06-24, Candle 3737 | Date: 2025-06-24 | Close: 46.655
2025-06-24, Candle 3738 | Date: 2025-06-24 | Close: 46.6446
2025-06-24, Candle 3739 | Date: 2025-06-24 | Close: 46.6785
2025-06-24, Candle 3740 | Date: 2025-06-24 | Close: 46.66
2025-06-24, Candle 3741 | Date: 2025-06-24 | Close: 46.7255
2025-06-24, Candle 3742 | Date: 2025-06-24 | Close: 46.6599
2025-06-24, Candle 3743 | Date: 2025-06-24 | Close: 46.65
2025-06-24, Candle 3744 | Date: 2025-06-24 | Close: 46.66
2025-06-24, Candle 3745 | Date: 2025-06-24 | Close: 46.69
2025-06-24, Candle 3746 | Date: 2025-06-24 | Close: 46.7324
2025-06-24, Candle 3747 | Date: 2025-06-24 | Close: 46.73
2025-06-24, Candle 3748 | Date: 2025-06-24 | Close: 46.7999
2025-06-24, Candle 3749 | Date: 2025-06-24 | Close: 46.91
2025-06-24, Candle 3750 | Date: 2025-06-24 | Close: 46.88
2025-06-24, the Volume is True | the RSI is 78.23729399204534 Trend is True Nearliquidity True
2025-06-24, Candle 3751 | Date: 2025-06-24 | Close: 47.0099983
2025-06-24, the Volume is True | the RSI is 82.40044555834065 Trend is True Nearliquidity True
2025-06-24, Candle 3752 | Date: 2025-06-24 | Close: 47.11
2025-06-24, the Volume is True | the RSI is 78.10465659990683 Trend is True Nearliquidity True
2025-06-24, Candle 3753 | Date: 2025-06-24 | Close: 47.080002
2025-06-24, Candle 3754 | Date: 2025-06-24 | Close: 47.0145
2025-06-24, Candle 3755 | Date: 2025-06-24 | Close: 46.975
2025-06-24, the Volume is True | the RSI is 70.56463169962751 Trend is True Nearliquidity True
2025-06-24, Candle 3756 | Date: 2025-06-24 | Close: 46.9469
2025-06-24, Candle 3757 | Date: 2025-06-24 | Close: 46.88
2025-06-24, Candle 3758 | Date: 2025-06-24 | Close: 46.885
2025-06-24, Candle 3759 | Date: 2025-06-24 | Close: 46.905
2025-06-24, Candle 3760 | Date: 2025-06-24 | Close: 46.925
2025-06-24, Candle 3761 | Date: 2025-06-24 | Close: 47.014801
2025-06-24, Candle 3762 | Date: 2025-06-24 | Close: 47.049999
2025-06-24, Candle 3763 | Date: 2025-06-24 | Close: 47.0397
2025-06-24, Candle 3764 | Date: 2025-06-24 | Close: 47.023499
2025-06-24, Candle 3765 | Date: 2025-06-24 | Close: 47.02
2025-06-24, Candle 3766 | Date: 2025-06-24 | Close: 47.02
2025-06-24, Candle 3767 | Date: 2025-06-24 | Close: 46.95
2025-06-24, Candle 3768 | Date: 2025-06-24 | Close: 46.86
2025-06-24, Candle 3769 | Date: 2025-06-24 | Close: 46.9098
2025-06-24, Candle 3770 | Date: 2025-06-24 | Close: 46.939
2025-06-24, Candle 3771 | Date: 2025-06-24 | Close: 46.8697
2025-06-24, Candle 3772 | Date: 2025-06-24 | Close: 46.9099
2025-06-24, Candle 3773 | Date: 2025-06-24 | Close: 46.89
2025-06-24, Candle 3774 | Date: 2025-06-24 | Close: 46.89
2025-06-24, Candle 3775 | Date: 2025-06-24 | Close: 46.89
2025-06-24, Candle 3776 | Date: 2025-06-24 | Close: 46.78
2025-06-24, Candle 3777 | Date: 2025-06-24 | Close: 46.71
2025-06-24, Candle 3778 | Date: 2025-06-24 | Close: 46.72
2025-06-24, Candle 3779 | Date: 2025-06-24 | Close: 46.71
2025-06-24, Candle 3780 | Date: 2025-06-24 | Close: 46.73
2025-06-24, Candle 3781 | Date: 2025-06-24 | Close: 46.78
2025-06-24, Candle 3782 | Date: 2025-06-24 | Close: 46.7448
2025-06-24, Candle 3783 | Date: 2025-06-24 | Close: 46.8
2025-06-24, Candle 3784 | Date: 2025-06-24 | Close: 46.7352
2025-06-24, Candle 3785 | Date: 2025-06-24 | Close: 46.7448
2025-06-24, Candle 3786 | Date: 2025-06-24 | Close: 46.69
2025-06-24, Candle 3787 | Date: 2025-06-24 | Close: 46.74
2025-06-24, Candle 3788 | Date: 2025-06-24 | Close: 46.84
2025-06-25, Candle 3789 | Date: 2025-06-25 | Close: 47.7296
2025-06-25, Candle 3790 | Date: 2025-06-25 | Close: 47.71
2025-06-25, Candle 3791 | Date: 2025-06-25 | Close: 47.86
2025-06-25, Candle 3792 | Date: 2025-06-25 | Close: 47.88
2025-06-25, Candle 3793 | Date: 2025-06-25 | Close: 47.77
2025-06-25, Candle 3794 | Date: 2025-06-25 | Close: 47.85
2025-06-25, Candle 3795 | Date: 2025-06-25 | Close: 47.88
2025-06-25, Candle 3796 | Date: 2025-06-25 | Close: 47.9296
2025-06-25, Candle 3797 | Date: 2025-06-25 | Close: 47.84
2025-06-25, the Volume is True | the RSI is 75.22915757311213 Trend is True Nearliquidity True
2025-06-25, Candle 3798 | Date: 2025-06-25 | Close: 47.66
2025-06-25, Candle 3799 | Date: 2025-06-25 | Close: 47.68
2025-06-25, the Volume is True | the RSI is 77.54828625655912 Trend is True Nearliquidity True
2025-06-25, Candle 3800 | Date: 2025-06-25 | Close: 47.677
2025-06-25, Candle 3801 | Date: 2025-06-25 | Close: 47.73
2025-06-25, the Volume is True | the RSI is 76.54947233397466 Trend is True Nearliquidity True
2025-06-25, Candle 3802 | Date: 2025-06-25 | Close: 47.7507
2025-06-25, Candle 3803 | Date: 2025-06-25 | Close: 47.79
2025-06-25, Candle 3804 | Date: 2025-06-25 | Close: 47.795
2025-06-25, Candle 3805 | Date: 2025-06-25 | Close: 47.76
2025-06-25, Candle 3806 | Date: 2025-06-25 | Close: 47.74
2025-06-25, Candle 3807 | Date: 2025-06-25 | Close: 47.63
2025-06-25, Candle 3808 | Date: 2025-06-25 | Close: 47.65
2025-06-25, Candle 3809 | Date: 2025-06-25 | Close: 47.6682
2025-06-25, Candle 3810 | Date: 2025-06-25 | Close: 47.507
2025-06-25, Candle 3811 | Date: 2025-06-25 | Close: 47.51
2025-06-25, Candle 3812 | Date: 2025-06-25 | Close: 47.47
2025-06-25, Candle 3813 | Date: 2025-06-25 | Close: 47.37
2025-06-25, Candle 3814 | Date: 2025-06-25 | Close: 47.4752
2025-06-25, Candle 3815 | Date: 2025-06-25 | Close: 47.4081
2025-06-25, Candle 3816 | Date: 2025-06-25 | Close: 47.5258
2025-06-25, Candle 3817 | Date: 2025-06-25 | Close: 47.5
2025-06-25, Candle 3818 | Date: 2025-06-25 | Close: 47.4597
2025-06-25, Candle 3819 | Date: 2025-06-25 | Close: 47.5499
2025-06-25, Candle 3820 | Date: 2025-06-25 | Close: 47.57
2025-06-25, Candle 3821 | Date: 2025-06-25 | Close: 47.605
2025-06-25, Candle 3822 | Date: 2025-06-25 | Close: 47.645
2025-06-25, Candle 3823 | Date: 2025-06-25 | Close: 47.62
2025-06-25, Candle 3824 | Date: 2025-06-25 | Close: 47.61
2025-06-25, Candle 3825 | Date: 2025-06-25 | Close: 47.525
2025-06-25, Candle 3826 | Date: 2025-06-25 | Close: 47.5556
2025-06-25, Candle 3827 | Date: 2025-06-25 | Close: 47.53
2025-06-25, Candle 3828 | Date: 2025-06-25 | Close: 47.44
2025-06-25, Candle 3829 | Date: 2025-06-25 | Close: 47.4767
2025-06-25, Candle 3830 | Date: 2025-06-25 | Close: 47.5
2025-06-25, Candle 3831 | Date: 2025-06-25 | Close: 47.52
2025-06-25, Candle 3832 | Date: 2025-06-25 | Close: 47.505
2025-06-25, Candle 3833 | Date: 2025-06-25 | Close: 47.6105
2025-06-25, Candle 3834 | Date: 2025-06-25 | Close: 47.635
2025-06-25, Candle 3835 | Date: 2025-06-25 | Close: 47.66
2025-06-25, Candle 3836 | Date: 2025-06-25 | Close: 47.61
2025-06-25, Candle 3837 | Date: 2025-06-25 | Close: 47.57
2025-06-25, Candle 3838 | Date: 2025-06-25 | Close: 47.56
2025-06-25, Candle 3839 | Date: 2025-06-25 | Close: 47.4399
2025-06-25, Candle 3840 | Date: 2025-06-25 | Close: 47.46
2025-06-25, Candle 3841 | Date: 2025-06-25 | Close: 47.51
2025-06-25, Candle 3842 | Date: 2025-06-25 | Close: 47.61
2025-06-25, Candle 3843 | Date: 2025-06-25 | Close: 47.605
2025-06-25, Candle 3844 | Date: 2025-06-25 | Close: 47.59
2025-06-25, Candle 3845 | Date: 2025-06-25 | Close: 47.64
2025-06-25, Candle 3846 | Date: 2025-06-25 | Close: 47.65
2025-06-25, Candle 3847 | Date: 2025-06-25 | Close: 47.615
2025-06-25, Candle 3848 | Date: 2025-06-25 | Close: 47.6222
2025-06-25, Candle 3849 | Date: 2025-06-25 | Close: 47.6594
2025-06-25, Candle 3850 | Date: 2025-06-25 | Close: 47.5333
2025-06-25, Candle 3851 | Date: 2025-06-25 | Close: 47.64
2025-06-25, Candle 3852 | Date: 2025-06-25 | Close: 47.5994
2025-06-25, Candle 3853 | Date: 2025-06-25 | Close: 47.59
2025-06-25, Candle 3854 | Date: 2025-06-25 | Close: 47.5901
2025-06-25, Candle 3855 | Date: 2025-06-25 | Close: 47.64
2025-06-25, Candle 3856 | Date: 2025-06-25 | Close: 47.74
2025-06-25, Candle 3857 | Date: 2025-06-25 | Close: 47.75
2025-06-25, Candle 3858 | Date: 2025-06-25 | Close: 47.79
2025-06-25, Candle 3859 | Date: 2025-06-25 | Close: 47.815
2025-06-25, Candle 3860 | Date: 2025-06-25 | Close: 47.8226
2025-06-25, Candle 3861 | Date: 2025-06-25 | Close: 47.73
2025-06-25, Candle 3862 | Date: 2025-06-25 | Close: 47.71
2025-06-25, Candle 3863 | Date: 2025-06-25 | Close: 47.73
2025-06-25, Candle 3864 | Date: 2025-06-25 | Close: 47.78
2025-06-25, Candle 3865 | Date: 2025-06-25 | Close: 47.71
2025-06-25, Candle 3866 | Date: 2025-06-25 | Close: 47.77
2025-06-26, Candle 3867 | Date: 2025-06-26 | Close: 47.4873
2025-06-26, Candle 3868 | Date: 2025-06-26 | Close: 47.49
2025-06-26, Candle 3869 | Date: 2025-06-26 | Close: 47.54
2025-06-26, Candle 3870 | Date: 2025-06-26 | Close: 47.4304
2025-06-26, Candle 3871 | Date: 2025-06-26 | Close: 47.3746
2025-06-26, Candle 3872 | Date: 2025-06-26 | Close: 47.386
2025-06-26, Candle 3873 | Date: 2025-06-26 | Close: 47.47
2025-06-26, Candle 3874 | Date: 2025-06-26 | Close: 47.4798
2025-06-26, Candle 3875 | Date: 2025-06-26 | Close: 47.45
2025-06-26, Candle 3876 | Date: 2025-06-26 | Close: 47.45
2025-06-26, Candle 3877 | Date: 2025-06-26 | Close: 47.41
2025-06-26, Candle 3878 | Date: 2025-06-26 | Close: 47.54
2025-06-26, Candle 3879 | Date: 2025-06-26 | Close: 47.7069
2025-06-26, Candle 3880 | Date: 2025-06-26 | Close: 47.685
2025-06-26, Candle 3881 | Date: 2025-06-26 | Close: 47.735
2025-06-26, Candle 3882 | Date: 2025-06-26 | Close: 47.72
2025-06-26, Candle 3883 | Date: 2025-06-26 | Close: 47.6592
2025-06-26, Candle 3884 | Date: 2025-06-26 | Close: 47.6155
2025-06-26, Candle 3885 | Date: 2025-06-26 | Close: 47.625
2025-06-26, Candle 3886 | Date: 2025-06-26 | Close: 47.6
2025-06-26, Candle 3887 | Date: 2025-06-26 | Close: 47.55
2025-06-26, Candle 3888 | Date: 2025-06-26 | Close: 47.5902
2025-06-26, Candle 3889 | Date: 2025-06-26 | Close: 47.589
2025-06-26, Candle 3890 | Date: 2025-06-26 | Close: 47.4134
2025-06-26, Candle 3891 | Date: 2025-06-26 | Close: 47.31
2025-06-26, Candle 3892 | Date: 2025-06-26 | Close: 47.38
2025-06-26, Candle 3893 | Date: 2025-06-26 | Close: 47.45
2025-06-26, Candle 3894 | Date: 2025-06-26 | Close: 47.4398
2025-06-26, Candle 3895 | Date: 2025-06-26 | Close: 47.5254
2025-06-26, Candle 3896 | Date: 2025-06-26 | Close: 47.57
2025-06-26, Candle 3897 | Date: 2025-06-26 | Close: 47.6
2025-06-26, Candle 3898 | Date: 2025-06-26 | Close: 47.535
2025-06-26, Candle 3899 | Date: 2025-06-26 | Close: 47.51
2025-06-26, Candle 3900 | Date: 2025-06-26 | Close: 47.473
2025-06-26, Candle 3901 | Date: 2025-06-26 | Close: 47.5
2025-06-26, Candle 3902 | Date: 2025-06-26 | Close: 47.52
2025-06-26, Candle 3903 | Date: 2025-06-26 | Close: 47.55
2025-06-26, Candle 3904 | Date: 2025-06-26 | Close: 47.48
2025-06-26, Candle 3905 | Date: 2025-06-26 | Close: 47.53
2025-06-26, Candle 3906 | Date: 2025-06-26 | Close: 47.48
2025-06-26, Candle 3907 | Date: 2025-06-26 | Close: 47.4704
2025-06-26, Candle 3908 | Date: 2025-06-26 | Close: 47.5
2025-06-26, Candle 3909 | Date: 2025-06-26 | Close: 47.6
2025-06-26, Candle 3910 | Date: 2025-06-26 | Close: 47.59
2025-06-26, Candle 3911 | Date: 2025-06-26 | Close: 47.5141
2025-06-26, Candle 3912 | Date: 2025-06-26 | Close: 47.55
2025-06-26, Candle 3913 | Date: 2025-06-26 | Close: 47.5601
2025-06-26, Candle 3914 | Date: 2025-06-26 | Close: 47.5933
2025-06-26, Candle 3915 | Date: 2025-06-26 | Close: 47.54
2025-06-26, Candle 3916 | Date: 2025-06-26 | Close: 47.545
2025-06-26, Candle 3917 | Date: 2025-06-26 | Close: 47.565
2025-06-26, Candle 3918 | Date: 2025-06-26 | Close: 47.57
2025-06-26, Candle 3919 | Date: 2025-06-26 | Close: 47.58
2025-06-26, Candle 3920 | Date: 2025-06-26 | Close: 47.5199
2025-06-26, Candle 3921 | Date: 2025-06-26 | Close: 47.55
2025-06-26, Candle 3922 | Date: 2025-06-26 | Close: 47.62
2025-06-26, Candle 3923 | Date: 2025-06-26 | Close: 47.6893
2025-06-26, Candle 3924 | Date: 2025-06-26 | Close: 47.6395
2025-06-26, Candle 3925 | Date: 2025-06-26 | Close: 47.59
2025-06-26, Candle 3926 | Date: 2025-06-26 | Close: 47.56
2025-06-26, Candle 3927 | Date: 2025-06-26 | Close: 47.55
2025-06-26, Candle 3928 | Date: 2025-06-26 | Close: 47.52
2025-06-26, Candle 3929 | Date: 2025-06-26 | Close: 47.57
2025-06-26, Candle 3930 | Date: 2025-06-26 | Close: 47.5564
2025-06-26, Candle 3931 | Date: 2025-06-26 | Close: 47.58
2025-06-26, Candle 3932 | Date: 2025-06-26 | Close: 47.6
2025-06-26, Candle 3933 | Date: 2025-06-26 | Close: 47.64
2025-06-26, Candle 3934 | Date: 2025-06-26 | Close: 47.61
2025-06-26, Candle 3935 | Date: 2025-06-26 | Close: 47.59
2025-06-26, Candle 3936 | Date: 2025-06-26 | Close: 47.655
2025-06-26, Candle 3937 | Date: 2025-06-26 | Close: 47.67
2025-06-26, Candle 3938 | Date: 2025-06-26 | Close: 47.6367
2025-06-26, Candle 3939 | Date: 2025-06-26 | Close: 47.6801
2025-06-26, Candle 3940 | Date: 2025-06-26 | Close: 47.7
2025-06-26, Candle 3941 | Date: 2025-06-26 | Close: 47.7
2025-06-26, the Volume is True | the RSI is 74.08397967370861 Trend is True Nearliquidity True
2025-06-26, Candle 3942 | Date: 2025-06-26 | Close: 47.7001
2025-06-26, Candle 3943 | Date: 2025-06-26 | Close: 47.68
2025-06-26, Candle 3944 | Date: 2025-06-26 | Close: 47.655
2025-06-27, Candle 3945 | Date: 2025-06-27 | Close: 47.38
2025-06-27, Candle 3946 | Date: 2025-06-27 | Close: 47.42
2025-06-27, Candle 3947 | Date: 2025-06-27 | Close: 47.4
2025-06-27, Candle 3948 | Date: 2025-06-27 | Close: 47.22
2025-06-27, Candle 3949 | Date: 2025-06-27 | Close: 47.27
2025-06-27, Candle 3950 | Date: 2025-06-27 | Close: 47.35
2025-06-27, Candle 3951 | Date: 2025-06-27 | Close: 47.5
2025-06-27, Candle 3952 | Date: 2025-06-27 | Close: 47.41
2025-06-27, Candle 3953 | Date: 2025-06-27 | Close: 47.34
2025-06-27, Candle 3954 | Date: 2025-06-27 | Close: 47.26
2025-06-27, Candle 3955 | Date: 2025-06-27 | Close: 47.219
2025-06-27, Candle 3956 | Date: 2025-06-27 | Close: 47.2
2025-06-27, Candle 3957 | Date: 2025-06-27 | Close: 47.2467
2025-06-27, Candle 3958 | Date: 2025-06-27 | Close: 47.2
2025-06-27, Candle 3959 | Date: 2025-06-27 | Close: 47.25
2025-06-27, Candle 3960 | Date: 2025-06-27 | Close: 47.275
2025-06-27, Candle 3961 | Date: 2025-06-27 | Close: 47.255
2025-06-27, Candle 3962 | Date: 2025-06-27 | Close: 47.26
2025-06-27, Candle 3963 | Date: 2025-06-27 | Close: 47.23
2025-06-27, Candle 3964 | Date: 2025-06-27 | Close: 47.24
2025-06-27, Candle 3965 | Date: 2025-06-27 | Close: 47.25
2025-06-27, Candle 3966 | Date: 2025-06-27 | Close: 47.25
2025-06-27, Candle 3967 | Date: 2025-06-27 | Close: 47.29
2025-06-27, Candle 3968 | Date: 2025-06-27 | Close: 47.35
2025-06-27, the Volume is True | the RSI is 71.94471387003001 Trend is True Nearliquidity True
2025-06-27, Candle 3969 | Date: 2025-06-27 | Close: 47.4
2025-06-27, the Volume is True | the RSI is 79.13249892101948 Trend is True Nearliquidity True
2025-06-27, Candle 3970 | Date: 2025-06-27 | Close: 47.47
2025-06-27, the Volume is True | the RSI is 80.53150795248749 Trend is True Nearliquidity True
2025-06-27, Candle 3971 | Date: 2025-06-27 | Close: 47.55
2025-06-27, the Volume is True | the RSI is 81.63265306122479 Trend is True Nearliquidity True
2025-06-27, Candle 3972 | Date: 2025-06-27 | Close: 47.51
2025-06-27, the Volume is True | the RSI is 83.63636363636401 Trend is True Nearliquidity True
2025-06-27, Candle 3973 | Date: 2025-06-27 | Close: 47.62
2025-06-27, Candle 3974 | Date: 2025-06-27 | Close: 47.59
2025-06-27, Candle 3975 | Date: 2025-06-27 | Close: 47.55
2025-06-27, the Volume is True | the RSI is 77.41935483870975 Trend is True Nearliquidity True
2025-06-27, Candle 3976 | Date: 2025-06-27 | Close: 47.6
2025-06-27, the Volume is True | the RSI is 72.72727272727292 Trend is True Nearliquidity True
2025-06-27, Candle 3977 | Date: 2025-06-27 | Close: 47.53
2025-06-27, the Volume is True | the RSI is 72.91603972314178 Trend is True Nearliquidity True
2025-06-27, Candle 3978 | Date: 2025-06-27 | Close: 47.5446
2025-06-27, Candle 3979 | Date: 2025-06-27 | Close: 47.55
2025-06-27, Candle 3980 | Date: 2025-06-27 | Close: 47.56
2025-06-27, the Volume is True | the RSI is 76.31578947368419 Trend is True Nearliquidity True
2025-06-27, Candle 3981 | Date: 2025-06-27 | Close: 47.69
2025-06-27, the Volume is True | the RSI is 72.72727272727255 Trend is True Nearliquidity True
2025-06-27, Candle 3982 | Date: 2025-06-27 | Close: 47.675
2025-06-27, Candle 3983 | Date: 2025-06-27 | Close: 47.6581
2025-06-27, Candle 3984 | Date: 2025-06-27 | Close: 47.65
2025-06-27, Candle 3985 | Date: 2025-06-27 | Close: 47.65
2025-06-27, Candle 3986 | Date: 2025-06-27 | Close: 47.66
2025-06-27, Candle 3987 | Date: 2025-06-27 | Close: 47.57
2025-06-27, Candle 3988 | Date: 2025-06-27 | Close: 47.545
2025-06-27, Candle 3989 | Date: 2025-06-27 | Close: 47.54
2025-06-27, Candle 3990 | Date: 2025-06-27 | Close: 47.55
2025-06-27, Candle 3991 | Date: 2025-06-27 | Close: 47.55
2025-06-27, Candle 3992 | Date: 2025-06-27 | Close: 47.45
2025-06-27, Candle 3993 | Date: 2025-06-27 | Close: 47.45
2025-06-27, Candle 3994 | Date: 2025-06-27 | Close: 47.42
2025-06-27, Candle 3995 | Date: 2025-06-27 | Close: 47.34
2025-06-27, Candle 3996 | Date: 2025-06-27 | Close: 47.235
2025-06-27, Candle 3997 | Date: 2025-06-27 | Close: 47.34
2025-06-27, Candle 3998 | Date: 2025-06-27 | Close: 47.41
2025-06-27, Candle 3999 | Date: 2025-06-27 | Close: 47.37
2025-06-27, Candle 4000 | Date: 2025-06-27 | Close: 47.41
2025-06-27, Candle 4001 | Date: 2025-06-27 | Close: 47.3654
2025-06-27, Candle 4002 | Date: 2025-06-27 | Close: 47.3
2025-06-27, Candle 4003 | Date: 2025-06-27 | Close: 47.37
2025-06-27, Candle 4004 | Date: 2025-06-27 | Close: 47.31
2025-06-27, Candle 4005 | Date: 2025-06-27 | Close: 47.28
2025-06-27, Candle 4006 | Date: 2025-06-27 | Close: 47.205
2025-06-27, Candle 4007 | Date: 2025-06-27 | Close: 47.23
2025-06-27, Candle 4008 | Date: 2025-06-27 | Close: 47.25
2025-06-27, Candle 4009 | Date: 2025-06-27 | Close: 47.24
2025-06-27, Candle 4010 | Date: 2025-06-27 | Close: 47.3099
2025-06-27, Candle 4011 | Date: 2025-06-27 | Close: 47.31
2025-06-27, Candle 4012 | Date: 2025-06-27 | Close: 47.35
2025-06-27, Candle 4013 | Date: 2025-06-27 | Close: 47.38
2025-06-27, Candle 4014 | Date: 2025-06-27 | Close: 47.32
2025-06-27, Candle 4015 | Date: 2025-06-27 | Close: 47.35
2025-06-27, Candle 4016 | Date: 2025-06-27 | Close: 47.33
2025-06-27, Candle 4017 | Date: 2025-06-27 | Close: 47.31
2025-06-27, Candle 4018 | Date: 2025-06-27 | Close: 47.32
2025-06-27, Candle 4019 | Date: 2025-06-27 | Close: 47.3581
2025-06-27, Candle 4020 | Date: 2025-06-27 | Close: 47.385
2025-06-27, the Volume is True | the RSI is 74.11764705882393 Trend is True Nearliquidity True
2025-06-27, Candle 4021 | Date: 2025-06-27 | Close: 47.435
2025-06-27, Candle 4022 | Date: 2025-06-27 | Close: 47.32
2025-06-30, the Volume is True | the RSI is 75.97765363128462 Trend is True Nearliquidity True
2025-06-30, Candle 4023 | Date: 2025-06-30 | Close: 47.705
2025-06-30, the Volume is True | the RSI is 75.29019652913442 Trend is True Nearliquidity True
2025-06-30, Candle 4024 | Date: 2025-06-30 | Close: 47.75
2025-06-30, the Volume is True | the RSI is 70.43768147112579 Trend is True Nearliquidity True
2025-06-30, Candle 4025 | Date: 2025-06-30 | Close: 47.6901
2025-06-30, Candle 4026 | Date: 2025-06-30 | Close: 47.66
2025-06-30, Candle 4027 | Date: 2025-06-30 | Close: 47.67
2025-06-30, Candle 4028 | Date: 2025-06-30 | Close: 47.63
2025-06-30, Candle 4029 | Date: 2025-06-30 | Close: 47.6465
2025-06-30, Candle 4030 | Date: 2025-06-30 | Close: 47.47
2025-06-30, Candle 4031 | Date: 2025-06-30 | Close: 47.6608
2025-06-30, Candle 4032 | Date: 2025-06-30 | Close: 47.555
2025-06-30, Candle 4033 | Date: 2025-06-30 | Close: 47.51
2025-06-30, Candle 4034 | Date: 2025-06-30 | Close: 47.54
2025-06-30, Candle 4035 | Date: 2025-06-30 | Close: 47.51
2025-06-30, Candle 4036 | Date: 2025-06-30 | Close: 47.55
2025-06-30, Candle 4037 | Date: 2025-06-30 | Close: 47.505
2025-06-30, Candle 4038 | Date: 2025-06-30 | Close: 47.5
2025-06-30, Candle 4039 | Date: 2025-06-30 | Close: 47.3901
2025-06-30, Candle 4040 | Date: 2025-06-30 | Close: 47.31
2025-06-30, Candle 4041 | Date: 2025-06-30 | Close: 47.385
2025-06-30, Candle 4042 | Date: 2025-06-30 | Close: 47.3946
2025-06-30, Candle 4043 | Date: 2025-06-30 | Close: 47.34
2025-06-30, Candle 4044 | Date: 2025-06-30 | Close: 47.2954
2025-06-30, Candle 4045 | Date: 2025-06-30 | Close: 47.35
2025-06-30, Candle 4046 | Date: 2025-06-30 | Close: 47.45
2025-06-30, Candle 4047 | Date: 2025-06-30 | Close: 47.47
2025-06-30, Candle 4048 | Date: 2025-06-30 | Close: 47.52
2025-06-30, Candle 4049 | Date: 2025-06-30 | Close: 47.56
2025-06-30, Candle 4050 | Date: 2025-06-30 | Close: 47.7499
2025-06-30, Candle 4051 | Date: 2025-06-30 | Close: 47.62
2025-06-30, Candle 4052 | Date: 2025-06-30 | Close: 47.6877
2025-06-30, Candle 4053 | Date: 2025-06-30 | Close: 47.6501
2025-06-30, Candle 4054 | Date: 2025-06-30 | Close: 47.695
2025-06-30, Candle 4055 | Date: 2025-06-30 | Close: 47.777
2025-06-30, Candle 4056 | Date: 2025-06-30 | Close: 47.72
2025-06-30, Candle 4057 | Date: 2025-06-30 | Close: 47.57
2025-06-30, Candle 4058 | Date: 2025-06-30 | Close: 47.5558
2025-06-30, Candle 4059 | Date: 2025-06-30 | Close: 47.57
2025-06-30, Candle 4060 | Date: 2025-06-30 | Close: 47.58
2025-06-30, Candle 4061 | Date: 2025-06-30 | Close: 47.63
2025-06-30, Candle 4062 | Date: 2025-06-30 | Close: 47.665
2025-06-30, Candle 4063 | Date: 2025-06-30 | Close: 47.695
2025-06-30, Candle 4064 | Date: 2025-06-30 | Close: 47.67487
2025-06-30, Candle 4065 | Date: 2025-06-30 | Close: 47.6818
2025-06-30, Candle 4066 | Date: 2025-06-30 | Close: 47.705
2025-06-30, Candle 4067 | Date: 2025-06-30 | Close: 47.675
2025-06-30, Candle 4068 | Date: 2025-06-30 | Close: 47.7267
2025-06-30, Candle 4069 | Date: 2025-06-30 | Close: 47.7
2025-06-30, Candle 4070 | Date: 2025-06-30 | Close: 47.755
2025-06-30, the Volume is True | the RSI is 70.40504004488987 Trend is True Nearliquidity True
2025-06-30, Candle 4071 | Date: 2025-06-30 | Close: 47.73
2025-06-30, the Volume is True | the RSI is 71.16743154746514 Trend is True Nearliquidity True
2025-06-30, Candle 4072 | Date: 2025-06-30 | Close: 47.72
2025-06-30, the Volume is True | the RSI is 73.60383326252148 Trend is True Nearliquidity True
2025-06-30, Candle 4073 | Date: 2025-06-30 | Close: 47.77
2025-06-30, Candle 4074 | Date: 2025-06-30 | Close: 47.7104
2025-06-30, Candle 4075 | Date: 2025-06-30 | Close: 47.6588
2025-06-30, Candle 4076 | Date: 2025-06-30 | Close: 47.6285
2025-06-30, Candle 4077 | Date: 2025-06-30 | Close: 47.68
2025-06-30, Candle 4078 | Date: 2025-06-30 | Close: 47.639
2025-06-30, Candle 4079 | Date: 2025-06-30 | Close: 47.58
2025-06-30, Candle 4080 | Date: 2025-06-30 | Close: 47.58
2025-06-30, Candle 4081 | Date: 2025-06-30 | Close: 47.54
2025-06-30, Candle 4082 | Date: 2025-06-30 | Close: 47.5499
2025-06-30, Candle 4083 | Date: 2025-06-30 | Close: 47.48
2025-06-30, Candle 4084 | Date: 2025-06-30 | Close: 47.51
2025-06-30, Candle 4085 | Date: 2025-06-30 | Close: 47.5271
2025-06-30, Candle 4086 | Date: 2025-06-30 | Close: 47.51
2025-06-30, Candle 4087 | Date: 2025-06-30 | Close: 47.5099
2025-06-30, Candle 4088 | Date: 2025-06-30 | Close: 47.51
2025-06-30, Candle 4089 | Date: 2025-06-30 | Close: 47.5599
2025-06-30, Candle 4090 | Date: 2025-06-30 | Close: 47.55
2025-06-30, Candle 4091 | Date: 2025-06-30 | Close: 47.58
2025-06-30, Candle 4092 | Date: 2025-06-30 | Close: 47.61
2025-06-30, Candle 4093 | Date: 2025-06-30 | Close: 47.645
2025-06-30, Candle 4094 | Date: 2025-06-30 | Close: 47.63
2025-06-30, Candle 4095 | Date: 2025-06-30 | Close: 47.6403
2025-06-30, Candle 4096 | Date: 2025-06-30 | Close: 47.585
2025-06-30, Candle 4097 | Date: 2025-06-30 | Close: 47.605
2025-06-30, the Volume is True | the RSI is 70.01231527093616 Trend is True Nearliquidity True
2025-06-30, Candle 4098 | Date: 2025-06-30 | Close: 47.64
2025-06-30, Candle 4099 | Date: 2025-06-30 | Close: 47.64
2025-06-30, Candle 4100 | Date: 2025-06-30 | Close: 47.75
2025-07-01, Candle 4101 | Date: 2025-07-01 | Close: 47.29
2025-07-01, Candle 4102 | Date: 2025-07-01 | Close: 47.2
2025-07-01, Candle 4103 | Date: 2025-07-01 | Close: 47.1356
2025-07-01, Candle 4104 | Date: 2025-07-01 | Close: 47.29
2025-07-01, Candle 4105 | Date: 2025-07-01 | Close: 47.3245
2025-07-01, Candle 4106 | Date: 2025-07-01 | Close: 47.32
2025-07-01, Candle 4107 | Date: 2025-07-01 | Close: 47.37
2025-07-01, Candle 4108 | Date: 2025-07-01 | Close: 47.44
2025-07-01, Candle 4109 | Date: 2025-07-01 | Close: 47.48
2025-07-01, Candle 4110 | Date: 2025-07-01 | Close: 47.43
2025-07-01, Candle 4111 | Date: 2025-07-01 | Close: 47.34
2025-07-01, Candle 4112 | Date: 2025-07-01 | Close: 47.18
2025-07-01, Candle 4113 | Date: 2025-07-01 | Close: 47.14
2025-07-01, Candle 4114 | Date: 2025-07-01 | Close: 47.099998
2025-07-01, Candle 4115 | Date: 2025-07-01 | Close: 46.97
2025-07-01, Candle 4116 | Date: 2025-07-01 | Close: 46.86
2025-07-01, Candle 4117 | Date: 2025-07-01 | Close: 46.88
2025-07-01, Candle 4118 | Date: 2025-07-01 | Close: 46.9
2025-07-01, Candle 4119 | Date: 2025-07-01 | Close: 46.92
2025-07-01, Candle 4120 | Date: 2025-07-01 | Close: 46.85
2025-07-01, Candle 4121 | Date: 2025-07-01 | Close: 46.78
2025-07-01, Candle 4122 | Date: 2025-07-01 | Close: 46.81
2025-07-01, Candle 4123 | Date: 2025-07-01 | Close: 46.8641
2025-07-01, Candle 4124 | Date: 2025-07-01 | Close: 46.94
2025-07-01, Candle 4125 | Date: 2025-07-01 | Close: 47.029999
2025-07-01, Candle 4126 | Date: 2025-07-01 | Close: 46.94
2025-07-01, Candle 4127 | Date: 2025-07-01 | Close: 46.93
2025-07-01, Candle 4128 | Date: 2025-07-01 | Close: 46.93
2025-07-01, Candle 4129 | Date: 2025-07-01 | Close: 46.918
2025-07-01, Candle 4130 | Date: 2025-07-01 | Close: 46.92
2025-07-01, Candle 4131 | Date: 2025-07-01 | Close: 46.91
2025-07-01, Candle 4132 | Date: 2025-07-01 | Close: 46.95
2025-07-01, Candle 4133 | Date: 2025-07-01 | Close: 47.060001
2025-07-01, Candle 4134 | Date: 2025-07-01 | Close: 47.02
2025-07-01, Candle 4135 | Date: 2025-07-01 | Close: 47.0013008
2025-07-01, Candle 4136 | Date: 2025-07-01 | Close: 47.040001
2025-07-01, Candle 4137 | Date: 2025-07-01 | Close: 47.04
2025-07-01, Candle 4138 | Date: 2025-07-01 | Close: 47.013699
2025-07-01, Candle 4139 | Date: 2025-07-01 | Close: 47.0050011
2025-07-01, Candle 4140 | Date: 2025-07-01 | Close: 46.99
2025-07-01, Candle 4141 | Date: 2025-07-01 | Close: 47.0
2025-07-01, Candle 4142 | Date: 2025-07-01 | Close: 46.97
2025-07-01, Candle 4143 | Date: 2025-07-01 | Close: 46.9
2025-07-01, Candle 4144 | Date: 2025-07-01 | Close: 46.98
2025-07-01, Candle 4145 | Date: 2025-07-01 | Close: 47.014999
2025-07-01, Candle 4146 | Date: 2025-07-01 | Close: 47.0299
2025-07-01, Candle 4147 | Date: 2025-07-01 | Close: 47.065201
2025-07-01, Candle 4148 | Date: 2025-07-01 | Close: 47.040001
2025-07-01, Candle 4149 | Date: 2025-07-01 | Close: 46.99
2025-07-01, Candle 4150 | Date: 2025-07-01 | Close: 47.019402
2025-07-01, Candle 4151 | Date: 2025-07-01 | Close: 47.049999
2025-07-01, Candle 4152 | Date: 2025-07-01 | Close: 47.02
2025-07-01, Candle 4153 | Date: 2025-07-01 | Close: 47.029999
2025-07-01, Candle 4154 | Date: 2025-07-01 | Close: 47.049999
2025-07-01, Candle 4155 | Date: 2025-07-01 | Close: 47.02
2025-07-01, Candle 4156 | Date: 2025-07-01 | Close: 47.0050011
2025-07-01, Candle 4157 | Date: 2025-07-01 | Close: 46.99
2025-07-01, Candle 4158 | Date: 2025-07-01 | Close: 46.94
2025-07-01, Candle 4159 | Date: 2025-07-01 | Close: 46.9
2025-07-01, Candle 4160 | Date: 2025-07-01 | Close: 46.85
2025-07-01, Candle 4161 | Date: 2025-07-01 | Close: 46.8799
2025-07-01, Candle 4162 | Date: 2025-07-01 | Close: 46.87
2025-07-01, Candle 4163 | Date: 2025-07-01 | Close: 46.8605
2025-07-01, Candle 4164 | Date: 2025-07-01 | Close: 46.855
2025-07-01, Candle 4165 | Date: 2025-07-01 | Close: 46.84
2025-07-01, Candle 4166 | Date: 2025-07-01 | Close: 46.81
2025-07-01, Candle 4167 | Date: 2025-07-01 | Close: 46.75
2025-07-01, Candle 4168 | Date: 2025-07-01 | Close: 46.67
2025-07-01, Candle 4169 | Date: 2025-07-01 | Close: 46.76
2025-07-01, Candle 4170 | Date: 2025-07-01 | Close: 46.75
2025-07-01, Candle 4171 | Date: 2025-07-01 | Close: 46.82
2025-07-01, Candle 4172 | Date: 2025-07-01 | Close: 46.81
2025-07-01, Candle 4173 | Date: 2025-07-01 | Close: 46.76
2025-07-01, Candle 4174 | Date: 2025-07-01 | Close: 46.725
2025-07-01, Candle 4175 | Date: 2025-07-01 | Close: 46.69
2025-07-01, Candle 4176 | Date: 2025-07-01 | Close: 46.7454
2025-07-01, Candle 4177 | Date: 2025-07-01 | Close: 46.725
2025-07-01, Candle 4178 | Date: 2025-07-01 | Close: 46.67
2025-07-02, Candle 4179 | Date: 2025-07-02 | Close: 47.63
2025-07-02, Candle 4180 | Date: 2025-07-02 | Close: 47.6866
2025-07-02, Candle 4181 | Date: 2025-07-02 | Close: 47.76
2025-07-02, Candle 4182 | Date: 2025-07-02 | Close: 47.83
2025-07-02, Candle 4183 | Date: 2025-07-02 | Close: 47.74
2025-07-02, Candle 4184 | Date: 2025-07-02 | Close: 47.77
2025-07-02, Candle 4185 | Date: 2025-07-02 | Close: 47.79
2025-07-02, Candle 4186 | Date: 2025-07-02 | Close: 47.81
2025-07-02, Candle 4187 | Date: 2025-07-02 | Close: 47.8786
2025-07-02, Candle 4188 | Date: 2025-07-02 | Close: 47.77
2025-07-02, Candle 4189 | Date: 2025-07-02 | Close: 47.81
2025-07-02, Candle 4190 | Date: 2025-07-02 | Close: 47.82
2025-07-02, Candle 4191 | Date: 2025-07-02 | Close: 47.795
2025-07-02, Candle 4192 | Date: 2025-07-02 | Close: 47.85
2025-07-02, Candle 4193 | Date: 2025-07-02 | Close: 47.78
2025-07-02, Candle 4194 | Date: 2025-07-02 | Close: 47.905
2025-07-02, Candle 4195 | Date: 2025-07-02 | Close: 47.88
2025-07-02, Candle 4196 | Date: 2025-07-02 | Close: 47.95
2025-07-02, Candle 4197 | Date: 2025-07-02 | Close: 48.02
2025-07-02, Candle 4198 | Date: 2025-07-02 | Close: 47.995
2025-07-02, Candle 4199 | Date: 2025-07-02 | Close: 48.040001
2025-07-02, Candle 4200 | Date: 2025-07-02 | Close: 48.09
2025-07-02, Candle 4201 | Date: 2025-07-02 | Close: 48.099998
2025-07-02, Candle 4202 | Date: 2025-07-02 | Close: 48.0099983
2025-07-02, Candle 4203 | Date: 2025-07-02 | Close: 48.039902
2025-07-02, Candle 4204 | Date: 2025-07-02 | Close: 48.07
2025-07-02, Candle 4205 | Date: 2025-07-02 | Close: 48.09
2025-07-02, Candle 4206 | Date: 2025-07-02 | Close: 48.09
2025-07-02, Candle 4207 | Date: 2025-07-02 | Close: 48.14
2025-07-02, Candle 4208 | Date: 2025-07-02 | Close: 48.22
2025-07-02, the Volume is True | the RSI is 82.30772213020434 Trend is True Nearliquidity True
2025-07-02, Candle 4209 | Date: 2025-07-02 | Close: 48.3
2025-07-02, the Volume is True | the RSI is 86.78163456204636 Trend is True Nearliquidity True
2025-07-02, Candle 4210 | Date: 2025-07-02 | Close: 48.59
2025-07-02, the Volume is True | the RSI is 80.11698019904941 Trend is True Nearliquidity True
2025-07-02, Candle 4211 | Date: 2025-07-02 | Close: 48.535
2025-07-02, the Volume is True | the RSI is 83.49649453436861 Trend is True Nearliquidity True
2025-07-02, Candle 4212 | Date: 2025-07-02 | Close: 48.5836
2025-07-02, Candle 4213 | Date: 2025-07-02 | Close: 48.48
2025-07-02, Candle 4214 | Date: 2025-07-02 | Close: 48.43
2025-07-02, Candle 4215 | Date: 2025-07-02 | Close: 48.475
2025-07-02, the Volume is True | the RSI is 78.6533322649764 Trend is True Nearliquidity True
2025-07-02, Candle 4216 | Date: 2025-07-02 | Close: 48.57
2025-07-02, Candle 4217 | Date: 2025-07-02 | Close: 48.58
2025-07-02, Candle 4218 | Date: 2025-07-02 | Close: 48.619
2025-07-02, Candle 4219 | Date: 2025-07-02 | Close: 48.55
2025-07-02, Candle 4220 | Date: 2025-07-02 | Close: 48.55
2025-07-02, the Volume is True | the RSI is 71.82298010556201 Trend is True Nearliquidity True
2025-07-02, Candle 4221 | Date: 2025-07-02 | Close: 48.57
2025-07-02, Candle 4222 | Date: 2025-07-02 | Close: 48.53
2025-07-02, Candle 4223 | Date: 2025-07-02 | Close: 48.55
2025-07-02, Candle 4224 | Date: 2025-07-02 | Close: 48.5706
2025-07-02, Candle 4225 | Date: 2025-07-02 | Close: 48.63
2025-07-02, Candle 4226 | Date: 2025-07-02 | Close: 48.53
2025-07-02, Candle 4227 | Date: 2025-07-02 | Close: 48.5
2025-07-02, Candle 4228 | Date: 2025-07-02 | Close: 48.3401
2025-07-02, Candle 4229 | Date: 2025-07-02 | Close: 48.41
2025-07-02, Candle 4230 | Date: 2025-07-02 | Close: 48.305
2025-07-02, Candle 4231 | Date: 2025-07-02 | Close: 48.42
2025-07-02, Candle 4232 | Date: 2025-07-02 | Close: 48.4101
2025-07-02, Candle 4233 | Date: 2025-07-02 | Close: 48.45
2025-07-02, Candle 4234 | Date: 2025-07-02 | Close: 48.39
2025-07-02, Candle 4235 | Date: 2025-07-02 | Close: 48.41
2025-07-02, Candle 4236 | Date: 2025-07-02 | Close: 48.45
2025-07-02, Candle 4237 | Date: 2025-07-02 | Close: 48.47
2025-07-02, Candle 4238 | Date: 2025-07-02 | Close: 48.52
2025-07-02, Candle 4239 | Date: 2025-07-02 | Close: 48.505
2025-07-02, Candle 4240 | Date: 2025-07-02 | Close: 48.5052
2025-07-02, Candle 4241 | Date: 2025-07-02 | Close: 48.52
2025-07-02, Candle 4242 | Date: 2025-07-02 | Close: 48.52
2025-07-02, Candle 4243 | Date: 2025-07-02 | Close: 48.56
2025-07-02, Candle 4244 | Date: 2025-07-02 | Close: 48.5933
2025-07-02, Candle 4245 | Date: 2025-07-02 | Close: 48.56
2025-07-02, Candle 4246 | Date: 2025-07-02 | Close: 48.49
2025-07-02, Candle 4247 | Date: 2025-07-02 | Close: 48.49
2025-07-02, Candle 4248 | Date: 2025-07-02 | Close: 48.52
2025-07-02, Candle 4249 | Date: 2025-07-02 | Close: 48.54
2025-07-02, Candle 4250 | Date: 2025-07-02 | Close: 48.59
2025-07-02, Candle 4251 | Date: 2025-07-02 | Close: 48.53
2025-07-02, Candle 4252 | Date: 2025-07-02 | Close: 48.54
2025-07-02, Candle 4253 | Date: 2025-07-02 | Close: 48.54
2025-07-02, Candle 4254 | Date: 2025-07-02 | Close: 48.4799
2025-07-02, Candle 4255 | Date: 2025-07-02 | Close: 48.58
2025-07-02, Candle 4256 | Date: 2025-07-02 | Close: 48.65
2025-07-03, Candle 4257 | Date: 2025-07-03 | Close: 48.73
2025-07-03, Candle 4258 | Date: 2025-07-03 | Close: 48.85
2025-07-03, Candle 4259 | Date: 2025-07-03 | Close: 48.78
2025-07-03, Candle 4260 | Date: 2025-07-03 | Close: 48.98
2025-07-03, Candle 4261 | Date: 2025-07-03 | Close: 48.95
2025-07-03, Candle 4262 | Date: 2025-07-03 | Close: 48.92
2025-07-03, Candle 4263 | Date: 2025-07-03 | Close: 49.02
2025-07-03, Candle 4264 | Date: 2025-07-03 | Close: 48.89
2025-07-03, Candle 4265 | Date: 2025-07-03 | Close: 48.8
2025-07-03, Candle 4266 | Date: 2025-07-03 | Close: 48.9
2025-07-03, Candle 4267 | Date: 2025-07-03 | Close: 48.94
2025-07-03, Candle 4268 | Date: 2025-07-03 | Close: 48.81
2025-07-03, Candle 4269 | Date: 2025-07-03 | Close: 48.74
2025-07-03, Candle 4270 | Date: 2025-07-03 | Close: 48.75
2025-07-03, Candle 4271 | Date: 2025-07-03 | Close: 48.75
2025-07-03, Candle 4272 | Date: 2025-07-03 | Close: 48.7
2025-07-03, Candle 4273 | Date: 2025-07-03 | Close: 48.62
2025-07-03, Candle 4274 | Date: 2025-07-03 | Close: 48.66
2025-07-03, Candle 4275 | Date: 2025-07-03 | Close: 48.57
2025-07-03, Candle 4276 | Date: 2025-07-03 | Close: 48.52
2025-07-03, Candle 4277 | Date: 2025-07-03 | Close: 48.57
2025-07-03, Candle 4278 | Date: 2025-07-03 | Close: 48.57
2025-07-03, Candle 4279 | Date: 2025-07-03 | Close: 48.58
2025-07-03, Candle 4280 | Date: 2025-07-03 | Close: 48.62
2025-07-03, Candle 4281 | Date: 2025-07-03 | Close: 48.49
2025-07-03, Candle 4282 | Date: 2025-07-03 | Close: 48.52
2025-07-03, Candle 4283 | Date: 2025-07-03 | Close: 48.49
2025-07-03, Candle 4284 | Date: 2025-07-03 | Close: 48.47
2025-07-03, Candle 4285 | Date: 2025-07-03 | Close: 48.46
2025-07-03, Candle 4286 | Date: 2025-07-03 | Close: 48.41
2025-07-03, Candle 4287 | Date: 2025-07-03 | Close: 48.39
2025-07-03, Candle 4288 | Date: 2025-07-03 | Close: 48.39
2025-07-03, Candle 4289 | Date: 2025-07-03 | Close: 48.49
2025-07-03, Candle 4290 | Date: 2025-07-03 | Close: 48.42
2025-07-03, Candle 4291 | Date: 2025-07-03 | Close: 48.43
2025-07-03, Candle 4292 | Date: 2025-07-03 | Close: 48.42
2025-07-03, Candle 4293 | Date: 2025-07-03 | Close: 48.44
2025-07-03, Candle 4294 | Date: 2025-07-03 | Close: 48.49
2025-07-03, Candle 4295 | Date: 2025-07-03 | Close: 48.54
2025-07-03, Candle 4296 | Date: 2025-07-03 | Close: 48.63
2025-07-03, Candle 4297 | Date: 2025-07-03 | Close: 48.435
2025-07-03, Candle 4298 | Date: 2025-07-03 | Close: 48.47
2025-07-07, Candle 4299 | Date: 2025-07-07 | Close: 47.93
2025-07-07, Candle 4300 | Date: 2025-07-07 | Close: 47.93
2025-07-07, Candle 4301 | Date: 2025-07-07 | Close: 47.9198
2025-07-07, Candle 4302 | Date: 2025-07-07 | Close: 47.93
2025-07-07, Candle 4303 | Date: 2025-07-07 | Close: 47.9801
2025-07-07, Candle 4304 | Date: 2025-07-07 | Close: 48.099998
2025-07-07, Candle 4305 | Date: 2025-07-07 | Close: 48.128
2025-07-07, Candle 4306 | Date: 2025-07-07 | Close: 48.09
2025-07-07, Candle 4307 | Date: 2025-07-07 | Close: 47.92
2025-07-07, Candle 4308 | Date: 2025-07-07 | Close: 47.945
2025-07-07, Candle 4309 | Date: 2025-07-07 | Close: 47.97
2025-07-07, Candle 4310 | Date: 2025-07-07 | Close: 47.93
2025-07-07, Candle 4311 | Date: 2025-07-07 | Close: 47.87
2025-07-07, Candle 4312 | Date: 2025-07-07 | Close: 47.87
2025-07-07, Candle 4313 | Date: 2025-07-07 | Close: 47.94
2025-07-07, Candle 4314 | Date: 2025-07-07 | Close: 47.97
2025-07-07, Candle 4315 | Date: 2025-07-07 | Close: 47.9503
2025-07-07, Candle 4316 | Date: 2025-07-07 | Close: 47.94
2025-07-07, Candle 4317 | Date: 2025-07-07 | Close: 47.97
2025-07-07, Candle 4318 | Date: 2025-07-07 | Close: 48.0112
2025-07-07, Candle 4319 | Date: 2025-07-07 | Close: 48.060001
2025-07-07, Candle 4320 | Date: 2025-07-07 | Close: 48.025002
2025-07-07, Candle 4321 | Date: 2025-07-07 | Close: 48.040001
2025-07-07, Candle 4322 | Date: 2025-07-07 | Close: 48.11
2025-07-07, Candle 4323 | Date: 2025-07-07 | Close: 48.105
2025-07-07, Candle 4324 | Date: 2025-07-07 | Close: 48.11
2025-07-07, Candle 4325 | Date: 2025-07-07 | Close: 48.077
2025-07-07, Candle 4326 | Date: 2025-07-07 | Close: 48.055
2025-07-07, Candle 4327 | Date: 2025-07-07 | Close: 48.029999
2025-07-07, Candle 4328 | Date: 2025-07-07 | Close: 48.0
2025-07-07, Candle 4329 | Date: 2025-07-07 | Close: 48.0099983
2025-07-07, Candle 4330 | Date: 2025-07-07 | Close: 48.049999
2025-07-07, Candle 4331 | Date: 2025-07-07 | Close: 48.02
2025-07-07, Candle 4332 | Date: 2025-07-07 | Close: 47.95
2025-07-07, Candle 4333 | Date: 2025-07-07 | Close: 47.9499
2025-07-07, Candle 4334 | Date: 2025-07-07 | Close: 47.94
2025-07-07, Candle 4335 | Date: 2025-07-07 | Close: 48.0099983
2025-07-07, Candle 4336 | Date: 2025-07-07 | Close: 47.9401
2025-07-07, Candle 4337 | Date: 2025-07-07 | Close: 47.96
2025-07-07, Candle 4338 | Date: 2025-07-07 | Close: 47.88
2025-07-07, Candle 4339 | Date: 2025-07-07 | Close: 47.86
2025-07-07, Candle 4340 | Date: 2025-07-07 | Close: 47.83
2025-07-07, Candle 4341 | Date: 2025-07-07 | Close: 47.7808
2025-07-07, Candle 4342 | Date: 2025-07-07 | Close: 47.815
2025-07-07, Candle 4343 | Date: 2025-07-07 | Close: 47.8684
2025-07-07, Candle 4344 | Date: 2025-07-07 | Close: 47.865
2025-07-07, Candle 4345 | Date: 2025-07-07 | Close: 47.87
2025-07-07, Candle 4346 | Date: 2025-07-07 | Close: 47.9045
2025-07-07, Candle 4347 | Date: 2025-07-07 | Close: 47.95
2025-07-07, Candle 4348 | Date: 2025-07-07 | Close: 47.86
2025-07-07, Candle 4349 | Date: 2025-07-07 | Close: 47.835
2025-07-07, Candle 4350 | Date: 2025-07-07 | Close: 47.865
2025-07-07, Candle 4351 | Date: 2025-07-07 | Close: 47.8
2025-07-07, Candle 4352 | Date: 2025-07-07 | Close: 47.81
2025-07-07, Candle 4353 | Date: 2025-07-07 | Close: 47.84
2025-07-07, Candle 4354 | Date: 2025-07-07 | Close: 47.875
2025-07-07, Candle 4355 | Date: 2025-07-07 | Close: 47.86
2025-07-07, Candle 4356 | Date: 2025-07-07 | Close: 47.77
2025-07-07, Candle 4357 | Date: 2025-07-07 | Close: 47.765
2025-07-07, Candle 4358 | Date: 2025-07-07 | Close: 47.63
2025-07-07, Candle 4359 | Date: 2025-07-07 | Close: 47.625
2025-07-07, Candle 4360 | Date: 2025-07-07 | Close: 47.695
2025-07-07, Candle 4361 | Date: 2025-07-07 | Close: 47.75
2025-07-07, Candle 4362 | Date: 2025-07-07 | Close: 47.76
2025-07-07, Candle 4363 | Date: 2025-07-07 | Close: 47.805
2025-07-07, Candle 4364 | Date: 2025-07-07 | Close: 47.8499
2025-07-07, Candle 4365 | Date: 2025-07-07 | Close: 47.92
2025-07-07, Candle 4366 | Date: 2025-07-07 | Close: 47.87
2025-07-07, Candle 4367 | Date: 2025-07-07 | Close: 47.935
2025-07-07, Candle 4368 | Date: 2025-07-07 | Close: 47.985
2025-07-07, Candle 4369 | Date: 2025-07-07 | Close: 47.975
2025-07-07, Candle 4370 | Date: 2025-07-07 | Close: 47.94
2025-07-07, Candle 4371 | Date: 2025-07-07 | Close: 47.93
2025-07-07, Candle 4372 | Date: 2025-07-07 | Close: 47.955
2025-07-07, Candle 4373 | Date: 2025-07-07 | Close: 47.9
2025-07-07, Candle 4374 | Date: 2025-07-07 | Close: 47.86
2025-07-07, Candle 4375 | Date: 2025-07-07 | Close: 47.8999
2025-07-07, Candle 4376 | Date: 2025-07-07 | Close: 47.88
2025-07-08, Candle 4377 | Date: 2025-07-08 | Close: 48.19
2025-07-08, Candle 4378 | Date: 2025-07-08 | Close: 48.13
2025-07-08, Candle 4379 | Date: 2025-07-08 | Close: 48.3351
2025-07-08, Candle 4380 | Date: 2025-07-08 | Close: 48.33
2025-07-08, Candle 4381 | Date: 2025-07-08 | Close: 48.28
2025-07-08, Candle 4382 | Date: 2025-07-08 | Close: 48.3281
2025-07-08, Candle 4383 | Date: 2025-07-08 | Close: 48.259
2025-07-08, Candle 4384 | Date: 2025-07-08 | Close: 48.1793
2025-07-08, Candle 4385 | Date: 2025-07-08 | Close: 48.1351
2025-07-08, Candle 4386 | Date: 2025-07-08 | Close: 48.1067
2025-07-08, Candle 4387 | Date: 2025-07-08 | Close: 48.029999
2025-07-08, Candle 4388 | Date: 2025-07-08 | Close: 48.060101
2025-07-08, Candle 4389 | Date: 2025-07-08 | Close: 48.159
2025-07-08, Candle 4390 | Date: 2025-07-08 | Close: 48.215
2025-07-08, Candle 4391 | Date: 2025-07-08 | Close: 48.1907
2025-07-08, Candle 4392 | Date: 2025-07-08 | Close: 48.159
2025-07-08, Candle 4393 | Date: 2025-07-08 | Close: 48.014801
2025-07-08, Candle 4394 | Date: 2025-07-08 | Close: 48.02
2025-07-08, Candle 4395 | Date: 2025-07-08 | Close: 48.03
2025-07-08, Candle 4396 | Date: 2025-07-08 | Close: 48.05
2025-07-08, Candle 4397 | Date: 2025-07-08 | Close: 48.033501
2025-07-08, Candle 4398 | Date: 2025-07-08 | Close: 48.0439
2025-07-08, Candle 4399 | Date: 2025-07-08 | Close: 48.0
2025-07-08, Candle 4400 | Date: 2025-07-08 | Close: 47.9711
2025-07-08, Candle 4401 | Date: 2025-07-08 | Close: 48.0050011
2025-07-08, Candle 4402 | Date: 2025-07-08 | Close: 47.98
2025-07-08, Candle 4403 | Date: 2025-07-08 | Close: 48.0098991
2025-07-08, Candle 4404 | Date: 2025-07-08 | Close: 48.0
2025-07-08, Candle 4405 | Date: 2025-07-08 | Close: 47.9653
2025-07-08, Candle 4406 | Date: 2025-07-08 | Close: 47.96
2025-07-08, Candle 4407 | Date: 2025-07-08 | Close: 47.995
2025-07-08, Candle 4408 | Date: 2025-07-08 | Close: 47.925
2025-07-08, Candle 4409 | Date: 2025-07-08 | Close: 47.9055
2025-07-08, Candle 4410 | Date: 2025-07-08 | Close: 47.91
2025-07-08, Candle 4411 | Date: 2025-07-08 | Close: 48.0050011
2025-07-08, Candle 4412 | Date: 2025-07-08 | Close: 48.060001
2025-07-08, Candle 4413 | Date: 2025-07-08 | Close: 48.01
2025-07-08, Candle 4414 | Date: 2025-07-08 | Close: 48.0099983
2025-07-08, Candle 4415 | Date: 2025-07-08 | Close: 48.02
2025-07-08, Candle 4416 | Date: 2025-07-08 | Close: 48.0099983
2025-07-08, Candle 4417 | Date: 2025-07-08 | Close: 48.02
2025-07-08, Candle 4418 | Date: 2025-07-08 | Close: 48.049999
2025-07-08, Candle 4419 | Date: 2025-07-08 | Close: 48.13
2025-07-08, Candle 4420 | Date: 2025-07-08 | Close: 48.2
2025-07-08, Candle 4421 | Date: 2025-07-08 | Close: 48.21
2025-07-08, Candle 4422 | Date: 2025-07-08 | Close: 48.19
2025-07-08, Candle 4423 | Date: 2025-07-08 | Close: 48.31
2025-07-08, Candle 4424 | Date: 2025-07-08 | Close: 48.24
2025-07-08, Candle 4425 | Date: 2025-07-08 | Close: 48.195
2025-07-08, Candle 4426 | Date: 2025-07-08 | Close: 48.1901
2025-07-08, Candle 4427 | Date: 2025-07-08 | Close: 48.19
2025-07-08, Candle 4428 | Date: 2025-07-08 | Close: 48.2647
2025-07-08, Candle 4429 | Date: 2025-07-08 | Close: 48.3466
2025-07-08, Candle 4430 | Date: 2025-07-08 | Close: 48.3
2025-07-08, Candle 4431 | Date: 2025-07-08 | Close: 48.295
2025-07-08, Candle 4432 | Date: 2025-07-08 | Close: 48.32
2025-07-08, Candle 4433 | Date: 2025-07-08 | Close: 48.35
2025-07-08, Candle 4434 | Date: 2025-07-08 | Close: 48.36
2025-07-08, Candle 4435 | Date: 2025-07-08 | Close: 48.33
2025-07-08, Candle 4436 | Date: 2025-07-08 | Close: 48.3349
2025-07-08, Candle 4437 | Date: 2025-07-08 | Close: 48.33
2025-07-08, Candle 4438 | Date: 2025-07-08 | Close: 48.32
2025-07-08, Candle 4439 | Date: 2025-07-08 | Close: 48.32
2025-07-08, Candle 4440 | Date: 2025-07-08 | Close: 48.31
2025-07-08, Candle 4441 | Date: 2025-07-08 | Close: 48.37
2025-07-08, Candle 4442 | Date: 2025-07-08 | Close: 48.395
2025-07-08, Candle 4443 | Date: 2025-07-08 | Close: 48.37
2025-07-08, Candle 4444 | Date: 2025-07-08 | Close: 48.305
2025-07-08, Candle 4445 | Date: 2025-07-08 | Close: 48.3
2025-07-08, Candle 4446 | Date: 2025-07-08 | Close: 48.34
2025-07-08, Candle 4447 | Date: 2025-07-08 | Close: 48.32
2025-07-08, Candle 4448 | Date: 2025-07-08 | Close: 48.293
2025-07-08, Candle 4449 | Date: 2025-07-08 | Close: 48.2315
2025-07-08, Candle 4450 | Date: 2025-07-08 | Close: 48.21
2025-07-08, Candle 4451 | Date: 2025-07-08 | Close: 48.2
2025-07-08, Candle 4452 | Date: 2025-07-08 | Close: 48.24
2025-07-08, Candle 4453 | Date: 2025-07-08 | Close: 48.21
2025-07-08, Candle 4454 | Date: 2025-07-08 | Close: 48.212
2025-07-09, Candle 4455 | Date: 2025-07-09 | Close: 48.52
2025-07-09, Candle 4456 | Date: 2025-07-09 | Close: 48.5101
2025-07-09, Candle 4457 | Date: 2025-07-09 | Close: 48.4651
2025-07-09, Candle 4458 | Date: 2025-07-09 | Close: 48.55
2025-07-09, Candle 4459 | Date: 2025-07-09 | Close: 48.45
2025-07-09, Candle 4460 | Date: 2025-07-09 | Close: 48.3804
2025-07-09, Candle 4461 | Date: 2025-07-09 | Close: 48.38
2025-07-09, Candle 4462 | Date: 2025-07-09 | Close: 48.4001
2025-07-09, Candle 4463 | Date: 2025-07-09 | Close: 48.43
2025-07-09, Candle 4464 | Date: 2025-07-09 | Close: 48.47
2025-07-09, Candle 4465 | Date: 2025-07-09 | Close: 48.49
2025-07-09, Candle 4466 | Date: 2025-07-09 | Close: 48.275
2025-07-09, Candle 4467 | Date: 2025-07-09 | Close: 48.22
2025-07-09, Candle 4468 | Date: 2025-07-09 | Close: 48.1076
2025-07-09, Candle 4469 | Date: 2025-07-09 | Close: 48.135
2025-07-09, Candle 4470 | Date: 2025-07-09 | Close: 48.12
2025-07-09, Candle 4471 | Date: 2025-07-09 | Close: 48.2099
2025-07-09, Candle 4472 | Date: 2025-07-09 | Close: 48.2497
2025-07-09, Candle 4473 | Date: 2025-07-09 | Close: 48.3899
2025-07-09, Candle 4474 | Date: 2025-07-09 | Close: 48.32
2025-07-09, Candle 4475 | Date: 2025-07-09 | Close: 48.23
2025-07-09, Candle 4476 | Date: 2025-07-09 | Close: 48.275
2025-07-09, Candle 4477 | Date: 2025-07-09 | Close: 48.2997
2025-07-09, Candle 4478 | Date: 2025-07-09 | Close: 48.29
2025-07-09, Candle 4479 | Date: 2025-07-09 | Close: 48.29
2025-07-09, Candle 4480 | Date: 2025-07-09 | Close: 48.22
2025-07-09, Candle 4481 | Date: 2025-07-09 | Close: 48.235
2025-07-09, Candle 4482 | Date: 2025-07-09 | Close: 48.2847
2025-07-09, Candle 4483 | Date: 2025-07-09 | Close: 48.31
2025-07-09, Candle 4484 | Date: 2025-07-09 | Close: 48.335
2025-07-09, Candle 4485 | Date: 2025-07-09 | Close: 48.35
2025-07-09, Candle 4486 | Date: 2025-07-09 | Close: 48.355
2025-07-09, Candle 4487 | Date: 2025-07-09 | Close: 48.37
2025-07-09, Candle 4488 | Date: 2025-07-09 | Close: 48.4
2025-07-09, Candle 4489 | Date: 2025-07-09 | Close: 48.37
2025-07-09, Candle 4490 | Date: 2025-07-09 | Close: 48.4151
2025-07-09, the Volume is True | the RSI is 71.10877008164294 Trend is True Nearliquidity True
2025-07-09, Candle 4491 | Date: 2025-07-09 | Close: 48.46
2025-07-09, Candle 4492 | Date: 2025-07-09 | Close: 48.435
2025-07-09, Candle 4493 | Date: 2025-07-09 | Close: 48.45
2025-07-09, Candle 4494 | Date: 2025-07-09 | Close: 48.5
2025-07-09, the Volume is True | the RSI is 85.71428571428571 Trend is True Nearliquidity True
2025-07-09, Candle 4495 | Date: 2025-07-09 | Close: 48.51
2025-07-09, the Volume is True | the RSI is 81.17578916883906 Trend is True Nearliquidity True
2025-07-09, Candle 4496 | Date: 2025-07-09 | Close: 48.5
2025-07-09, Candle 4497 | Date: 2025-07-09 | Close: 48.43
2025-07-09, Candle 4498 | Date: 2025-07-09 | Close: 48.505
2025-07-09, Candle 4499 | Date: 2025-07-09 | Close: 48.435
2025-07-09, Candle 4500 | Date: 2025-07-09 | Close: 48.42
2025-07-09, Candle 4501 | Date: 2025-07-09 | Close: 48.415
2025-07-09, Candle 4502 | Date: 2025-07-09 | Close: 48.3647
2025-07-09, Candle 4503 | Date: 2025-07-09 | Close: 48.34
2025-07-09, Candle 4504 | Date: 2025-07-09 | Close: 48.3767
2025-07-09, Candle 4505 | Date: 2025-07-09 | Close: 48.375
2025-07-09, Candle 4506 | Date: 2025-07-09 | Close: 48.345
2025-07-09, Candle 4507 | Date: 2025-07-09 | Close: 48.36
2025-07-09, Candle 4508 | Date: 2025-07-09 | Close: 48.39
2025-07-09, Candle 4509 | Date: 2025-07-09 | Close: 48.4
2025-07-09, Candle 4510 | Date: 2025-07-09 | Close: 48.515
2025-07-09, Candle 4511 | Date: 2025-07-09 | Close: 48.53685
2025-07-09, Candle 4512 | Date: 2025-07-09 | Close: 48.525
2025-07-09, Candle 4513 | Date: 2025-07-09 | Close: 48.5786
2025-07-09, Candle 4514 | Date: 2025-07-09 | Close: 48.57
2025-07-09, Candle 4515 | Date: 2025-07-09 | Close: 48.535
2025-07-09, the Volume is True | the RSI is 70.71428571428592 Trend is True Nearliquidity True
2025-07-09, Candle 4516 | Date: 2025-07-09 | Close: 48.53
2025-07-09, Candle 4517 | Date: 2025-07-09 | Close: 48.495
2025-07-09, Candle 4518 | Date: 2025-07-09 | Close: 48.53
2025-07-09, Candle 4519 | Date: 2025-07-09 | Close: 48.545
2025-07-09, Candle 4520 | Date: 2025-07-09 | Close: 48.55
2025-07-09, the Volume is True | the RSI is 75.581990278843 Trend is True Nearliquidity True
2025-07-09, Candle 4521 | Date: 2025-07-09 | Close: 48.56
2025-07-09, the Volume is True | the RSI is 71.56915610676569 Trend is True Nearliquidity True
2025-07-09, Candle 4522 | Date: 2025-07-09 | Close: 48.55
2025-07-09, the Volume is True | the RSI is 75.52796472499273 Trend is True Nearliquidity True
2025-07-09, Candle 4523 | Date: 2025-07-09 | Close: 48.62
2025-07-09, the Volume is True | the RSI is 76.6806722689063 Trend is True Nearliquidity True
2025-07-09, Candle 4524 | Date: 2025-07-09 | Close: 48.7563
2025-07-09, the Volume is True | the RSI is 80.61759029500818 Trend is True Nearliquidity True
2025-07-09, Candle 4525 | Date: 2025-07-09 | Close: 48.87
2025-07-09, the Volume is True | the RSI is 84.71087879777757 Trend is True Nearliquidity True
2025-07-09, Candle 4526 | Date: 2025-07-09 | Close: 48.95
2025-07-09, the Volume is True | the RSI is 83.82302108537735 Trend is True Nearliquidity True
2025-07-09, Candle 4527 | Date: 2025-07-09 | Close: 48.97
2025-07-09, Candle 4528 | Date: 2025-07-09 | Close: 49.1815
2025-07-09, SELL EXECUTED, Price: 49.22, Cost: 488.90, Comm 0.49
Trade closed. Gross PnL: 3.299999999999983, Net PnL (after commission): 2.318899999999983
2025-07-09, Candle 4529 | Date: 2025-07-09 | Close: 49.425
2025-07-09, Candle 4530 | Date: 2025-07-09 | Close: 49.49
2025-07-09, Candle 4531 | Date: 2025-07-09 | Close: 49.63
2025-07-09, Candle 4532 | Date: 2025-07-09 | Close: 49.53
2025-07-10, BUY EXECUTED, Price: 49.24, Cost: 492.40, Comm 0.49
2025-07-10, Candle 4533 | Date: 2025-07-10 | Close: 49.07
2025-07-10, Candle 4534 | Date: 2025-07-10 | Close: 49.09
2025-07-10, Candle 4535 | Date: 2025-07-10 | Close: 49.1264
2025-07-10, Candle 4536 | Date: 2025-07-10 | Close: 49.040001
2025-07-10, Candle 4537 | Date: 2025-07-10 | Close: 49.11
2025-07-10, Candle 4538 | Date: 2025-07-10 | Close: 49.099998
2025-07-10, Candle 4539 | Date: 2025-07-10 | Close: 49.13
2025-07-10, Candle 4540 | Date: 2025-07-10 | Close: 49.21
2025-07-10, Candle 4541 | Date: 2025-07-10 | Close: 49.25
2025-07-10, Candle 4542 | Date: 2025-07-10 | Close: 49.35
2025-07-10, Candle 4543 | Date: 2025-07-10 | Close: 49.2476
2025-07-10, Candle 4544 | Date: 2025-07-10 | Close: 49.1397
2025-07-10, Candle 4545 | Date: 2025-07-10 | Close: 49.205
2025-07-10, Candle 4546 | Date: 2025-07-10 | Close: 49.2833
2025-07-10, Candle 4547 | Date: 2025-07-10 | Close: 49.26
2025-07-10, Candle 4548 | Date: 2025-07-10 | Close: 49.26
2025-07-10, Candle 4549 | Date: 2025-07-10 | Close: 49.325
2025-07-10, Candle 4550 | Date: 2025-07-10 | Close: 49.35
2025-07-10, Candle 4551 | Date: 2025-07-10 | Close: 49.3286
2025-07-10, Candle 4552 | Date: 2025-07-10 | Close: 49.31
2025-07-10, Candle 4553 | Date: 2025-07-10 | Close: 49.2235
2025-07-10, Candle 4554 | Date: 2025-07-10 | Close: 49.375
2025-07-10, Candle 4555 | Date: 2025-07-10 | Close: 49.32
2025-07-10, Candle 4556 | Date: 2025-07-10 | Close: 49.38
2025-07-10, Candle 4557 | Date: 2025-07-10 | Close: 49.36
2025-07-10, Candle 4558 | Date: 2025-07-10 | Close: 49.355
2025-07-10, Candle 4559 | Date: 2025-07-10 | Close: 49.309
2025-07-10, Candle 4560 | Date: 2025-07-10 | Close: 49.35
2025-07-10, Candle 4561 | Date: 2025-07-10 | Close: 49.405
2025-07-10, Candle 4562 | Date: 2025-07-10 | Close: 49.415
2025-07-10, Candle 4563 | Date: 2025-07-10 | Close: 49.41
2025-07-10, Candle 4564 | Date: 2025-07-10 | Close: 49.435
2025-07-10, Candle 4565 | Date: 2025-07-10 | Close: 49.465
2025-07-10, Candle 4566 | Date: 2025-07-10 | Close: 49.57
2025-07-10, SELL EXECUTED, Price: 49.58, Cost: 492.40, Comm 0.50
Trade closed. Gross PnL: 3.399999999999963, Net PnL (after commission): 2.411799999999963
2025-07-10, Candle 4567 | Date: 2025-07-10 | Close: 49.81
2025-07-10, Candle 4568 | Date: 2025-07-10 | Close: 49.8647
2025-07-10, Candle 4569 | Date: 2025-07-10 | Close: 49.99
2025-07-10, Candle 4570 | Date: 2025-07-10 | Close: 49.99
2025-07-10, Candle 4571 | Date: 2025-07-10 | Close: 49.99
2025-07-10, Candle 4572 | Date: 2025-07-10 | Close: 49.9146
2025-07-10, Candle 4573 | Date: 2025-07-10 | Close: 49.955
2025-07-10, Candle 4574 | Date: 2025-07-10 | Close: 49.98
2025-07-10, Candle 4575 | Date: 2025-07-10 | Close: 49.985
2025-07-10, Candle 4576 | Date: 2025-07-10 | Close: 50.26
2025-07-10, Candle 4577 | Date: 2025-07-10 | Close: 50.325
2025-07-10, Candle 4578 | Date: 2025-07-10 | Close: 50.24
2025-07-10, Candle 4579 | Date: 2025-07-10 | Close: 50.325
2025-07-10, Candle 4580 | Date: 2025-07-10 | Close: 50.33
2025-07-10, Candle 4581 | Date: 2025-07-10 | Close: 50.41
2025-07-10, Candle 4582 | Date: 2025-07-10 | Close: 50.4481
2025-07-10, Candle 4583 | Date: 2025-07-10 | Close: 50.4251
2025-07-10, Candle 4584 | Date: 2025-07-10 | Close: 50.3741
2025-07-10, Candle 4585 | Date: 2025-07-10 | Close: 50.485
2025-07-10, Candle 4586 | Date: 2025-07-10 | Close: 50.465
2025-07-10, Candle 4587 | Date: 2025-07-10 | Close: 50.39
2025-07-10, Candle 4588 | Date: 2025-07-10 | Close: 50.305
2025-07-10, Candle 4589 | Date: 2025-07-10 | Close: 50.295
2025-07-10, Candle 4590 | Date: 2025-07-10 | Close: 50.36
2025-07-10, Candle 4591 | Date: 2025-07-10 | Close: 50.27
2025-07-10, Candle 4592 | Date: 2025-07-10 | Close: 50.2
2025-07-10, Candle 4593 | Date: 2025-07-10 | Close: 50.22
2025-07-10, Candle 4594 | Date: 2025-07-10 | Close: 50.155
2025-07-10, Candle 4595 | Date: 2025-07-10 | Close: 50.1381
2025-07-10, Candle 4596 | Date: 2025-07-10 | Close: 50.22
2025-07-10, Candle 4597 | Date: 2025-07-10 | Close: 50.285
2025-07-10, Candle 4598 | Date: 2025-07-10 | Close: 50.32
2025-07-10, Candle 4599 | Date: 2025-07-10 | Close: 50.37
2025-07-10, Candle 4600 | Date: 2025-07-10 | Close: 50.41
2025-07-10, Candle 4601 | Date: 2025-07-10 | Close: 50.415
2025-07-10, Candle 4602 | Date: 2025-07-10 | Close: 50.3901
2025-07-10, Candle 4603 | Date: 2025-07-10 | Close: 50.325
2025-07-10, Candle 4604 | Date: 2025-07-10 | Close: 50.28
2025-07-10, Candle 4605 | Date: 2025-07-10 | Close: 50.1833
2025-07-10, Candle 4606 | Date: 2025-07-10 | Close: 50.1799
2025-07-10, Candle 4607 | Date: 2025-07-10 | Close: 50.23
2025-07-10, Candle 4608 | Date: 2025-07-10 | Close: 50.18
2025-07-10, Candle 4609 | Date: 2025-07-10 | Close: 50.245
2025-07-10, Candle 4610 | Date: 2025-07-10 | Close: 50.26
2025-07-11, Candle 4611 | Date: 2025-07-11 | Close: 52.0121
2025-07-11, Candle 4612 | Date: 2025-07-11 | Close: 52.13
2025-07-11, Candle 4613 | Date: 2025-07-11 | Close: 52.0914
2025-07-11, Candle 4614 | Date: 2025-07-11 | Close: 52.17
2025-07-11, Candle 4615 | Date: 2025-07-11 | Close: 52.205
2025-07-11, Candle 4616 | Date: 2025-07-11 | Close: 52.32
2025-07-11, Candle 4617 | Date: 2025-07-11 | Close: 52.31
2025-07-11, Candle 4618 | Date: 2025-07-11 | Close: 52.23
2025-07-11, Candle 4619 | Date: 2025-07-11 | Close: 52.295
2025-07-11, Candle 4620 | Date: 2025-07-11 | Close: 52.22
2025-07-11, Candle 4621 | Date: 2025-07-11 | Close: 52.2601
2025-07-11, Candle 4622 | Date: 2025-07-11 | Close: 52.305
2025-07-11, Candle 4623 | Date: 2025-07-11 | Close: 52.35
2025-07-11, Candle 4624 | Date: 2025-07-11 | Close: 52.305
2025-07-11, Candle 4625 | Date: 2025-07-11 | Close: 52.3301
2025-07-11, Candle 4626 | Date: 2025-07-11 | Close: 52.33
2025-07-11, Candle 4627 | Date: 2025-07-11 | Close: 52.13
2025-07-11, Candle 4628 | Date: 2025-07-11 | Close: 52.25
2025-07-11, Candle 4629 | Date: 2025-07-11 | Close: 52.28
2025-07-11, Candle 4630 | Date: 2025-07-11 | Close: 52.25
2025-07-11, Candle 4631 | Date: 2025-07-11 | Close: 52.14
2025-07-11, Candle 4632 | Date: 2025-07-11 | Close: 52.215
2025-07-11, Candle 4633 | Date: 2025-07-11 | Close: 52.2
2025-07-11, Candle 4634 | Date: 2025-07-11 | Close: 52.2
2025-07-11, Candle 4635 | Date: 2025-07-11 | Close: 52.060001
2025-07-11, Candle 4636 | Date: 2025-07-11 | Close: 52.084999
2025-07-11, Candle 4637 | Date: 2025-07-11 | Close: 52.050098
2025-07-11, Candle 4638 | Date: 2025-07-11 | Close: 51.93
2025-07-11, Candle 4639 | Date: 2025-07-11 | Close: 51.8
2025-07-11, BUY EXECUTED, Price: 51.80, Cost: 517.95, Comm 0.52
2025-07-11, Candle 4640 | Date: 2025-07-11 | Close: 51.785
2025-07-11, Candle 4641 | Date: 2025-07-11 | Close: 51.8352
2025-07-11, Candle 4642 | Date: 2025-07-11 | Close: 51.7207
2025-07-11, Candle 4643 | Date: 2025-07-11 | Close: 51.78
2025-07-11, Candle 4644 | Date: 2025-07-11 | Close: 51.7147
2025-07-11, Candle 4645 | Date: 2025-07-11 | Close: 51.95
2025-07-11, Candle 4646 | Date: 2025-07-11 | Close: 52.0
2025-07-11, Candle 4647 | Date: 2025-07-11 | Close: 52.025002
2025-07-11, Candle 4648 | Date: 2025-07-11 | Close: 52.058998
2025-07-11, SELL EXECUTED, Price: 52.07, Cost: 517.95, Comm 0.52
Trade closed. Gross PnL: 2.749999999999986, Net PnL (after commission): 1.7113499999999857
2025-07-11, Candle 4649 | Date: 2025-07-11 | Close: 52.02
2025-07-11, Candle 4650 | Date: 2025-07-11 | Close: 51.98
2025-07-11, Candle 4651 | Date: 2025-07-11 | Close: 52.07
2025-07-11, Candle 4652 | Date: 2025-07-11 | Close: 52.064999
2025-07-11, Candle 4653 | Date: 2025-07-11 | Close: 52.099998
2025-07-11, Candle 4654 | Date: 2025-07-11 | Close: 52.2
2025-07-11, Candle 4655 | Date: 2025-07-11 | Close: 52.099998
2025-07-11, Candle 4656 | Date: 2025-07-11 | Close: 52.115
2025-07-11, Candle 4657 | Date: 2025-07-11 | Close: 52.11
2025-07-11, Candle 4658 | Date: 2025-07-11 | Close: 52.109
2025-07-11, Candle 4659 | Date: 2025-07-11 | Close: 52.058998
2025-07-11, BUY EXECUTED, Price: 52.06, Cost: 520.60, Comm 0.52
2025-07-11, Candle 4660 | Date: 2025-07-11 | Close: 52.0050011
2025-07-11, Candle 4661 | Date: 2025-07-11 | Close: 52.040001
2025-07-11, Candle 4662 | Date: 2025-07-11 | Close: 52.115
2025-07-11, Candle 4663 | Date: 2025-07-11 | Close: 52.15
2025-07-11, Candle 4664 | Date: 2025-07-11 | Close: 52.1599
2025-07-11, Candle 4665 | Date: 2025-07-11 | Close: 52.155
2025-07-11, Candle 4666 | Date: 2025-07-11 | Close: 52.13
2025-07-11, Candle 4667 | Date: 2025-07-11 | Close: 52.11
2025-07-11, Candle 4668 | Date: 2025-07-11 | Close: 52.098202
2025-07-11, Candle 4669 | Date: 2025-07-11 | Close: 52.13
2025-07-11, Candle 4670 | Date: 2025-07-11 | Close: 52.02
2025-07-11, Candle 4671 | Date: 2025-07-11 | Close: 52.095001
2025-07-11, Candle 4672 | Date: 2025-07-11 | Close: 52.080002
2025-07-11, Candle 4673 | Date: 2025-07-11 | Close: 52.13
2025-07-11, Candle 4674 | Date: 2025-07-11 | Close: 52.099998
2025-07-11, Candle 4675 | Date: 2025-07-11 | Close: 52.1999
2025-07-11, Candle 4676 | Date: 2025-07-11 | Close: 52.185
2025-07-11, Candle 4677 | Date: 2025-07-11 | Close: 52.13
2025-07-11, Candle 4678 | Date: 2025-07-11 | Close: 52.15
2025-07-11, Candle 4679 | Date: 2025-07-11 | Close: 52.2047
2025-07-11, Candle 4680 | Date: 2025-07-11 | Close: 52.33
2025-07-11, SELL EXECUTED, Price: 52.33, Cost: 520.60, Comm 0.52
Trade closed. Gross PnL: 2.6999899999999855, Net PnL (after commission): 1.6560899899999855
2025-07-11, Candle 4681 | Date: 2025-07-11 | Close: 52.36
2025-07-11, Candle 4682 | Date: 2025-07-11 | Close: 52.27
2025-07-11, Candle 4683 | Date: 2025-07-11 | Close: 52.25
2025-07-11, Candle 4684 | Date: 2025-07-11 | Close: 52.26
2025-07-11, Candle 4685 | Date: 2025-07-11 | Close: 52.25
2025-07-11, Candle 4686 | Date: 2025-07-11 | Close: 52.275
2025-07-11, Candle 4687 | Date: 2025-07-11 | Close: 52.31
2025-07-11, BUY EXECUTED, Price: 52.33, Cost: 523.30, Comm 0.52
2025-07-11, Candle 4688 | Date: 2025-07-11 | Close: 52.385
2025-07-14, Candle 4689 | Date: 2025-07-14 | Close: 53.76
2025-07-14, SELL EXECUTED, Price: 53.74, Cost: 523.30, Comm 0.54
Trade closed. Gross PnL: 14.100000000000037, Net PnL (after commission): 13.039300000000036
2025-07-14, Candle 4690 | Date: 2025-07-14 | Close: 53.86
2025-07-14, Candle 4691 | Date: 2025-07-14 | Close: 53.98
2025-07-14, Candle 4692 | Date: 2025-07-14 | Close: 54.054699
2025-07-14, Candle 4693 | Date: 2025-07-14 | Close: 54.12
2025-07-14, Candle 4694 | Date: 2025-07-14 | Close: 53.94
2025-07-14, Candle 4695 | Date: 2025-07-14 | Close: 53.982
2025-07-14, Candle 4696 | Date: 2025-07-14 | Close: 53.92
2025-07-14, Candle 4697 | Date: 2025-07-14 | Close: 53.9798
2025-07-14, Candle 4698 | Date: 2025-07-14 | Close: 54.0099983
2025-07-14, Candle 4699 | Date: 2025-07-14 | Close: 53.81
2025-07-14, Candle 4700 | Date: 2025-07-14 | Close: 53.85
2025-07-14, Candle 4701 | Date: 2025-07-14 | Close: 53.61
2025-07-14, Candle 4702 | Date: 2025-07-14 | Close: 53.57
2025-07-14, Candle 4703 | Date: 2025-07-14 | Close: 53.595
2025-07-14, Candle 4704 | Date: 2025-07-14 | Close: 53.46
2025-07-14, Candle 4705 | Date: 2025-07-14 | Close: 53.63
2025-07-14, Candle 4706 | Date: 2025-07-14 | Close: 53.71
2025-07-14, Candle 4707 | Date: 2025-07-14 | Close: 53.59
2025-07-14, Candle 4708 | Date: 2025-07-14 | Close: 53.42
2025-07-14, Candle 4709 | Date: 2025-07-14 | Close: 53.4947
2025-07-14, Candle 4710 | Date: 2025-07-14 | Close: 53.385
2025-07-14, Candle 4711 | Date: 2025-07-14 | Close: 53.35
2025-07-14, Candle 4712 | Date: 2025-07-14 | Close: 53.34
2025-07-14, Candle 4713 | Date: 2025-07-14 | Close: 53.25
2025-07-14, Candle 4714 | Date: 2025-07-14 | Close: 53.2221
2025-07-14, Candle 4715 | Date: 2025-07-14 | Close: 53.235
2025-07-14, Candle 4716 | Date: 2025-07-14 | Close: 53.07
2025-07-14, Candle 4717 | Date: 2025-07-14 | Close: 53.025002
2025-07-14, Candle 4718 | Date: 2025-07-14 | Close: 53.1132
2025-07-14, Candle 4719 | Date: 2025-07-14 | Close: 53.1033
2025-07-14, Candle 4720 | Date: 2025-07-14 | Close: 53.023399
2025-07-14, Candle 4721 | Date: 2025-07-14 | Close: 52.885
2025-07-14, Candle 4722 | Date: 2025-07-14 | Close: 52.87
2025-07-14, BUY EXECUTED, Price: 52.87, Cost: 528.71, Comm 0.53
2025-07-14, Candle 4723 | Date: 2025-07-14 | Close: 53.069901
2025-07-14, Candle 4724 | Date: 2025-07-14 | Close: 53.2
2025-07-14, SELL EXECUTED, Price: 53.20, Cost: 528.71, Comm 0.53
Trade closed. Gross PnL: 3.293000000000035, Net PnL (after commission): 2.232293000000035
2025-07-14, Candle 4725 | Date: 2025-07-14 | Close: 53.12
2025-07-14, BUY EXECUTED, Price: 53.18, Cost: 531.80, Comm 0.53
2025-07-14, Candle 4726 | Date: 2025-07-14 | Close: 53.13
2025-07-14, Candle 4727 | Date: 2025-07-14 | Close: 53.12
2025-07-14, Candle 4728 | Date: 2025-07-14 | Close: 53.175
2025-07-14, Candle 4729 | Date: 2025-07-14 | Close: 53.27
2025-07-14, Candle 4730 | Date: 2025-07-14 | Close: 53.32
2025-07-14, Candle 4731 | Date: 2025-07-14 | Close: 53.369
2025-07-14, Candle 4732 | Date: 2025-07-14 | Close: 53.42
2025-07-14, Candle 4733 | Date: 2025-07-14 | Close: 53.405
2025-07-14, Candle 4734 | Date: 2025-07-14 | Close: 53.36
2025-07-14, the Volume is True | the RSI is 73.14285714285646 Trend is True Nearliquidity True
2025-07-14, Candle 4735 | Date: 2025-07-14 | Close: 53.29
2025-07-14, the Volume is True | the RSI is 71.91011235954988 Trend is True Nearliquidity True
2025-07-14, Candle 4736 | Date: 2025-07-14 | Close: 53.26
2025-07-14, Candle 4737 | Date: 2025-07-14 | Close: 53.215
2025-07-14, Candle 4738 | Date: 2025-07-14 | Close: 53.1267
2025-07-14, Candle 4739 | Date: 2025-07-14 | Close: 53.15
2025-07-14, Candle 4740 | Date: 2025-07-14 | Close: 53.16
2025-07-14, Candle 4741 | Date: 2025-07-14 | Close: 53.11
2025-07-14, Candle 4742 | Date: 2025-07-14 | Close: 53.1353
2025-07-14, Candle 4743 | Date: 2025-07-14 | Close: 53.13
2025-07-14, Candle 4744 | Date: 2025-07-14 | Close: 53.0867
2025-07-14, Candle 4745 | Date: 2025-07-14 | Close: 53.099998
2025-07-14, Candle 4746 | Date: 2025-07-14 | Close: 53.13
2025-07-14, Candle 4747 | Date: 2025-07-14 | Close: 53.2399
2025-07-14, Candle 4748 | Date: 2025-07-14 | Close: 53.2493
2025-07-14, Candle 4749 | Date: 2025-07-14 | Close: 53.24
2025-07-14, Candle 4750 | Date: 2025-07-14 | Close: 53.145
2025-07-14, Candle 4751 | Date: 2025-07-14 | Close: 53.135
2025-07-14, Candle 4752 | Date: 2025-07-14 | Close: 53.080002
2025-07-14, Candle 4753 | Date: 2025-07-14 | Close: 53.044998
2025-07-14, Candle 4754 | Date: 2025-07-14 | Close: 53.029999
2025-07-14, Candle 4755 | Date: 2025-07-14 | Close: 53.12
2025-07-14, Candle 4756 | Date: 2025-07-14 | Close: 53.2
2025-07-14, Candle 4757 | Date: 2025-07-14 | Close: 53.099998
2025-07-14, Candle 4758 | Date: 2025-07-14 | Close: 53.055
2025-07-14, Candle 4759 | Date: 2025-07-14 | Close: 53.029999
2025-07-14, Candle 4760 | Date: 2025-07-14 | Close: 53.064999
2025-07-14, Candle 4761 | Date: 2025-07-14 | Close: 53.18
2025-07-14, Candle 4762 | Date: 2025-07-14 | Close: 53.060001
2025-07-14, Candle 4763 | Date: 2025-07-14 | Close: 53.080002
2025-07-14, Candle 4764 | Date: 2025-07-14 | Close: 53.044998
2025-07-14, Candle 4765 | Date: 2025-07-14 | Close: 53.195
2025-07-14, Candle 4766 | Date: 2025-07-14 | Close: 53.15
2025-07-15, Candle 4767 | Date: 2025-07-15 | Close: 52.31
2025-07-15, Candle 4768 | Date: 2025-07-15 | Close: 52.15
2025-07-15, Candle 4769 | Date: 2025-07-15 | Close: 52.44
2025-07-15, Candle 4770 | Date: 2025-07-15 | Close: 52.42
2025-07-15, Candle 4771 | Date: 2025-07-15 | Close: 52.3297
2025-07-15, Candle 4772 | Date: 2025-07-15 | Close: 52.335
2025-07-15, Candle 4773 | Date: 2025-07-15 | Close: 52.34
2025-07-15, Candle 4774 | Date: 2025-07-15 | Close: 52.5
2025-07-15, Candle 4775 | Date: 2025-07-15 | Close: 52.49
2025-07-15, Candle 4776 | Date: 2025-07-15 | Close: 52.29
2025-07-15, Candle 4777 | Date: 2025-07-15 | Close: 52.21
2025-07-15, Candle 4778 | Date: 2025-07-15 | Close: 52.1251
2025-07-15, Candle 4779 | Date: 2025-07-15 | Close: 52.0
2025-07-15, Candle 4780 | Date: 2025-07-15 | Close: 51.885
2025-07-15, Candle 4781 | Date: 2025-07-15 | Close: 51.86
2025-07-15, Candle 4782 | Date: 2025-07-15 | Close: 51.79
2025-07-15, Candle 4783 | Date: 2025-07-15 | Close: 51.47
2025-07-15, Candle 4784 | Date: 2025-07-15 | Close: 51.41
2025-07-15, Candle 4785 | Date: 2025-07-15 | Close: 51.4585
2025-07-15, Candle 4786 | Date: 2025-07-15 | Close: 51.48
2025-07-15, Candle 4787 | Date: 2025-07-15 | Close: 51.47
2025-07-15, Candle 4788 | Date: 2025-07-15 | Close: 51.54
2025-07-15, Candle 4789 | Date: 2025-07-15 | Close: 51.3696
2025-07-15, Candle 4790 | Date: 2025-07-15 | Close: 51.5
2025-07-15, Candle 4791 | Date: 2025-07-15 | Close: 51.53
2025-07-15, Candle 4792 | Date: 2025-07-15 | Close: 51.5601
2025-07-15, Candle 4793 | Date: 2025-07-15 | Close: 51.52
2025-07-15, Candle 4794 | Date: 2025-07-15 | Close: 51.6852
2025-07-15, Candle 4795 | Date: 2025-07-15 | Close: 51.67
2025-07-15, Candle 4796 | Date: 2025-07-15 | Close: 51.6049
2025-07-15, Candle 4797 | Date: 2025-07-15 | Close: 51.719
2025-07-15, Candle 4798 | Date: 2025-07-15 | Close: 51.88
2025-07-15, Candle 4799 | Date: 2025-07-15 | Close: 51.85
2025-07-15, Candle 4800 | Date: 2025-07-15 | Close: 51.73
2025-07-15, Candle 4801 | Date: 2025-07-15 | Close: 51.835
2025-07-15, Candle 4802 | Date: 2025-07-15 | Close: 51.8077
2025-07-15, Candle 4803 | Date: 2025-07-15 | Close: 51.905
2025-07-15, Candle 4804 | Date: 2025-07-15 | Close: 52.0
2025-07-15, Candle 4805 | Date: 2025-07-15 | Close: 52.15
2025-07-15, Candle 4806 | Date: 2025-07-15 | Close: 52.080002
2025-07-15, Candle 4807 | Date: 2025-07-15 | Close: 52.029999
2025-07-15, Candle 4808 | Date: 2025-07-15 | Close: 51.935
2025-07-15, Candle 4809 | Date: 2025-07-15 | Close: 51.99
2025-07-15, Candle 4810 | Date: 2025-07-15 | Close: 51.96
2025-07-15, Candle 4811 | Date: 2025-07-15 | Close: 51.98
2025-07-15, Candle 4812 | Date: 2025-07-15 | Close: 52.031898
2025-07-15, Candle 4813 | Date: 2025-07-15 | Close: 52.060001
2025-07-15, Candle 4814 | Date: 2025-07-15 | Close: 52.07
2025-07-15, Candle 4815 | Date: 2025-07-15 | Close: 51.97
2025-07-15, Candle 4816 | Date: 2025-07-15 | Close: 52.035
2025-07-15, Candle 4817 | Date: 2025-07-15 | Close: 52.07
2025-07-15, Candle 4818 | Date: 2025-07-15 | Close: 52.049999
2025-07-15, Candle 4819 | Date: 2025-07-15 | Close: 52.080002
2025-07-15, Candle 4820 | Date: 2025-07-15 | Close: 52.059898
2025-07-15, Candle 4821 | Date: 2025-07-15 | Close: 52.0099983
2025-07-15, Candle 4822 | Date: 2025-07-15 | Close: 51.955
2025-07-15, Candle 4823 | Date: 2025-07-15 | Close: 51.94
2025-07-15, Candle 4824 | Date: 2025-07-15 | Close: 51.9351
2025-07-15, Candle 4825 | Date: 2025-07-15 | Close: 51.91
2025-07-15, Candle 4826 | Date: 2025-07-15 | Close: 51.79
2025-07-15, Candle 4827 | Date: 2025-07-15 | Close: 51.68
2025-07-15, Candle 4828 | Date: 2025-07-15 | Close: 51.55
2025-07-15, Candle 4829 | Date: 2025-07-15 | Close: 51.6199
2025-07-15, Candle 4830 | Date: 2025-07-15 | Close: 51.7
2025-07-15, Candle 4831 | Date: 2025-07-15 | Close: 51.8
2025-07-15, Candle 4832 | Date: 2025-07-15 | Close: 51.75
2025-07-15, Candle 4833 | Date: 2025-07-15 | Close: 51.85
2025-07-15, Candle 4834 | Date: 2025-07-15 | Close: 51.88
2025-07-15, Candle 4835 | Date: 2025-07-15 | Close: 51.88
2025-07-15, Candle 4836 | Date: 2025-07-15 | Close: 51.8999
2025-07-15, Candle 4837 | Date: 2025-07-15 | Close: 51.85
2025-07-15, Candle 4838 | Date: 2025-07-15 | Close: 51.78
2025-07-15, Candle 4839 | Date: 2025-07-15 | Close: 51.72
2025-07-15, Candle 4840 | Date: 2025-07-15 | Close: 51.6817
2025-07-15, Candle 4841 | Date: 2025-07-15 | Close: 51.635
2025-07-15, Candle 4842 | Date: 2025-07-15 | Close: 51.57
2025-07-15, Candle 4843 | Date: 2025-07-15 | Close: 51.6
2025-07-15, Candle 4844 | Date: 2025-07-15 | Close: 51.59
2025-07-16, Candle 4845 | Date: 2025-07-16 | Close: 52.72
2025-07-16, Candle 4846 | Date: 2025-07-16 | Close: 52.56
2025-07-16, Candle 4847 | Date: 2025-07-16 | Close: 52.44
2025-07-16, Candle 4848 | Date: 2025-07-16 | Close: 52.47
2025-07-16, Candle 4849 | Date: 2025-07-16 | Close: 52.4547
2025-07-16, Candle 4850 | Date: 2025-07-16 | Close: 52.595
2025-07-16, Candle 4851 | Date: 2025-07-16 | Close: 52.63
2025-07-16, Candle 4852 | Date: 2025-07-16 | Close: 52.52
2025-07-16, Candle 4853 | Date: 2025-07-16 | Close: 52.46
2025-07-16, Candle 4854 | Date: 2025-07-16 | Close: 52.4809
2025-07-16, Candle 4855 | Date: 2025-07-16 | Close: 52.47
2025-07-16, Candle 4856 | Date: 2025-07-16 | Close: 52.52
2025-07-16, Candle 4857 | Date: 2025-07-16 | Close: 52.48
2025-07-16, Candle 4858 | Date: 2025-07-16 | Close: 52.46
2025-07-16, Candle 4859 | Date: 2025-07-16 | Close: 52.58
2025-07-16, Candle 4860 | Date: 2025-07-16 | Close: 52.77
2025-07-16, Candle 4861 | Date: 2025-07-16 | Close: 52.6501
2025-07-16, Candle 4862 | Date: 2025-07-16 | Close: 52.76
2025-07-16, Candle 4863 | Date: 2025-07-16 | Close: 52.91
2025-07-16, Candle 4864 | Date: 2025-07-16 | Close: 53.07
2025-07-16, Candle 4865 | Date: 2025-07-16 | Close: 52.86
2025-07-16, Candle 4866 | Date: 2025-07-16 | Close: 52.89
2025-07-16, Candle 4867 | Date: 2025-07-16 | Close: 52.87
2025-07-16, Candle 4868 | Date: 2025-07-16 | Close: 53.0099983
2025-07-16, Candle 4869 | Date: 2025-07-16 | Close: 52.81
2025-07-16, Candle 4870 | Date: 2025-07-16 | Close: 52.62
2025-07-16, Candle 4871 | Date: 2025-07-16 | Close: 52.77
2025-07-16, Candle 4872 | Date: 2025-07-16 | Close: 52.88
2025-07-16, Candle 4873 | Date: 2025-07-16 | Close: 52.89
2025-07-16, Candle 4874 | Date: 2025-07-16 | Close: 52.78
2025-07-16, Candle 4875 | Date: 2025-07-16 | Close: 52.63
2025-07-16, Candle 4876 | Date: 2025-07-16 | Close: 52.54
2025-07-16, Candle 4877 | Date: 2025-07-16 | Close: 52.65
2025-07-16, Candle 4878 | Date: 2025-07-16 | Close: 52.69
2025-07-16, Candle 4879 | Date: 2025-07-16 | Close: 52.84
2025-07-16, Candle 4880 | Date: 2025-07-16 | Close: 52.82
2025-07-16, Candle 4881 | Date: 2025-07-16 | Close: 52.84
2025-07-16, Candle 4882 | Date: 2025-07-16 | Close: 52.84
2025-07-16, Candle 4883 | Date: 2025-07-16 | Close: 52.79
2025-07-16, Candle 4884 | Date: 2025-07-16 | Close: 52.8
2025-07-16, Candle 4885 | Date: 2025-07-16 | Close: 52.87
2025-07-16, Candle 4886 | Date: 2025-07-16 | Close: 52.9
2025-07-16, Candle 4887 | Date: 2025-07-16 | Close: 52.88
2025-07-16, Candle 4888 | Date: 2025-07-16 | Close: 52.8999
2025-07-16, Candle 4889 | Date: 2025-07-16 | Close: 52.855
2025-07-16, Candle 4890 | Date: 2025-07-16 | Close: 52.9353
2025-07-16, Candle 4891 | Date: 2025-07-16 | Close: 53.0077019
2025-07-16, the Volume is True | the RSI is 78.91531898199523 Trend is True Nearliquidity True
2025-07-16, Candle 4892 | Date: 2025-07-16 | Close: 53.060001
2025-07-16, the Volume is True | the RSI is 73.0092036814716 Trend is True Nearliquidity True
2025-07-16, Candle 4893 | Date: 2025-07-16 | Close: 53.07
2025-07-16, the Volume is True | the RSI is 70.19994190084188 Trend is True Nearliquidity True
2025-07-16, Candle 4894 | Date: 2025-07-16 | Close: 53.029999
2025-07-16, Candle 4895 | Date: 2025-07-16 | Close: 52.89
2025-07-16, Candle 4896 | Date: 2025-07-16 | Close: 52.91
2025-07-16, Candle 4897 | Date: 2025-07-16 | Close: 52.79
2025-07-16, Candle 4898 | Date: 2025-07-16 | Close: 52.78
2025-07-16, Candle 4899 | Date: 2025-07-16 | Close: 52.82
2025-07-16, Candle 4900 | Date: 2025-07-16 | Close: 52.97
2025-07-16, Candle 4901 | Date: 2025-07-16 | Close: 52.915
2025-07-16, Candle 4902 | Date: 2025-07-16 | Close: 52.86
2025-07-16, Candle 4903 | Date: 2025-07-16 | Close: 52.88
2025-07-16, Candle 4904 | Date: 2025-07-16 | Close: 52.87
2025-07-16, Candle 4905 | Date: 2025-07-16 | Close: 53.043301
2025-07-16, Candle 4906 | Date: 2025-07-16 | Close: 53.029999
2025-07-16, Candle 4907 | Date: 2025-07-16 | Close: 53.095001
2025-07-16, Candle 4908 | Date: 2025-07-16 | Close: 53.13
2025-07-16, Candle 4909 | Date: 2025-07-16 | Close: 53.029999
2025-07-16, Candle 4910 | Date: 2025-07-16 | Close: 53.0
2025-07-16, Candle 4911 | Date: 2025-07-16 | Close: 53.02
2025-07-16, Candle 4912 | Date: 2025-07-16 | Close: 52.96
2025-07-16, Candle 4913 | Date: 2025-07-16 | Close: 52.85
2025-07-16, Candle 4914 | Date: 2025-07-16 | Close: 52.8719
2025-07-16, Candle 4915 | Date: 2025-07-16 | Close: 52.89
2025-07-16, Candle 4916 | Date: 2025-07-16 | Close: 52.84
2025-07-16, Candle 4917 | Date: 2025-07-16 | Close: 52.715
2025-07-16, Candle 4918 | Date: 2025-07-16 | Close: 52.71
2025-07-16, Candle 4919 | Date: 2025-07-16 | Close: 52.72
2025-07-16, Candle 4920 | Date: 2025-07-16 | Close: 52.81
2025-07-16, Candle 4921 | Date: 2025-07-16 | Close: 52.86
2025-07-16, Candle 4922 | Date: 2025-07-16 | Close: 52.87
2025-07-17, Candle 4923 | Date: 2025-07-17 | Close: 52.14
2025-07-17, Candle 4924 | Date: 2025-07-17 | Close: 52.3
2025-07-17, Candle 4925 | Date: 2025-07-17 | Close: 52.14
2025-07-17, Candle 4926 | Date: 2025-07-17 | Close: 52.2707
2025-07-17, Candle 4927 | Date: 2025-07-17 | Close: 52.455
2025-07-17, Candle 4928 | Date: 2025-07-17 | Close: 52.435
2025-07-17, Candle 4929 | Date: 2025-07-17 | Close: 52.49
2025-07-17, Candle 4930 | Date: 2025-07-17 | Close: 52.46
2025-07-17, Candle 4931 | Date: 2025-07-17 | Close: 52.49
2025-07-17, Candle 4932 | Date: 2025-07-17 | Close: 52.48
2025-07-17, Candle 4933 | Date: 2025-07-17 | Close: 52.5355
2025-07-17, Candle 4934 | Date: 2025-07-17 | Close: 52.63
2025-07-17, Candle 4935 | Date: 2025-07-17 | Close: 52.7
2025-07-17, Candle 4936 | Date: 2025-07-17 | Close: 52.645
2025-07-17, Candle 4937 | Date: 2025-07-17 | Close: 52.57
2025-07-17, Candle 4938 | Date: 2025-07-17 | Close: 52.61
2025-07-17, Candle 4939 | Date: 2025-07-17 | Close: 52.67
2025-07-17, Candle 4940 | Date: 2025-07-17 | Close: 52.65
2025-07-17, Candle 4941 | Date: 2025-07-17 | Close: 52.6248
2025-07-17, Candle 4942 | Date: 2025-07-17 | Close: 52.55
2025-07-17, Candle 4943 | Date: 2025-07-17 | Close: 52.52
2025-07-17, Candle 4944 | Date: 2025-07-17 | Close: 52.56
2025-07-17, Candle 4945 | Date: 2025-07-17 | Close: 52.59
2025-07-17, Candle 4946 | Date: 2025-07-17 | Close: 52.5504
2025-07-17, Candle 4947 | Date: 2025-07-17 | Close: 52.6
2025-07-17, Candle 4948 | Date: 2025-07-17 | Close: 52.67
2025-07-17, Candle 4949 | Date: 2025-07-17 | Close: 52.8
2025-07-17, Candle 4950 | Date: 2025-07-17 | Close: 52.73
2025-07-17, Candle 4951 | Date: 2025-07-17 | Close: 52.75
2025-07-17, Candle 4952 | Date: 2025-07-17 | Close: 52.71
2025-07-17, Candle 4953 | Date: 2025-07-17 | Close: 52.6818
2025-07-17, Candle 4954 | Date: 2025-07-17 | Close: 52.6549
2025-07-17, Candle 4955 | Date: 2025-07-17 | Close: 52.6
2025-07-17, Candle 4956 | Date: 2025-07-17 | Close: 52.58
2025-07-17, Candle 4957 | Date: 2025-07-17 | Close: 52.62
2025-07-17, Candle 4958 | Date: 2025-07-17 | Close: 52.56
2025-07-17, Candle 4959 | Date: 2025-07-17 | Close: 52.51
2025-07-17, Candle 4960 | Date: 2025-07-17 | Close: 52.4947
2025-07-17, Candle 4961 | Date: 2025-07-17 | Close: 52.5
2025-07-17, Candle 4962 | Date: 2025-07-17 | Close: 52.495
2025-07-17, Candle 4963 | Date: 2025-07-17 | Close: 52.51
2025-07-17, Candle 4964 | Date: 2025-07-17 | Close: 52.5242
2025-07-17, Candle 4965 | Date: 2025-07-17 | Close: 52.65
2025-07-17, Candle 4966 | Date: 2025-07-17 | Close: 52.74
2025-07-17, Candle 4967 | Date: 2025-07-17 | Close: 52.72
2025-07-17, Candle 4968 | Date: 2025-07-17 | Close: 52.675
2025-07-17, Candle 4969 | Date: 2025-07-17 | Close: 52.63
2025-07-17, Candle 4970 | Date: 2025-07-17 | Close: 52.64
2025-07-17, Candle 4971 | Date: 2025-07-17 | Close: 52.66
2025-07-17, Candle 4972 | Date: 2025-07-17 | Close: 52.555
2025-07-17, Candle 4973 | Date: 2025-07-17 | Close: 52.6107
2025-07-17, the Volume is True | the RSI is 70.28231797919769 Trend is True Nearliquidity True
2025-07-17, Candle 4974 | Date: 2025-07-17 | Close: 52.795
2025-07-17, Candle 4975 | Date: 2025-07-17 | Close: 52.78
2025-07-17, the Volume is True | the RSI is 73.71428571428585 Trend is True Nearliquidity True
2025-07-17, Candle 4976 | Date: 2025-07-17 | Close: 52.91
2025-07-17, the Volume is True | the RSI is 73.86363636363659 Trend is True Nearliquidity True
2025-07-17, Candle 4977 | Date: 2025-07-17 | Close: 52.93
2025-07-17, the Volume is True | the RSI is 74.03477082862972 Trend is True Nearliquidity True
2025-07-17, Candle 4978 | Date: 2025-07-17 | Close: 52.95
2025-07-17, Candle 4979 | Date: 2025-07-17 | Close: 52.87
2025-07-17, Candle 4980 | Date: 2025-07-17 | Close: 52.95
2025-07-17, Candle 4981 | Date: 2025-07-17 | Close: 53.040001
2025-07-17, the Volume is True | the RSI is 72.63484042761144 Trend is True Nearliquidity True
2025-07-17, Candle 4982 | Date: 2025-07-17 | Close: 53.080299
2025-07-17, Candle 4983 | Date: 2025-07-17 | Close: 53.11
2025-07-17, the Volume is True | the RSI is 77.27272727272702 Trend is True Nearliquidity True
2025-07-17, Candle 4984 | Date: 2025-07-17 | Close: 53.12
2025-07-17, the Volume is True | the RSI is 74.01584163301378 Trend is True Nearliquidity True
2025-07-17, Candle 4985 | Date: 2025-07-17 | Close: 53.088299
2025-07-17, Candle 4986 | Date: 2025-07-17 | Close: 53.02
2025-07-17, the Volume is True | the RSI is 76.34350683854619 Trend is True Nearliquidity True
2025-07-17, Candle 4987 | Date: 2025-07-17 | Close: 53.044998
2025-07-17, Candle 4988 | Date: 2025-07-17 | Close: 53.040001
2025-07-17, the Volume is True | the RSI is 73.57163061397644 Trend is True Nearliquidity True
2025-07-17, Candle 4989 | Date: 2025-07-17 | Close: 53.11
2025-07-17, Candle 4990 | Date: 2025-07-17 | Close: 53.13
2025-07-17, Candle 4991 | Date: 2025-07-17 | Close: 53.13
2025-07-17, Candle 4992 | Date: 2025-07-17 | Close: 53.14
2025-07-17, the Volume is True | the RSI is 72.11536242586504 Trend is True Nearliquidity True
2025-07-17, Candle 4993 | Date: 2025-07-17 | Close: 53.099998
2025-07-17, Candle 4994 | Date: 2025-07-17 | Close: 53.060001
2025-07-17, Candle 4995 | Date: 2025-07-17 | Close: 53.050098
2025-07-17, Candle 4996 | Date: 2025-07-17 | Close: 53.029999
2025-07-17, Candle 4997 | Date: 2025-07-17 | Close: 52.97
2025-07-17, Candle 4998 | Date: 2025-07-17 | Close: 52.87
2025-07-17, Candle 4999 | Date: 2025-07-17 | Close: 52.8047
2025-07-17, Candle 5000 | Date: 2025-07-17 | Close: 52.72
Final Portfolio Value: 10102.949608936004
